

Execute the playbooks (full mode)


**** Executing playbook sshknownhosts.yml (full mode) ****


PLAY [all] *********************************************************************

TASK [Gathering Facts] *********************************************************
ok: [centos7.workstation.rotthoff.home]
ok: [localhost]

TASK [mdrotthoff.sshknownhosts : Ensure the target file exists] ****************
included: /home/mdrotthoff/workspaces/mdrotthoff.ansible/ansible/roles/mdrotthoff.sshknownhosts/tasks/create-output-file.yml for localhost, centos7.workstation.rotthoff.home

TASK [mdrotthoff.sshknownhosts : Ensure the known host directory exists] *******
ok: [localhost]
ok: [centos7.workstation.rotthoff.home]

TASK [mdrotthoff.sshknownhosts : Ensure the known host file exists] ************
ok: [localhost]
ok: [centos7.workstation.rotthoff.home]

TASK [mdrotthoff.sshknownhosts : Ensure the known host file ownership and permissions are correct] ***
ok: [localhost]
ok: [centos7.workstation.rotthoff.home]

TASK [mdrotthoff.sshknownhosts : Set the host named to be used for the entry] ***
ok: [localhost]
ok: [centos7.workstation.rotthoff.home]

TASK [mdrotthoff.sshknownhosts : Add specified aliases to the host alias list if requested] ***
ok: [localhost]
ok: [centos7.workstation.rotthoff.home]

TASK [mdrotthoff.sshknownhosts : Add IPv4 address to the host alias list if requested] ***
ok: [localhost]
ok: [centos7.workstation.rotthoff.home]

TASK [mdrotthoff.sshknownhosts : Add IPv6 address to the host alias list if requested] ***
ok: [localhost]
ok: [centos7.workstation.rotthoff.home]

TASK [mdrotthoff.sshknownhosts : Collect the supplied SSH key facts] ***********
ok: [localhost]
ok: [centos7.workstation.rotthoff.home]

TASK [mdrotthoff.sshknownhosts : Display the host variables] *******************
ok: [localhost] => (item=None) => {
    "msg": "Host: localhost  Host vars: ansible_all_ipv4_addresses:\n- 192.168.35.100\n- 192.168.100.1\nansible_all_ipv6_addresses:\n- 2605:6000:f089:f00:7062:f02:3d90:1e74\n- fd30:8855:cad5::1:1:100\n- fe80::48b9:d5d8:d84e:a762\n- fe80::fc54:ff:feb5:50eb\nansible_apparmor:\n    status: disabled\nansible_architecture: x86_64\nansible_bios_date: 01/30/2018\nansible_bios_version: 1.9.1\nansible_bridge0:\n    active: true\n    device: bridge0\n    features:\n        esp_hw_offload: off [fixed]\n        esp_tx_csum_hw_offload: off [fixed]\n        fcoe_mtu: off [fixed]\n        generic_receive_offload: 'on'\n        generic_segmentation_offload: 'on'\n        highdma: 'on'\n        hw_tc_offload: off [fixed]\n        l2_fwd_offload: off [fixed]\n        large_receive_offload: off [fixed]\n        loopback: off [fixed]\n        netns_local: on [fixed]\n        ntuple_filters: off [fixed]\n        receive_hashing: off [fixed]\n        rx_all: off [fixed]\n        rx_checksumming: off [fixed]\n        rx_fcs: off [fixed]\n        rx_gro_hw: off [fixed]\n        rx_udp_tunnel_port_offload: off [fixed]\n        rx_vlan_filter: off [fixed]\n        rx_vlan_offload: off [fixed]\n        rx_vlan_stag_filter: off [fixed]\n        rx_vlan_stag_hw_parse: off [fixed]\n        scatter_gather: 'on'\n        tcp_segmentation_offload: 'on'\n        tx_checksum_fcoe_crc: off [fixed]\n        tx_checksum_ip_generic: 'on'\n        tx_checksum_ipv4: off [fixed]\n        tx_checksum_ipv6: off [fixed]\n        tx_checksum_sctp: off [fixed]\n        tx_checksumming: 'on'\n        tx_esp_segmentation: 'on'\n        tx_fcoe_segmentation: off [requested on]\n        tx_gre_csum_segmentation: 'on'\n        tx_gre_segmentation: 'on'\n        tx_gso_partial: 'on'\n        tx_gso_robust: off [requested on]\n        tx_ipxip4_segmentation: 'on'\n        tx_ipxip6_segmentation: 'on'\n        tx_lockless: on [fixed]\n        tx_nocache_copy: 'off'\n        tx_scatter_gather: 'on'\n        tx_scatter_gather_fraglist: 'on'\n        tx_sctp_segmentation: off [requested on]\n        tx_tcp6_segmentation: 'on'\n        tx_tcp_ecn_segmentation: 'on'\n        tx_tcp_mangleid_segmentation: 'on'\n        tx_tcp_segmentation: 'on'\n        tx_udp_tnl_csum_segmentation: 'on'\n        tx_udp_tnl_segmentation: 'on'\n        tx_vlan_offload: 'on'\n        tx_vlan_stag_hw_insert: 'on'\n        udp_fragmentation_offload: 'off'\n        vlan_challenged: off [fixed]\n    hw_timestamp_filters: []\n    id: 0080.10653016b531\n    interfaces:\n    - enp0s31f6\n    - vnet1\n    ipv4:\n        address: 192.168.35.100\n        broadcast: 192.168.35.255\n        netmask: 255.255.254.0\n        network: 192.168.34.0\n    ipv6:\n    -   address: 2605:6000:f089:f00:7062:f02:3d90:1e74\n        prefix: '128'\n        scope: global\n    macaddress: 10:65:30:16:b5:31\n    mtu: 1500\n    promisc: false\n    stp: true\n    timestamping:\n    - rx_software\n    - software\n    type: bridge\nansible_check_mode: false\nansible_cmdline:\n    BOOT_IMAGE: /vmlinuz-4.16.11-200.fc27.x86_64\n    LANG: en_US.UTF-8\n    modprobe.blacklist: nouveau\n    nvidia-drm.modeset: '1'\n    quiet: true\n    rd.driver.blacklist: nouveau\n    rd.lvm.lv: vgworkstation01/lvroot\n    rd.md.uuid: 3484ee85:66fcb689:c31725ad:f4880691\n    ro: true\n    root: /dev/mapper/vgworkstation01-lvroot\nansible_date_time:\n    date: '2018-05-28'\n    day: '28'\n    epoch: '1527568434'\n    hour: '23'\n    iso8601: '2018-05-29T04:33:54Z'\n    iso8601_basic: 20180528T233354801811\n    iso8601_basic_short: 20180528T233354\n    iso8601_micro: '2018-05-29T04:33:54.801853Z'\n    minute: '33'\n    month: '05'\n    second: '54'\n    time: '23:33:54'\n    tz: CDT\n    tz_offset: '-0500'\n    weekday: Monday\n    weekday_number: '1'\n    weeknumber: '22'\n    year: '2018'\nansible_default_ipv4:\n    address: 192.168.35.100\n    alias: bridge0\n    broadcast: 192.168.35.255\n    gateway: 192.168.35.254\n    interface: bridge0\n    macaddress: 10:65:30:16:b5:31\n    mtu: 1500\n    netmask: 255.255.254.0\n    network: 192.168.34.0\n    type: bridge\nansible_default_ipv6:\n    address: 2605:6000:f089:f00:7062:f02:3d90:1e74\n    gateway: fe80::5665:deff:fe70:e07\n    interface: bridge0\n    macaddress: 10:65:30:16:b5:31\n    mtu: 1500\n    prefix: '128'\n    scope: global\n    type: bridge\nansible_device_links:\n    ids:\n        dm-0:\n        - dm-name-vgworkstation01-lvroot\n        - dm-uuid-LVM-RdoHXAXEAxC0ow9BRqmkiKRw433bouFInJ99MyIVnCr64MvdvSfOEAl1MSqGpLhf\n        dm-1:\n        - dm-name-vgworkstation01-lvimages\n        - dm-uuid-LVM-RdoHXAXEAxC0ow9BRqmkiKRw433bouFIrtikl5WvRz7PrU2psSG1jLSqHMAXbX1q\n        dm-2:\n        - dm-name-vgworkstation01-lvhome\n        - dm-uuid-LVM-RdoHXAXEAxC0ow9BRqmkiKRw433bouFI5dhPJgalhaQGTe5vbNU5PdKS5O3j815W\n        dm-3:\n        - dm-name-vgworkstation01-lvvarlog\n        - dm-uuid-LVM-RdoHXAXEAxC0ow9BRqmkiKRw433bouFI1ucyXdc9JpR6HV4LtnxQc7MiOEno8xZa\n        dm-4:\n        - dm-name-vgworkstation01-lvvar\n        - dm-uuid-LVM-RdoHXAXEAxC0ow9BRqmkiKRw433bouFIngiu04UCR092GKW19QX80WAK5fxAZ4X2\n        dm-5:\n        - dm-name-vgworkstation01-lvvauto\n        - dm-uuid-LVM-RdoHXAXEAxC0ow9BRqmkiKRw433bouFIA1aNndf96Dwu8j8ZMXXiJmPzMDtliHbf\n        dm-6:\n        - dm-name-vgworkstation01-lvmusic\n        - dm-uuid-LVM-RdoHXAXEAxC0ow9BRqmkiKRw433bouFI5QH8XK3KwA8t14JjEXyeRFtFQkM6oSjV\n        dm-7:\n        - dm-name-vgworkstation01-lvworkspace\n        - dm-uuid-LVM-RdoHXAXEAxC0ow9BRqmkiKRw433bouFIEiwJWn0jDFVCqugtF12LcEanKgwE0SKB\n        md125:\n        - md-name-boot_efi\n        - md-uuid-1c3a5a4b:16c17201:eb8fb214:b2c37756\n        md126:\n        - md-name-workstation.rotthoff.home:boot\n        - md-uuid-3484ee85:66fcb689:c31725ad:f4880691\n        md127:\n        - lvm-pv-uuid-h0cS4u-hjvn-JHhC-a1Pd-8g0q-a51J-wZG9Y6\n        - md-name-pvworkstation01\n        - md-uuid-7a90edb8:ffb2ed8d:f2c1da20:15593916\n        nvme0n1:\n        - nvme-KXG50ZNV1T02_NVMe_TOSHIBA_1024GB_18BS11MXTYAT\n        - nvme-eui.000000000000001000080d02003b5241\n        nvme0n1p1:\n        - nvme-KXG50ZNV1T02_NVMe_TOSHIBA_1024GB_18BS11MXTYAT-part1\n        - nvme-eui.000000000000001000080d02003b5241-part1\n        nvme0n1p2:\n        - nvme-KXG50ZNV1T02_NVMe_TOSHIBA_1024GB_18BS11MXTYAT-part2\n        - nvme-eui.000000000000001000080d02003b5241-part2\n        nvme0n1p3:\n        - nvme-KXG50ZNV1T02_NVMe_TOSHIBA_1024GB_18BS11MXTYAT-part3\n        - nvme-eui.000000000000001000080d02003b5241-part3\n        nvme0n1p4:\n        - nvme-KXG50ZNV1T02_NVMe_TOSHIBA_1024GB_18BS11MXTYAT-part4\n        - nvme-eui.000000000000001000080d02003b5241-part4\n        nvme1n1:\n        - nvme-KXG50ZNV1T02_NVMe_TOSHIBA_1024GB_18LS10TTTYAT\n        - nvme-eui.000000000000001000080d02003c587a\n        nvme1n1p1:\n        - nvme-KXG50ZNV1T02_NVMe_TOSHIBA_1024GB_18LS10TTTYAT-part1\n        - nvme-eui.000000000000001000080d02003c587a-part1\n        nvme1n1p2:\n        - nvme-KXG50ZNV1T02_NVMe_TOSHIBA_1024GB_18LS10TTTYAT-part2\n        - nvme-eui.000000000000001000080d02003c587a-part2\n        nvme1n1p3:\n        - nvme-KXG50ZNV1T02_NVMe_TOSHIBA_1024GB_18LS10TTTYAT-part3\n        - nvme-eui.000000000000001000080d02003c587a-part3\n        nvme1n1p4:\n        - nvme-KXG50ZNV1T02_NVMe_TOSHIBA_1024GB_18LS10TTTYAT-part4\n        - nvme-eui.000000000000001000080d02003c587a-part4\n        nvme2n1:\n        - nvme-KXG50ZNV1T02_NVMe_TOSHIBA_1024GB_18BS114KTYAT\n        - nvme-eui.000000000000001000080d02003b4fa1\n        nvme2n1p1:\n        - nvme-KXG50ZNV1T02_NVMe_TOSHIBA_1024GB_18BS114KTYAT-part1\n        - nvme-eui.000000000000001000080d02003b4fa1-part1\n        nvme2n1p2:\n        - nvme-KXG50ZNV1T02_NVMe_TOSHIBA_1024GB_18BS114KTYAT-part2\n        - nvme-eui.000000000000001000080d02003b4fa1-part2\n        nvme2n1p3:\n        - nvme-KXG50ZNV1T02_NVMe_TOSHIBA_1024GB_18BS114KTYAT-part3\n        - nvme-eui.000000000000001000080d02003b4fa1-part3\n        nvme2n1p4:\n        - nvme-KXG50ZNV1T02_NVMe_TOSHIBA_1024GB_18BS114KTYAT-part4\n        - nvme-eui.000000000000001000080d02003b4fa1-part4\n    labels:\n        dm-0:\n        - lvroot\n        dm-1:\n        - lvimages\n        dm-2:\n        - lvhome\n        dm-3:\n        - lvvarlog\n        dm-4:\n        - lvvar\n        md125:\n        - boot_efi\n        md126:\n        - boot\n        nvme0n1p3:\n        - swap10\n        nvme1n1p3:\n        - swap20\n        nvme2n1p3:\n        - swap00\n    masters:\n        md127:\n        - dm-0\n        - dm-1\n        - dm-2\n        - dm-3\n        - dm-4\n        - dm-5\n        - dm-6\n        - dm-7\n        nvme0n1p1:\n        - md125\n        nvme0n1p2:\n        - md126\n        nvme0n1p4:\n        - md127\n        nvme1n1p1:\n        - md125\n        nvme1n1p2:\n        - md126\n        nvme1n1p4:\n        - md127\n        nvme2n1p1:\n        - md125\n        nvme2n1p2:\n        - md126\n        nvme2n1p4:\n        - md127\n    uuids:\n        dm-0:\n        - 65f16aa7-6071-4bec-b950-bab3abf25c75\n        dm-1:\n        - a4c7b96f-40b6-49e2-a333-5f6a52d8de06\n        dm-2:\n        - b66a39b8-f119-40a6-a5ff-cfce41ae413c\n        dm-3:\n        - b2af6305-1dcb-49e3-88ec-cbbc37a5906f\n        dm-4:\n        - fec4e3bc-0760-40a1-88db-8199c8ba7e35\n        dm-5:\n        - dbb2750c-7993-48d6-9bf7-6ae879c25535\n        dm-6:\n        - 580944e6-6de7-4036-8502-1ff0a9c24e02\n        dm-7:\n        - 3c4af38b-12e2-4de8-b6ea-c5fe380707f6\n        md125:\n        - AC4E-B231\n        md126:\n        - 518a05c3-8313-48db-8ffb-d4557a2f3093\n        nvme0n1p3:\n        - 9737c9e3-c066-4edb-a357-e8f7a32c0142\n        nvme1n1p3:\n        - 9c1946f4-e931-4c31-8a69-c735bb7de999\n        nvme2n1p3:\n        - 6aa3f768-905a-4420-bf23-f69a65bebf95\nansible_devices:\n    dm-0:\n        holders: []\n        host: ''\n        links:\n            ids:\n            - dm-name-vgworkstation01-lvroot\n            - dm-uuid-LVM-RdoHXAXEAxC0ow9BRqmkiKRw433bouFInJ99MyIVnCr64MvdvSfOEAl1MSqGpLhf\n            labels:\n            - lvroot\n            masters: []\n            uuids:\n            - 65f16aa7-6071-4bec-b950-bab3abf25c75\n        model: null\n        partitions: {}\n        removable: '0'\n        rotational: '0'\n        sas_address: null\n        sas_device_handle: null\n        scheduler_mode: ''\n        sectors: '62914560'\n        sectorsize: '512'\n        size: 30.00 GB\n        support_discard: '0'\n        vendor: null\n        virtual: 1\n    dm-1:\n        holders: []\n        host: ''\n        links:\n            ids:\n            - dm-name-vgworkstation01-lvimages\n            - dm-uuid-LVM-RdoHXAXEAxC0ow9BRqmkiKRw433bouFIrtikl5WvRz7PrU2psSG1jLSqHMAXbX1q\n            labels:\n            - lvimages\n            masters: []\n            uuids:\n            - a4c7b96f-40b6-49e2-a333-5f6a52d8de06\n        model: null\n        partitions: {}\n        removable: '0'\n        rotational: '0'\n        sas_address: null\n        sas_device_handle: null\n        scheduler_mode: ''\n        sectors: '2306867200'\n        sectorsize: '512'\n        size: 1.07 TB\n        support_discard: '0'\n        vendor: null\n        virtual: 1\n    dm-2:\n        holders: []\n        host: ''\n        links:\n            ids:\n            - dm-name-vgworkstation01-lvhome\n            - dm-uuid-LVM-RdoHXAXEAxC0ow9BRqmkiKRw433bouFI5dhPJgalhaQGTe5vbNU5PdKS5O3j815W\n            labels:\n            - lvhome\n            masters: []\n            uuids:\n            - b66a39b8-f119-40a6-a5ff-cfce41ae413c\n        model: null\n        partitions: {}\n        removable: '0'\n        rotational: '0'\n        sas_address: null\n        sas_device_handle: null\n        scheduler_mode: ''\n        sectors: '20971520'\n        sectorsize: '512'\n        size: 10.00 GB\n        support_discard: '0'\n        vendor: null\n        virtual: 1\n    dm-3:\n        holders: []\n        host: ''\n        links:\n            ids:\n            - dm-name-vgworkstation01-lvvarlog\n            - dm-uuid-LVM-RdoHXAXEAxC0ow9BRqmkiKRw433bouFI1ucyXdc9JpR6HV4LtnxQc7MiOEno8xZa\n            labels:\n            - lvvarlog\n            masters: []\n            uuids:\n            - b2af6305-1dcb-49e3-88ec-cbbc37a5906f\n        model: null\n        partitions: {}\n        removable: '0'\n        rotational: '0'\n        sas_address: null\n        sas_device_handle: null\n        scheduler_mode: ''\n        sectors: '20971520'\n        sectorsize: '512'\n        size: 10.00 GB\n        support_discard: '0'\n        vendor: null\n        virtual: 1\n    dm-4:\n        holders: []\n        host: ''\n        links:\n            ids:\n            - dm-name-vgworkstation01-lvvar\n            - dm-uuid-LVM-RdoHXAXEAxC0ow9BRqmkiKRw433bouFIngiu04UCR092GKW19QX80WAK5fxAZ4X2\n            labels:\n            - lvvar\n            masters: []\n            uuids:\n            - fec4e3bc-0760-40a1-88db-8199c8ba7e35\n        model: null\n        partitions: {}\n        removable: '0'\n        rotational: '0'\n        sas_address: null\n        sas_device_handle: null\n        scheduler_mode: ''\n        sectors: '20971520'\n        sectorsize: '512'\n        size: 10.00 GB\n        support_discard: '0'\n        vendor: null\n        virtual: 1\n    dm-5:\n        holders: []\n        host: ''\n        links:\n            ids:\n            - dm-name-vgworkstation01-lvvauto\n            - dm-uuid-LVM-RdoHXAXEAxC0ow9BRqmkiKRw433bouFIA1aNndf96Dwu8j8ZMXXiJmPzMDtliHbf\n            labels: []\n            masters: []\n            uuids:\n            - dbb2750c-7993-48d6-9bf7-6ae879c25535\n        model: null\n        partitions: {}\n        removable: '0'\n        rotational: '0'\n        sas_address: null\n        sas_device_handle: null\n        scheduler_mode: ''\n        sectors: '104857600'\n        sectorsize: '512'\n        size: 50.00 GB\n        support_discard: '0'\n        vendor: null\n        virtual: 1\n    dm-6:\n        holders: []\n        host: ''\n        links:\n            ids:\n            - dm-name-vgworkstation01-lvmusic\n            - dm-uuid-LVM-RdoHXAXEAxC0ow9BRqmkiKRw433bouFI5QH8XK3KwA8t14JjEXyeRFtFQkM6oSjV\n            labels: []\n            masters: []\n            uuids:\n            - 580944e6-6de7-4036-8502-1ff0a9c24e02\n        model: null\n        partitions: {}\n        removable: '0'\n        rotational: '0'\n        sas_address: null\n        sas_device_handle: null\n        scheduler_mode: ''\n        sectors: '419430400'\n        sectorsize: '512'\n        size: 200.00 GB\n        support_discard: '0'\n        vendor: null\n        virtual: 1\n    dm-7:\n        holders: []\n        host: ''\n        links:\n            ids:\n            - dm-name-vgworkstation01-lvworkspace\n            - dm-uuid-LVM-RdoHXAXEAxC0ow9BRqmkiKRw433bouFIEiwJWn0jDFVCqugtF12LcEanKgwE0SKB\n            labels: []\n            masters: []\n            uuids:\n            - 3c4af38b-12e2-4de8-b6ea-c5fe380707f6\n        model: null\n        partitions: {}\n        removable: '0'\n        rotational: '0'\n        sas_address: null\n        sas_device_handle: null\n        scheduler_mode: ''\n        sectors: '104857600'\n        sectorsize: '512'\n        size: 50.00 GB\n        support_discard: '0'\n        vendor: null\n        virtual: 1\n    md125:\n        holders: []\n        host: ''\n        links:\n            ids:\n            - md-name-boot_efi\n            - md-uuid-1c3a5a4b:16c17201:eb8fb214:b2c37756\n            labels:\n            - boot_efi\n            masters: []\n            uuids:\n            - AC4E-B231\n        model: null\n        partitions: {}\n        removable: '0'\n        rotational: '0'\n        sas_address: null\n        sas_device_handle: null\n        scheduler_mode: ''\n        sectors: '419712'\n        sectorsize: '512'\n        size: 204.94 MB\n        support_discard: '512'\n        vendor: null\n        virtual: 1\n    md126:\n        holders: []\n        host: ''\n        links:\n            ids:\n            - md-name-workstation.rotthoff.home:boot\n            - md-uuid-3484ee85:66fcb689:c31725ad:f4880691\n            labels:\n            - boot\n            masters: []\n            uuids:\n            - 518a05c3-8313-48db-8ffb-d4557a2f3093\n        model: null\n        partitions: {}\n        removable: '0'\n        rotational: '0'\n        sas_address: null\n        sas_device_handle: null\n        scheduler_mode: ''\n        sectors: '2095104'\n        sectorsize: '512'\n        size: 1023.00 MB\n        support_discard: '512'\n        vendor: null\n        virtual: 1\n    md127:\n        holders:\n        - vgworkstation01-lvimages\n        - vgworkstation01-lvmusic\n        - vgworkstation01-lvvar\n        - vgworkstation01-lvhome\n        - vgworkstation01-lvroot\n        - vgworkstation01-lvworkspace\n        - vgworkstation01-lvvauto\n        - vgworkstation01-lvvarlog\n        host: ''\n        links:\n            ids:\n            - lvm-pv-uuid-h0cS4u-hjvn-JHhC-a1Pd-8g0q-a51J-wZG9Y6\n            - md-name-pvworkstation01\n            - md-uuid-7a90edb8:ffb2ed8d:f2c1da20:15593916\n            labels: []\n            masters:\n            - dm-0\n            - dm-1\n            - dm-2\n            - dm-3\n            - dm-4\n            - dm-5\n            - dm-6\n            - dm-7\n            uuids: []\n        model: null\n        partitions: {}\n        removable: '0'\n        rotational: '0'\n        sas_address: null\n        sas_device_handle: null\n        scheduler_mode: ''\n        sectors: '3961700352'\n        sectorsize: '512'\n        size: 1.84 TB\n        support_discard: '1048576'\n        vendor: null\n        virtual: 1\n    nvme0n1:\n        holders: []\n        host: 'Non-Volatile memory controller: Toshiba America Info Systems Device\n            0116'\n        links:\n            ids:\n            - nvme-KXG50ZNV1T02_NVMe_TOSHIBA_1024GB_18BS11MXTYAT\n            - nvme-eui.000000000000001000080d02003b5241\n            labels: []\n            masters: []\n            uuids: []\n        model: KXG50ZNV1T02 NVMe TOSHIBA 1024GB\n        partitions: {}\n        removable: '0'\n        rotational: '0'\n        sas_address: null\n        sas_device_handle: null\n        scheduler_mode: none\n        sectors: '2000409264'\n        sectorsize: '512'\n        size: 953.87 GB\n        support_discard: '512'\n        vendor: null\n        virtual: 1\n    nvme1n1:\n        holders: []\n        host: 'Non-Volatile memory controller: Toshiba America Info Systems Device\n            0116'\n        links:\n            ids:\n            - nvme-KXG50ZNV1T02_NVMe_TOSHIBA_1024GB_18LS10TTTYAT\n            - nvme-eui.000000000000001000080d02003c587a\n            labels: []\n            masters: []\n            uuids: []\n        model: KXG50ZNV1T02 NVMe TOSHIBA 1024GB\n        partitions: {}\n        removable: '0'\n        rotational: '0'\n        sas_address: null\n        sas_device_handle: null\n        scheduler_mode: none\n        sectors: '2000409264'\n        sectorsize: '512'\n        size: 953.87 GB\n        support_discard: '512'\n        vendor: null\n        virtual: 1\n    nvme2n1:\n        holders: []\n        host: 'Non-Volatile memory controller: Toshiba America Info Systems Device\n            0116'\n        links:\n            ids:\n            - nvme-KXG50ZNV1T02_NVMe_TOSHIBA_1024GB_18BS114KTYAT\n            - nvme-eui.000000000000001000080d02003b4fa1\n            labels: []\n            masters: []\n            uuids: []\n        model: KXG50ZNV1T02 NVMe TOSHIBA 1024GB\n        partitions: {}\n        removable: '0'\n        rotational: '0'\n        sas_address: null\n        sas_device_handle: null\n        scheduler_mode: none\n        sectors: '2000409264'\n        sectorsize: '512'\n        size: 953.87 GB\n        support_discard: '512'\n        vendor: null\n        virtual: 1\nansible_diff_mode: false\nansible_distribution: Fedora\nansible_distribution_file_parsed: true\nansible_distribution_file_path: /etc/redhat-release\nansible_distribution_file_variety: RedHat\nansible_distribution_major_version: '27'\nansible_distribution_release: Twenty Seven\nansible_distribution_version: '27'\nansible_dns:\n    nameservers:\n    - 127.0.0.1\n    - ::1\n    search:\n    - rotthoff.home\n    - workstation.rotthoff.home\n    - datacenter.rotthoff.home\n    - iscsi.rotthoff.home\nansible_domain: rotthoff.home\nansible_effective_group_id: 1000\nansible_effective_user_id: 1000\nansible_enp0s31f6:\n    active: true\n    device: enp0s31f6\n    features:\n        esp_hw_offload: off [fixed]\n        esp_tx_csum_hw_offload: off [fixed]\n        fcoe_mtu: off [fixed]\n        generic_receive_offload: 'on'\n        generic_segmentation_offload: 'on'\n        highdma: on [fixed]\n        hw_tc_offload: off [fixed]\n        l2_fwd_offload: off [fixed]\n        large_receive_offload: off [fixed]\n        loopback: off [fixed]\n        netns_local: off [fixed]\n        ntuple_filters: off [fixed]\n        receive_hashing: 'on'\n        rx_all: 'off'\n        rx_checksumming: 'on'\n        rx_fcs: 'off'\n        rx_gro_hw: off [fixed]\n        rx_udp_tunnel_port_offload: off [fixed]\n        rx_vlan_filter: off [fixed]\n        rx_vlan_offload: 'on'\n        rx_vlan_stag_filter: off [fixed]\n        rx_vlan_stag_hw_parse: off [fixed]\n        scatter_gather: 'on'\n        tcp_segmentation_offload: 'on'\n        tx_checksum_fcoe_crc: off [fixed]\n        tx_checksum_ip_generic: 'on'\n        tx_checksum_ipv4: off [fixed]\n        tx_checksum_ipv6: off [fixed]\n        tx_checksum_sctp: off [fixed]\n        tx_checksumming: 'on'\n        tx_esp_segmentation: off [fixed]\n        tx_fcoe_segmentation: off [fixed]\n        tx_gre_csum_segmentation: off [fixed]\n        tx_gre_segmentation: off [fixed]\n        tx_gso_partial: off [fixed]\n        tx_gso_robust: off [fixed]\n        tx_ipxip4_segmentation: off [fixed]\n        tx_ipxip6_segmentation: off [fixed]\n        tx_lockless: off [fixed]\n        tx_nocache_copy: 'off'\n        tx_scatter_gather: 'on'\n        tx_scatter_gather_fraglist: off [fixed]\n        tx_sctp_segmentation: off [fixed]\n        tx_tcp6_segmentation: 'on'\n        tx_tcp_ecn_segmentation: off [fixed]\n        tx_tcp_mangleid_segmentation: 'off'\n        tx_tcp_segmentation: 'on'\n        tx_udp_tnl_csum_segmentation: off [fixed]\n        tx_udp_tnl_segmentation: off [fixed]\n        tx_vlan_offload: 'on'\n        tx_vlan_stag_hw_insert: off [fixed]\n        udp_fragmentation_offload: 'off'\n        vlan_challenged: off [fixed]\n    hw_timestamp_filters:\n    - none\n    - all\n    - ptp_v1_l4_sync\n    - ptp_v1_l4_delay_req\n    - ptp_v2_l4_sync\n    - ptp_v2_l4_delay_req\n    - ptp_v2_l2_sync\n    - ptp_v2_l2_delay_req\n    - ptp_v2_event\n    - ptp_v2_sync\n    - ptp_v2_delay_req\n    macaddress: 10:65:30:16:b5:31\n    module: e1000e\n    mtu: 1500\n    pciid: 0000:00:1f.6\n    phc_index: 0\n    promisc: true\n    speed: 1000\n    timestamping:\n    - tx_hardware\n    - tx_software\n    - rx_hardware\n    - rx_software\n    - software\n    - raw_hardware\n    type: ether\nansible_env:\n    BASH_FUNC_module%%: '() {  eval `/usr/bin/modulecmd bash $*`\n\n        }'\n    BASH_FUNC_scl%%: \"() {  if [ \\\"$1\\\" = \\\"load\\\" -o \\\"$1\\\" = \\\"unload\\\" ]; then\\n\\\n        \\ eval \\\"module $@\\\";\\n else\\n /usr/bin/scl \\\"$@\\\";\\n fi\\n}\"\n    CVS_RSH: ssh\n    DBUS_SESSION_BUS_ADDRESS: unix:path=/run/user/1000/bus\n    GIT_SUBREPO_ROOT: /opt/git-subrepo\n    GUESTFISH_INIT: \\e[1;34m\n    GUESTFISH_OUTPUT: \\e[0m\n    GUESTFISH_PS1: '\\[\\e[1;32m\\]><fs>\\[\\e[0;31m\\] '\n    GUESTFISH_RESTORE: \\e[0m\n    HOME: /home/mdrotthoff\n    LANG: en_US.UTF-8\n    LESSOPEN: '||/usr/bin/lesspipe.sh %s'\n    LOADEDMODULES: ''\n    LOGNAME: mdrotthoff\n    LS_COLORS: 'rs=0:di=38;5;33:ln=38;5;51:mh=00:pi=40;38;5;11:so=38;5;13:do=38;5;5:bd=48;5;232;38;5;11:cd=48;5;232;38;5;3:or=48;5;232;38;5;9:mi=01;05;37;41:su=48;5;196;38;5;15:sg=48;5;11;38;5;16:ca=48;5;196;38;5;226:tw=48;5;10;38;5;16:ow=48;5;10;38;5;21:st=48;5;21;38;5;15:ex=38;5;40:*.tar=38;5;9:*.tgz=38;5;9:*.arc=38;5;9:*.arj=38;5;9:*.taz=38;5;9:*.lha=38;5;9:*.lz4=38;5;9:*.lzh=38;5;9:*.lzma=38;5;9:*.tlz=38;5;9:*.txz=38;5;9:*.tzo=38;5;9:*.t7z=38;5;9:*.zip=38;5;9:*.z=38;5;9:*.Z=38;5;9:*.dz=38;5;9:*.gz=38;5;9:*.lrz=38;5;9:*.lz=38;5;9:*.lzo=38;5;9:*.xz=38;5;9:*.zst=38;5;9:*.tzst=38;5;9:*.bz2=38;5;9:*.bz=38;5;9:*.tbz=38;5;9:*.tbz2=38;5;9:*.tz=38;5;9:*.deb=38;5;9:*.rpm=38;5;9:*.jar=38;5;9:*.war=38;5;9:*.ear=38;5;9:*.sar=38;5;9:*.rar=38;5;9:*.alz=38;5;9:*.ace=38;5;9:*.zoo=38;5;9:*.cpio=38;5;9:*.7z=38;5;9:*.rz=38;5;9:*.cab=38;5;9:*.wim=38;5;9:*.swm=38;5;9:*.dwm=38;5;9:*.esd=38;5;9:*.jpg=38;5;13:*.jpeg=38;5;13:*.mjpg=38;5;13:*.mjpeg=38;5;13:*.gif=38;5;13:*.bmp=38;5;13:*.pbm=38;5;13:*.pgm=38;5;13:*.ppm=38;5;13:*.tga=38;5;13:*.xbm=38;5;13:*.xpm=38;5;13:*.tif=38;5;13:*.tiff=38;5;13:*.png=38;5;13:*.svg=38;5;13:*.svgz=38;5;13:*.mng=38;5;13:*.pcx=38;5;13:*.mov=38;5;13:*.mpg=38;5;13:*.mpeg=38;5;13:*.m2v=38;5;13:*.mkv=38;5;13:*.webm=38;5;13:*.ogm=38;5;13:*.mp4=38;5;13:*.m4v=38;5;13:*.mp4v=38;5;13:*.vob=38;5;13:*.qt=38;5;13:*.nuv=38;5;13:*.wmv=38;5;13:*.asf=38;5;13:*.rm=38;5;13:*.rmvb=38;5;13:*.flc=38;5;13:*.avi=38;5;13:*.fli=38;5;13:*.flv=38;5;13:*.gl=38;5;13:*.dl=38;5;13:*.xcf=38;5;13:*.xwd=38;5;13:*.yuv=38;5;13:*.cgm=38;5;13:*.emf=38;5;13:*.ogv=38;5;13:*.ogx=38;5;13:*.aac=38;5;45:*.au=38;5;45:*.flac=38;5;45:*.m4a=38;5;45:*.mid=38;5;45:*.midi=38;5;45:*.mka=38;5;45:*.mp3=38;5;45:*.mpc=38;5;45:*.ogg=38;5;45:*.ra=38;5;45:*.wav=38;5;45:*.oga=38;5;45:*.opus=38;5;45:*.spx=38;5;45:*.xspf=38;5;45:'\n    MAIL: /var/mail/mdrotthoff\n    MANPATH: '/opt/git-subrepo/man:'\n    MODULEPATH: /etc/scl/modulefiles:/usr/share/Modules/modulefiles:/etc/modulefiles:/usr/share/modulefiles\n    MODULESHOME: /usr/share/Modules\n    PATH: /opt/git-subrepo/lib:/usr/local/bin:/usr/bin\n    PWD: /home/mdrotthoff\n    SELINUX_LEVEL_REQUESTED: ''\n    SELINUX_ROLE_REQUESTED: ''\n    SELINUX_USE_CURRENT_RANGE: ''\n    SHELL: /bin/bash\n    SHLVL: '2'\n    SSH_ASKPASS: /usr/libexec/openssh/gnome-ssh-askpass\n    SSH_CLIENT: ::1 35072 22\n    SSH_CONNECTION: ::1 35072 ::1 22\n    SSH_TTY: /dev/pts/4\n    TERM: xterm-256color\n    USER: mdrotthoff\n    XDG_DATA_DIRS: /home/mdrotthoff/.local/share/flatpak/exports/share:/var/lib/flatpak/exports/share:/usr/local/share:/usr/share\n    XDG_RUNTIME_DIR: /run/user/1000\n    XDG_SESSION_ID: '166'\n    XMODIFIERS: '@im=ibus'\n    _: /usr/bin/python\nansible_facts:\n    all_ipv4_addresses:\n    - 192.168.35.100\n    - 192.168.100.1\n    all_ipv6_addresses:\n    - 2605:6000:f089:f00:7062:f02:3d90:1e74\n    - fd30:8855:cad5::1:1:100\n    - fe80::48b9:d5d8:d84e:a762\n    - fe80::fc54:ff:feb5:50eb\n    ansible_local: {}\n    apparmor:\n        status: disabled\n    architecture: x86_64\n    bios_date: 01/30/2018\n    bios_version: 1.9.1\n    bridge0:\n        active: true\n        device: bridge0\n        features:\n            esp_hw_offload: off [fixed]\n            esp_tx_csum_hw_offload: off [fixed]\n            fcoe_mtu: off [fixed]\n            generic_receive_offload: 'on'\n            generic_segmentation_offload: 'on'\n            highdma: 'on'\n            hw_tc_offload: off [fixed]\n            l2_fwd_offload: off [fixed]\n            large_receive_offload: off [fixed]\n            loopback: off [fixed]\n            netns_local: on [fixed]\n            ntuple_filters: off [fixed]\n            receive_hashing: off [fixed]\n            rx_all: off [fixed]\n            rx_checksumming: off [fixed]\n            rx_fcs: off [fixed]\n            rx_gro_hw: off [fixed]\n            rx_udp_tunnel_port_offload: off [fixed]\n            rx_vlan_filter: off [fixed]\n            rx_vlan_offload: off [fixed]\n            rx_vlan_stag_filter: off [fixed]\n            rx_vlan_stag_hw_parse: off [fixed]\n            scatter_gather: 'on'\n            tcp_segmentation_offload: 'on'\n            tx_checksum_fcoe_crc: off [fixed]\n            tx_checksum_ip_generic: 'on'\n            tx_checksum_ipv4: off [fixed]\n            tx_checksum_ipv6: off [fixed]\n            tx_checksum_sctp: off [fixed]\n            tx_checksumming: 'on'\n            tx_esp_segmentation: 'on'\n            tx_fcoe_segmentation: off [requested on]\n            tx_gre_csum_segmentation: 'on'\n            tx_gre_segmentation: 'on'\n            tx_gso_partial: 'on'\n            tx_gso_robust: off [requested on]\n            tx_ipxip4_segmentation: 'on'\n            tx_ipxip6_segmentation: 'on'\n            tx_lockless: on [fixed]\n            tx_nocache_copy: 'off'\n            tx_scatter_gather: 'on'\n            tx_scatter_gather_fraglist: 'on'\n            tx_sctp_segmentation: off [requested on]\n            tx_tcp6_segmentation: 'on'\n            tx_tcp_ecn_segmentation: 'on'\n            tx_tcp_mangleid_segmentation: 'on'\n            tx_tcp_segmentation: 'on'\n            tx_udp_tnl_csum_segmentation: 'on'\n            tx_udp_tnl_segmentation: 'on'\n            tx_vlan_offload: 'on'\n            tx_vlan_stag_hw_insert: 'on'\n            udp_fragmentation_offload: 'off'\n            vlan_challenged: off [fixed]\n        hw_timestamp_filters: []\n        id: 0080.10653016b531\n        interfaces:\n        - enp0s31f6\n        - vnet1\n        ipv4:\n            address: 192.168.35.100\n            broadcast: 192.168.35.255\n            netmask: 255.255.254.0\n            network: 192.168.34.0\n        ipv6:\n        -   address: 2605:6000:f089:f00:7062:f02:3d90:1e74\n            prefix: '128'\n            scope: global\n        macaddress: 10:65:30:16:b5:31\n        mtu: 1500\n        promisc: false\n        stp: true\n        timestamping:\n        - rx_software\n        - software\n        type: bridge\n    cmdline:\n        BOOT_IMAGE: /vmlinuz-4.16.11-200.fc27.x86_64\n        LANG: en_US.UTF-8\n        modprobe.blacklist: nouveau\n        nvidia-drm.modeset: '1'\n        quiet: true\n        rd.driver.blacklist: nouveau\n        rd.lvm.lv: vgworkstation01/lvroot\n        rd.md.uuid: 3484ee85:66fcb689:c31725ad:f4880691\n        ro: true\n        root: /dev/mapper/vgworkstation01-lvroot\n    date_time:\n        date: '2018-05-28'\n        day: '28'\n        epoch: '1527568434'\n        hour: '23'\n        iso8601: '2018-05-29T04:33:54Z'\n        iso8601_basic: 20180528T233354801811\n        iso8601_basic_short: 20180528T233354\n        iso8601_micro: '2018-05-29T04:33:54.801853Z'\n        minute: '33'\n        month: '05'\n        second: '54'\n        time: '23:33:54'\n        tz: CDT\n        tz_offset: '-0500'\n        weekday: Monday\n        weekday_number: '1'\n        weeknumber: '22'\n        year: '2018'\n    default_ipv4:\n        address: 192.168.35.100\n        alias: bridge0\n        broadcast: 192.168.35.255\n        gateway: 192.168.35.254\n        interface: bridge0\n        macaddress: 10:65:30:16:b5:31\n        mtu: 1500\n        netmask: 255.255.254.0\n        network: 192.168.34.0\n        type: bridge\n    default_ipv6:\n        address: 2605:6000:f089:f00:7062:f02:3d90:1e74\n        gateway: fe80::5665:deff:fe70:e07\n        interface: bridge0\n        macaddress: 10:65:30:16:b5:31\n        mtu: 1500\n        prefix: '128'\n        scope: global\n        type: bridge\n    device_links:\n        ids:\n            dm-0:\n            - dm-name-vgworkstation01-lvroot\n            - dm-uuid-LVM-RdoHXAXEAxC0ow9BRqmkiKRw433bouFInJ99MyIVnCr64MvdvSfOEAl1MSqGpLhf\n            dm-1:\n            - dm-name-vgworkstation01-lvimages\n            - dm-uuid-LVM-RdoHXAXEAxC0ow9BRqmkiKRw433bouFIrtikl5WvRz7PrU2psSG1jLSqHMAXbX1q\n            dm-2:\n            - dm-name-vgworkstation01-lvhome\n            - dm-uuid-LVM-RdoHXAXEAxC0ow9BRqmkiKRw433bouFI5dhPJgalhaQGTe5vbNU5PdKS5O3j815W\n            dm-3:\n            - dm-name-vgworkstation01-lvvarlog\n            - dm-uuid-LVM-RdoHXAXEAxC0ow9BRqmkiKRw433bouFI1ucyXdc9JpR6HV4LtnxQc7MiOEno8xZa\n            dm-4:\n            - dm-name-vgworkstation01-lvvar\n            - dm-uuid-LVM-RdoHXAXEAxC0ow9BRqmkiKRw433bouFIngiu04UCR092GKW19QX80WAK5fxAZ4X2\n            dm-5:\n            - dm-name-vgworkstation01-lvvauto\n            - dm-uuid-LVM-RdoHXAXEAxC0ow9BRqmkiKRw433bouFIA1aNndf96Dwu8j8ZMXXiJmPzMDtliHbf\n            dm-6:\n            - dm-name-vgworkstation01-lvmusic\n            - dm-uuid-LVM-RdoHXAXEAxC0ow9BRqmkiKRw433bouFI5QH8XK3KwA8t14JjEXyeRFtFQkM6oSjV\n            dm-7:\n            - dm-name-vgworkstation01-lvworkspace\n            - dm-uuid-LVM-RdoHXAXEAxC0ow9BRqmkiKRw433bouFIEiwJWn0jDFVCqugtF12LcEanKgwE0SKB\n            md125:\n            - md-name-boot_efi\n            - md-uuid-1c3a5a4b:16c17201:eb8fb214:b2c37756\n            md126:\n            - md-name-workstation.rotthoff.home:boot\n            - md-uuid-3484ee85:66fcb689:c31725ad:f4880691\n            md127:\n            - lvm-pv-uuid-h0cS4u-hjvn-JHhC-a1Pd-8g0q-a51J-wZG9Y6\n            - md-name-pvworkstation01\n            - md-uuid-7a90edb8:ffb2ed8d:f2c1da20:15593916\n            nvme0n1:\n            - nvme-KXG50ZNV1T02_NVMe_TOSHIBA_1024GB_18BS11MXTYAT\n            - nvme-eui.000000000000001000080d02003b5241\n            nvme0n1p1:\n            - nvme-KXG50ZNV1T02_NVMe_TOSHIBA_1024GB_18BS11MXTYAT-part1\n            - nvme-eui.000000000000001000080d02003b5241-part1\n            nvme0n1p2:\n            - nvme-KXG50ZNV1T02_NVMe_TOSHIBA_1024GB_18BS11MXTYAT-part2\n            - nvme-eui.000000000000001000080d02003b5241-part2\n            nvme0n1p3:\n            - nvme-KXG50ZNV1T02_NVMe_TOSHIBA_1024GB_18BS11MXTYAT-part3\n            - nvme-eui.000000000000001000080d02003b5241-part3\n            nvme0n1p4:\n            - nvme-KXG50ZNV1T02_NVMe_TOSHIBA_1024GB_18BS11MXTYAT-part4\n            - nvme-eui.000000000000001000080d02003b5241-part4\n            nvme1n1:\n            - nvme-KXG50ZNV1T02_NVMe_TOSHIBA_1024GB_18LS10TTTYAT\n            - nvme-eui.000000000000001000080d02003c587a\n            nvme1n1p1:\n            - nvme-KXG50ZNV1T02_NVMe_TOSHIBA_1024GB_18LS10TTTYAT-part1\n            - nvme-eui.000000000000001000080d02003c587a-part1\n            nvme1n1p2:\n            - nvme-KXG50ZNV1T02_NVMe_TOSHIBA_1024GB_18LS10TTTYAT-part2\n            - nvme-eui.000000000000001000080d02003c587a-part2\n            nvme1n1p3:\n            - nvme-KXG50ZNV1T02_NVMe_TOSHIBA_1024GB_18LS10TTTYAT-part3\n            - nvme-eui.000000000000001000080d02003c587a-part3\n            nvme1n1p4:\n            - nvme-KXG50ZNV1T02_NVMe_TOSHIBA_1024GB_18LS10TTTYAT-part4\n            - nvme-eui.000000000000001000080d02003c587a-part4\n            nvme2n1:\n            - nvme-KXG50ZNV1T02_NVMe_TOSHIBA_1024GB_18BS114KTYAT\n            - nvme-eui.000000000000001000080d02003b4fa1\n            nvme2n1p1:\n            - nvme-KXG50ZNV1T02_NVMe_TOSHIBA_1024GB_18BS114KTYAT-part1\n            - nvme-eui.000000000000001000080d02003b4fa1-part1\n            nvme2n1p2:\n            - nvme-KXG50ZNV1T02_NVMe_TOSHIBA_1024GB_18BS114KTYAT-part2\n            - nvme-eui.000000000000001000080d02003b4fa1-part2\n            nvme2n1p3:\n            - nvme-KXG50ZNV1T02_NVMe_TOSHIBA_1024GB_18BS114KTYAT-part3\n            - nvme-eui.000000000000001000080d02003b4fa1-part3\n            nvme2n1p4:\n            - nvme-KXG50ZNV1T02_NVMe_TOSHIBA_1024GB_18BS114KTYAT-part4\n            - nvme-eui.000000000000001000080d02003b4fa1-part4\n        labels:\n            dm-0:\n            - lvroot\n            dm-1:\n            - lvimages\n            dm-2:\n            - lvhome\n            dm-3:\n            - lvvarlog\n            dm-4:\n            - lvvar\n            md125:\n            - boot_efi\n            md126:\n            - boot\n            nvme0n1p3:\n            - swap10\n            nvme1n1p3:\n            - swap20\n            nvme2n1p3:\n            - swap00\n        masters:\n            md127:\n            - dm-0\n            - dm-1\n            - dm-2\n            - dm-3\n            - dm-4\n            - dm-5\n            - dm-6\n            - dm-7\n            nvme0n1p1:\n            - md125\n            nvme0n1p2:\n            - md126\n            nvme0n1p4:\n            - md127\n            nvme1n1p1:\n            - md125\n            nvme1n1p2:\n            - md126\n            nvme1n1p4:\n            - md127\n            nvme2n1p1:\n            - md125\n            nvme2n1p2:\n            - md126\n            nvme2n1p4:\n            - md127\n        uuids:\n            dm-0:\n            - 65f16aa7-6071-4bec-b950-bab3abf25c75\n            dm-1:\n            - a4c7b96f-40b6-49e2-a333-5f6a52d8de06\n            dm-2:\n            - b66a39b8-f119-40a6-a5ff-cfce41ae413c\n            dm-3:\n            - b2af6305-1dcb-49e3-88ec-cbbc37a5906f\n            dm-4:\n            - fec4e3bc-0760-40a1-88db-8199c8ba7e35\n            dm-5:\n            - dbb2750c-7993-48d6-9bf7-6ae879c25535\n            dm-6:\n            - 580944e6-6de7-4036-8502-1ff0a9c24e02\n            dm-7:\n            - 3c4af38b-12e2-4de8-b6ea-c5fe380707f6\n            md125:\n            - AC4E-B231\n            md126:\n            - 518a05c3-8313-48db-8ffb-d4557a2f3093\n            nvme0n1p3:\n            - 9737c9e3-c066-4edb-a357-e8f7a32c0142\n            nvme1n1p3:\n            - 9c1946f4-e931-4c31-8a69-c735bb7de999\n            nvme2n1p3:\n            - 6aa3f768-905a-4420-bf23-f69a65bebf95\n    devices:\n        dm-0:\n            holders: []\n            host: ''\n            links:\n                ids:\n                - dm-name-vgworkstation01-lvroot\n                - dm-uuid-LVM-RdoHXAXEAxC0ow9BRqmkiKRw433bouFInJ99MyIVnCr64MvdvSfOEAl1MSqGpLhf\n                labels:\n                - lvroot\n                masters: []\n                uuids:\n                - 65f16aa7-6071-4bec-b950-bab3abf25c75\n            model: null\n            partitions: {}\n            removable: '0'\n            rotational: '0'\n            sas_address: null\n            sas_device_handle: null\n            scheduler_mode: ''\n            sectors: '62914560'\n            sectorsize: '512'\n            size: 30.00 GB\n            support_discard: '0'\n            vendor: null\n            virtual: 1\n        dm-1:\n            holders: []\n            host: ''\n            links:\n                ids:\n                - dm-name-vgworkstation01-lvimages\n                - dm-uuid-LVM-RdoHXAXEAxC0ow9BRqmkiKRw433bouFIrtikl5WvRz7PrU2psSG1jLSqHMAXbX1q\n                labels:\n                - lvimages\n                masters: []\n                uuids:\n                - a4c7b96f-40b6-49e2-a333-5f6a52d8de06\n            model: null\n            partitions: {}\n            removable: '0'\n            rotational: '0'\n            sas_address: null\n            sas_device_handle: null\n            scheduler_mode: ''\n            sectors: '2306867200'\n            sectorsize: '512'\n            size: 1.07 TB\n            support_discard: '0'\n            vendor: null\n            virtual: 1\n        dm-2:\n            holders: []\n            host: ''\n            links:\n                ids:\n                - dm-name-vgworkstation01-lvhome\n                - dm-uuid-LVM-RdoHXAXEAxC0ow9BRqmkiKRw433bouFI5dhPJgalhaQGTe5vbNU5PdKS5O3j815W\n                labels:\n                - lvhome\n                masters: []\n                uuids:\n                - b66a39b8-f119-40a6-a5ff-cfce41ae413c\n            model: null\n            partitions: {}\n            removable: '0'\n            rotational: '0'\n            sas_address: null\n            sas_device_handle: null\n            scheduler_mode: ''\n            sectors: '20971520'\n            sectorsize: '512'\n            size: 10.00 GB\n            support_discard: '0'\n            vendor: null\n            virtual: 1\n        dm-3:\n            holders: []\n            host: ''\n            links:\n                ids:\n                - dm-name-vgworkstation01-lvvarlog\n                - dm-uuid-LVM-RdoHXAXEAxC0ow9BRqmkiKRw433bouFI1ucyXdc9JpR6HV4LtnxQc7MiOEno8xZa\n                labels:\n                - lvvarlog\n                masters: []\n                uuids:\n                - b2af6305-1dcb-49e3-88ec-cbbc37a5906f\n            model: null\n            partitions: {}\n            removable: '0'\n            rotational: '0'\n            sas_address: null\n            sas_device_handle: null\n            scheduler_mode: ''\n            sectors: '20971520'\n            sectorsize: '512'\n            size: 10.00 GB\n            support_discard: '0'\n            vendor: null\n            virtual: 1\n        dm-4:\n            holders: []\n            host: ''\n            links:\n                ids:\n                - dm-name-vgworkstation01-lvvar\n                - dm-uuid-LVM-RdoHXAXEAxC0ow9BRqmkiKRw433bouFIngiu04UCR092GKW19QX80WAK5fxAZ4X2\n                labels:\n                - lvvar\n                masters: []\n                uuids:\n                - fec4e3bc-0760-40a1-88db-8199c8ba7e35\n            model: null\n            partitions: {}\n            removable: '0'\n            rotational: '0'\n            sas_address: null\n            sas_device_handle: null\n            scheduler_mode: ''\n            sectors: '20971520'\n            sectorsize: '512'\n            size: 10.00 GB\n            support_discard: '0'\n            vendor: null\n            virtual: 1\n        dm-5:\n            holders: []\n            host: ''\n            links:\n                ids:\n                - dm-name-vgworkstation01-lvvauto\n                - dm-uuid-LVM-RdoHXAXEAxC0ow9BRqmkiKRw433bouFIA1aNndf96Dwu8j8ZMXXiJmPzMDtliHbf\n                labels: []\n                masters: []\n                uuids:\n                - dbb2750c-7993-48d6-9bf7-6ae879c25535\n            model: null\n            partitions: {}\n            removable: '0'\n            rotational: '0'\n            sas_address: null\n            sas_device_handle: null\n            scheduler_mode: ''\n            sectors: '104857600'\n            sectorsize: '512'\n            size: 50.00 GB\n            support_discard: '0'\n            vendor: null\n            virtual: 1\n        dm-6:\n            holders: []\n            host: ''\n            links:\n                ids:\n                - dm-name-vgworkstation01-lvmusic\n                - dm-uuid-LVM-RdoHXAXEAxC0ow9BRqmkiKRw433bouFI5QH8XK3KwA8t14JjEXyeRFtFQkM6oSjV\n                labels: []\n                masters: []\n                uuids:\n                - 580944e6-6de7-4036-8502-1ff0a9c24e02\n            model: null\n            partitions: {}\n            removable: '0'\n            rotational: '0'\n            sas_address: null\n            sas_device_handle: null\n            scheduler_mode: ''\n            sectors: '419430400'\n            sectorsize: '512'\n            size: 200.00 GB\n            support_discard: '0'\n            vendor: null\n            virtual: 1\n        dm-7:\n            holders: []\n            host: ''\n            links:\n                ids:\n                - dm-name-vgworkstation01-lvworkspace\n                - dm-uuid-LVM-RdoHXAXEAxC0ow9BRqmkiKRw433bouFIEiwJWn0jDFVCqugtF12LcEanKgwE0SKB\n                labels: []\n                masters: []\n                uuids:\n                - 3c4af38b-12e2-4de8-b6ea-c5fe380707f6\n            model: null\n            partitions: {}\n            removable: '0'\n            rotational: '0'\n            sas_address: null\n            sas_device_handle: null\n            scheduler_mode: ''\n            sectors: '104857600'\n            sectorsize: '512'\n            size: 50.00 GB\n            support_discard: '0'\n            vendor: null\n            virtual: 1\n        md125:\n            holders: []\n            host: ''\n            links:\n                ids:\n                - md-name-boot_efi\n                - md-uuid-1c3a5a4b:16c17201:eb8fb214:b2c37756\n                labels:\n                - boot_efi\n                masters: []\n                uuids:\n                - AC4E-B231\n            model: null\n            partitions: {}\n            removable: '0'\n            rotational: '0'\n            sas_address: null\n            sas_device_handle: null\n            scheduler_mode: ''\n            sectors: '419712'\n            sectorsize: '512'\n            size: 204.94 MB\n            support_discard: '512'\n            vendor: null\n            virtual: 1\n        md126:\n            holders: []\n            host: ''\n            links:\n                ids:\n                - md-name-workstation.rotthoff.home:boot\n                - md-uuid-3484ee85:66fcb689:c31725ad:f4880691\n                labels:\n                - boot\n                masters: []\n                uuids:\n                - 518a05c3-8313-48db-8ffb-d4557a2f3093\n            model: null\n            partitions: {}\n            removable: '0'\n            rotational: '0'\n            sas_address: null\n            sas_device_handle: null\n            scheduler_mode: ''\n            sectors: '2095104'\n            sectorsize: '512'\n            size: 1023.00 MB\n            support_discard: '512'\n            vendor: null\n            virtual: 1\n        md127:\n            holders:\n            - vgworkstation01-lvimages\n            - vgworkstation01-lvmusic\n            - vgworkstation01-lvvar\n            - vgworkstation01-lvhome\n            - vgworkstation01-lvroot\n            - vgworkstation01-lvworkspace\n            - vgworkstation01-lvvauto\n            - vgworkstation01-lvvarlog\n            host: ''\n            links:\n                ids:\n                - lvm-pv-uuid-h0cS4u-hjvn-JHhC-a1Pd-8g0q-a51J-wZG9Y6\n                - md-name-pvworkstation01\n                - md-uuid-7a90edb8:ffb2ed8d:f2c1da20:15593916\n                labels: []\n                masters:\n                - dm-0\n                - dm-1\n                - dm-2\n                - dm-3\n                - dm-4\n                - dm-5\n                - dm-6\n                - dm-7\n                uuids: []\n            model: null\n            partitions: {}\n            removable: '0'\n            rotational: '0'\n            sas_address: null\n            sas_device_handle: null\n            scheduler_mode: ''\n            sectors: '3961700352'\n            sectorsize: '512'\n            size: 1.84 TB\n            support_discard: '1048576'\n            vendor: null\n            virtual: 1\n        nvme0n1:\n            holders: []\n            host: 'Non-Volatile memory controller: Toshiba America Info Systems Device\n                0116'\n            links:\n                ids:\n                - nvme-KXG50ZNV1T02_NVMe_TOSHIBA_1024GB_18BS11MXTYAT\n                - nvme-eui.000000000000001000080d02003b5241\n                labels: []\n                masters: []\n                uuids: []\n            model: KXG50ZNV1T02 NVMe TOSHIBA 1024GB\n            partitions: {}\n            removable: '0'\n            rotational: '0'\n            sas_address: null\n            sas_device_handle: null\n            scheduler_mode: none\n            sectors: '2000409264'\n            sectorsize: '512'\n            size: 953.87 GB\n            support_discard: '512'\n            vendor: null\n            virtual: 1\n        nvme1n1:\n            holders: []\n            host: 'Non-Volatile memory controller: Toshiba America Info Systems Device\n                0116'\n            links:\n                ids:\n                - nvme-KXG50ZNV1T02_NVMe_TOSHIBA_1024GB_18LS10TTTYAT\n                - nvme-eui.000000000000001000080d02003c587a\n                labels: []\n                masters: []\n                uuids: []\n            model: KXG50ZNV1T02 NVMe TOSHIBA 1024GB\n            partitions: {}\n            removable: '0'\n            rotational: '0'\n            sas_address: null\n            sas_device_handle: null\n            scheduler_mode: none\n            sectors: '2000409264'\n            sectorsize: '512'\n            size: 953.87 GB\n            support_discard: '512'\n            vendor: null\n            virtual: 1\n        nvme2n1:\n            holders: []\n            host: 'Non-Volatile memory controller: Toshiba America Info Systems Device\n                0116'\n            links:\n                ids:\n                - nvme-KXG50ZNV1T02_NVMe_TOSHIBA_1024GB_18BS114KTYAT\n                - nvme-eui.000000000000001000080d02003b4fa1\n                labels: []\n                masters: []\n                uuids: []\n            model: KXG50ZNV1T02 NVMe TOSHIBA 1024GB\n            partitions: {}\n            removable: '0'\n            rotational: '0'\n            sas_address: null\n            sas_device_handle: null\n            scheduler_mode: none\n            sectors: '2000409264'\n            sectorsize: '512'\n            size: 953.87 GB\n            support_discard: '512'\n            vendor: null\n            virtual: 1\n    distribution: Fedora\n    distribution_file_parsed: true\n    distribution_file_path: /etc/redhat-release\n    distribution_file_variety: RedHat\n    distribution_major_version: '27'\n    distribution_release: Twenty Seven\n    distribution_version: '27'\n    dns:\n        nameservers:\n        - 127.0.0.1\n        - ::1\n        search:\n        - rotthoff.home\n        - workstation.rotthoff.home\n        - datacenter.rotthoff.home\n        - iscsi.rotthoff.home\n    domain: rotthoff.home\n    effective_group_id: 1000\n    effective_user_id: 1000\n    enp0s31f6:\n        active: true\n        device: enp0s31f6\n        features:\n            esp_hw_offload: off [fixed]\n            esp_tx_csum_hw_offload: off [fixed]\n            fcoe_mtu: off [fixed]\n            generic_receive_offload: 'on'\n            generic_segmentation_offload: 'on'\n            highdma: on [fixed]\n            hw_tc_offload: off [fixed]\n            l2_fwd_offload: off [fixed]\n            large_receive_offload: off [fixed]\n            loopback: off [fixed]\n            netns_local: off [fixed]\n            ntuple_filters: off [fixed]\n            receive_hashing: 'on'\n            rx_all: 'off'\n            rx_checksumming: 'on'\n            rx_fcs: 'off'\n            rx_gro_hw: off [fixed]\n            rx_udp_tunnel_port_offload: off [fixed]\n            rx_vlan_filter: off [fixed]\n            rx_vlan_offload: 'on'\n            rx_vlan_stag_filter: off [fixed]\n            rx_vlan_stag_hw_parse: off [fixed]\n            scatter_gather: 'on'\n            tcp_segmentation_offload: 'on'\n            tx_checksum_fcoe_crc: off [fixed]\n            tx_checksum_ip_generic: 'on'\n            tx_checksum_ipv4: off [fixed]\n            tx_checksum_ipv6: off [fixed]\n            tx_checksum_sctp: off [fixed]\n            tx_checksumming: 'on'\n            tx_esp_segmentation: off [fixed]\n            tx_fcoe_segmentation: off [fixed]\n            tx_gre_csum_segmentation: off [fixed]\n            tx_gre_segmentation: off [fixed]\n            tx_gso_partial: off [fixed]\n            tx_gso_robust: off [fixed]\n            tx_ipxip4_segmentation: off [fixed]\n            tx_ipxip6_segmentation: off [fixed]\n            tx_lockless: off [fixed]\n            tx_nocache_copy: 'off'\n            tx_scatter_gather: 'on'\n            tx_scatter_gather_fraglist: off [fixed]\n            tx_sctp_segmentation: off [fixed]\n            tx_tcp6_segmentation: 'on'\n            tx_tcp_ecn_segmentation: off [fixed]\n            tx_tcp_mangleid_segmentation: 'off'\n            tx_tcp_segmentation: 'on'\n            tx_udp_tnl_csum_segmentation: off [fixed]\n            tx_udp_tnl_segmentation: off [fixed]\n            tx_vlan_offload: 'on'\n            tx_vlan_stag_hw_insert: off [fixed]\n            udp_fragmentation_offload: 'off'\n            vlan_challenged: off [fixed]\n        hw_timestamp_filters:\n        - none\n        - all\n        - ptp_v1_l4_sync\n        - ptp_v1_l4_delay_req\n        - ptp_v2_l4_sync\n        - ptp_v2_l4_delay_req\n        - ptp_v2_l2_sync\n        - ptp_v2_l2_delay_req\n        - ptp_v2_event\n        - ptp_v2_sync\n        - ptp_v2_delay_req\n        macaddress: 10:65:30:16:b5:31\n        module: e1000e\n        mtu: 1500\n        pciid: 0000:00:1f.6\n        phc_index: 0\n        promisc: true\n        speed: 1000\n        timestamping:\n        - tx_hardware\n        - tx_software\n        - rx_hardware\n        - rx_software\n        - software\n        - raw_hardware\n        type: ether\n    env:\n        BASH_FUNC_module%%: '() {  eval `/usr/bin/modulecmd bash $*`\n\n            }'\n        BASH_FUNC_scl%%: \"() {  if [ \\\"$1\\\" = \\\"load\\\" -o \\\"$1\\\" = \\\"unload\\\" ]; then\\n\\\n            \\ eval \\\"module $@\\\";\\n else\\n /usr/bin/scl \\\"$@\\\";\\n fi\\n}\"\n        CVS_RSH: ssh\n        DBUS_SESSION_BUS_ADDRESS: unix:path=/run/user/1000/bus\n        GIT_SUBREPO_ROOT: /opt/git-subrepo\n        GUESTFISH_INIT: \\e[1;34m\n        GUESTFISH_OUTPUT: \\e[0m\n        GUESTFISH_PS1: '\\[\\e[1;32m\\]><fs>\\[\\e[0;31m\\] '\n        GUESTFISH_RESTORE: \\e[0m\n        HOME: /home/mdrotthoff\n        LANG: en_US.UTF-8\n        LESSOPEN: '||/usr/bin/lesspipe.sh %s'\n        LOADEDMODULES: ''\n        LOGNAME: mdrotthoff\n        LS_COLORS: 'rs=0:di=38;5;33:ln=38;5;51:mh=00:pi=40;38;5;11:so=38;5;13:do=38;5;5:bd=48;5;232;38;5;11:cd=48;5;232;38;5;3:or=48;5;232;38;5;9:mi=01;05;37;41:su=48;5;196;38;5;15:sg=48;5;11;38;5;16:ca=48;5;196;38;5;226:tw=48;5;10;38;5;16:ow=48;5;10;38;5;21:st=48;5;21;38;5;15:ex=38;5;40:*.tar=38;5;9:*.tgz=38;5;9:*.arc=38;5;9:*.arj=38;5;9:*.taz=38;5;9:*.lha=38;5;9:*.lz4=38;5;9:*.lzh=38;5;9:*.lzma=38;5;9:*.tlz=38;5;9:*.txz=38;5;9:*.tzo=38;5;9:*.t7z=38;5;9:*.zip=38;5;9:*.z=38;5;9:*.Z=38;5;9:*.dz=38;5;9:*.gz=38;5;9:*.lrz=38;5;9:*.lz=38;5;9:*.lzo=38;5;9:*.xz=38;5;9:*.zst=38;5;9:*.tzst=38;5;9:*.bz2=38;5;9:*.bz=38;5;9:*.tbz=38;5;9:*.tbz2=38;5;9:*.tz=38;5;9:*.deb=38;5;9:*.rpm=38;5;9:*.jar=38;5;9:*.war=38;5;9:*.ear=38;5;9:*.sar=38;5;9:*.rar=38;5;9:*.alz=38;5;9:*.ace=38;5;9:*.zoo=38;5;9:*.cpio=38;5;9:*.7z=38;5;9:*.rz=38;5;9:*.cab=38;5;9:*.wim=38;5;9:*.swm=38;5;9:*.dwm=38;5;9:*.esd=38;5;9:*.jpg=38;5;13:*.jpeg=38;5;13:*.mjpg=38;5;13:*.mjpeg=38;5;13:*.gif=38;5;13:*.bmp=38;5;13:*.pbm=38;5;13:*.pgm=38;5;13:*.ppm=38;5;13:*.tga=38;5;13:*.xbm=38;5;13:*.xpm=38;5;13:*.tif=38;5;13:*.tiff=38;5;13:*.png=38;5;13:*.svg=38;5;13:*.svgz=38;5;13:*.mng=38;5;13:*.pcx=38;5;13:*.mov=38;5;13:*.mpg=38;5;13:*.mpeg=38;5;13:*.m2v=38;5;13:*.mkv=38;5;13:*.webm=38;5;13:*.ogm=38;5;13:*.mp4=38;5;13:*.m4v=38;5;13:*.mp4v=38;5;13:*.vob=38;5;13:*.qt=38;5;13:*.nuv=38;5;13:*.wmv=38;5;13:*.asf=38;5;13:*.rm=38;5;13:*.rmvb=38;5;13:*.flc=38;5;13:*.avi=38;5;13:*.fli=38;5;13:*.flv=38;5;13:*.gl=38;5;13:*.dl=38;5;13:*.xcf=38;5;13:*.xwd=38;5;13:*.yuv=38;5;13:*.cgm=38;5;13:*.emf=38;5;13:*.ogv=38;5;13:*.ogx=38;5;13:*.aac=38;5;45:*.au=38;5;45:*.flac=38;5;45:*.m4a=38;5;45:*.mid=38;5;45:*.midi=38;5;45:*.mka=38;5;45:*.mp3=38;5;45:*.mpc=38;5;45:*.ogg=38;5;45:*.ra=38;5;45:*.wav=38;5;45:*.oga=38;5;45:*.opus=38;5;45:*.spx=38;5;45:*.xspf=38;5;45:'\n        MAIL: /var/mail/mdrotthoff\n        MANPATH: '/opt/git-subrepo/man:'\n        MODULEPATH: /etc/scl/modulefiles:/usr/share/Modules/modulefiles:/etc/modulefiles:/usr/share/modulefiles\n        MODULESHOME: /usr/share/Modules\n        PATH: /opt/git-subrepo/lib:/usr/local/bin:/usr/bin\n        PWD: /home/mdrotthoff\n        SELINUX_LEVEL_REQUESTED: ''\n        SELINUX_ROLE_REQUESTED: ''\n        SELINUX_USE_CURRENT_RANGE: ''\n        SHELL: /bin/bash\n        SHLVL: '2'\n        SSH_ASKPASS: /usr/libexec/openssh/gnome-ssh-askpass\n        SSH_CLIENT: ::1 35072 22\n        SSH_CONNECTION: ::1 35072 ::1 22\n        SSH_TTY: /dev/pts/4\n        TERM: xterm-256color\n        USER: mdrotthoff\n        XDG_DATA_DIRS: /home/mdrotthoff/.local/share/flatpak/exports/share:/var/lib/flatpak/exports/share:/usr/local/share:/usr/share\n        XDG_RUNTIME_DIR: /run/user/1000\n        XDG_SESSION_ID: '166'\n        XMODIFIERS: '@im=ibus'\n        _: /usr/bin/python\n    fips: false\n    form_factor: Notebook\n    fqdn: workstation.rotthoff.home\n    gather_subset:\n    - all\n    hostname: workstation\n    interfaces:\n    - bridge0\n    - lo\n    - vnet1\n    - wlp3s0\n    - vpn0\n    - enp0s31f6\n    - virbr0-nic\n    - virbr0\n    is_chroot: false\n    kernel: 4.16.11-200.fc27.x86_64\n    lo:\n        active: true\n        device: lo\n        features:\n            esp_hw_offload: off [fixed]\n            esp_tx_csum_hw_offload: off [fixed]\n            fcoe_mtu: off [fixed]\n            generic_receive_offload: 'on'\n            generic_segmentation_offload: 'on'\n            highdma: on [fixed]\n            hw_tc_offload: off [fixed]\n            l2_fwd_offload: off [fixed]\n            large_receive_offload: off [fixed]\n            loopback: on [fixed]\n            netns_local: on [fixed]\n            ntuple_filters: off [fixed]\n            receive_hashing: off [fixed]\n            rx_all: off [fixed]\n            rx_checksumming: on [fixed]\n            rx_fcs: off [fixed]\n            rx_gro_hw: off [fixed]\n            rx_udp_tunnel_port_offload: off [fixed]\n            rx_vlan_filter: off [fixed]\n            rx_vlan_offload: off [fixed]\n            rx_vlan_stag_filter: off [fixed]\n            rx_vlan_stag_hw_parse: off [fixed]\n            scatter_gather: 'on'\n            tcp_segmentation_offload: 'on'\n            tx_checksum_fcoe_crc: off [fixed]\n            tx_checksum_ip_generic: on [fixed]\n            tx_checksum_ipv4: off [fixed]\n            tx_checksum_ipv6: off [fixed]\n            tx_checksum_sctp: on [fixed]\n            tx_checksumming: 'on'\n            tx_esp_segmentation: off [fixed]\n            tx_fcoe_segmentation: off [fixed]\n            tx_gre_csum_segmentation: off [fixed]\n            tx_gre_segmentation: off [fixed]\n            tx_gso_partial: off [fixed]\n            tx_gso_robust: off [fixed]\n            tx_ipxip4_segmentation: off [fixed]\n            tx_ipxip6_segmentation: off [fixed]\n            tx_lockless: on [fixed]\n            tx_nocache_copy: off [fixed]\n            tx_scatter_gather: on [fixed]\n            tx_scatter_gather_fraglist: on [fixed]\n            tx_sctp_segmentation: 'on'\n            tx_tcp6_segmentation: 'on'\n            tx_tcp_ecn_segmentation: 'on'\n            tx_tcp_mangleid_segmentation: 'on'\n            tx_tcp_segmentation: 'on'\n            tx_udp_tnl_csum_segmentation: off [fixed]\n            tx_udp_tnl_segmentation: off [fixed]\n            tx_vlan_offload: off [fixed]\n            tx_vlan_stag_hw_insert: off [fixed]\n            udp_fragmentation_offload: 'off'\n            vlan_challenged: on [fixed]\n        hw_timestamp_filters: []\n        ipv4:\n            address: 127.0.0.1\n            broadcast: host\n            netmask: 255.0.0.0\n            network: 127.0.0.0\n        ipv6:\n        -   address: ::1\n            prefix: '128'\n            scope: host\n        mtu: 65536\n        promisc: false\n        timestamping:\n        - tx_software\n        - rx_software\n        - software\n        type: loopback\n    lsb:\n        codename: TwentySeven\n        description: Fedora release 27 (Twenty Seven)\n        id: Fedora\n        major_release: '27'\n        release: '27'\n    machine: x86_64\n    machine_id: b7d19f25aee2421fb2a1719b837fb935\n    memfree_mb: 56233\n    memory_mb:\n        nocache:\n            free: 59763\n            used: 4581\n        real:\n            free: 56233\n            total: 64344\n            used: 8111\n        swap:\n            cached: 0\n            free: 24575\n            total: 24575\n            used: 0\n    memtotal_mb: 64344\n    module_setup: true\n    mounts:\n    -   block_available: 4545596\n        block_size: 4096\n        block_total: 7708137\n        block_used: 3162541\n        device: /dev/mapper/vgworkstation01-lvroot\n        fstype: ext4\n        inode_available: 1545407\n        inode_total: 1966080\n        inode_used: 420673\n        mount: /\n        options: rw,seclabel,relatime,stripe=256,data=ordered\n        size_available: 18618761216\n        size_total: 31572529152\n        uuid: 65f16aa7-6071-4bec-b950-bab3abf25c75\n    -   block_available: 188090\n        block_size: 4096\n        block_total: 253670\n        block_used: 65580\n        device: /dev/md126\n        fstype: ext4\n        inode_available: 65439\n        inode_total: 65536\n        inode_used: 97\n        mount: /boot\n        options: rw,seclabel,relatime,data=ordered\n        size_available: 770416640\n        size_total: 1039032320\n        uuid: 518a05c3-8313-48db-8ffb-d4557a2f3093\n    -   block_available: 49625\n        block_size: 4096\n        block_total: 52407\n        block_used: 2782\n        device: /dev/md125\n        fstype: vfat\n        inode_available: 0\n        inode_total: 0\n        inode_used: 0\n        mount: /boot/efi\n        options: rw,relatime,fmask=0077,dmask=0077,codepage=437,iocharset=ascii,shortname=winnt,errors=remount-ro\n        size_available: 203264000\n        size_total: 214659072\n        uuid: AC4E-B231\n    -   block_available: 596502\n        block_size: 4096\n        block_total: 2563909\n        block_used: 1967407\n        device: /dev/mapper/vgworkstation01-lvhome\n        fstype: ext4\n        inode_available: 625881\n        inode_total: 655360\n        inode_used: 29479\n        mount: /home\n        options: rw,seclabel,relatime,stripe=256,data=ordered\n        size_available: 2443272192\n        size_total: 10501771264\n        uuid: b66a39b8-f119-40a6-a5ff-cfce41ae413c\n    -   block_available: 1278966\n        block_size: 4096\n        block_total: 2563909\n        block_used: 1284943\n        device: /dev/mapper/vgworkstation01-lvvar\n        fstype: ext4\n        inode_available: 644788\n        inode_total: 655360\n        inode_used: 10572\n        mount: /var\n        options: rw,seclabel,relatime,stripe=256,data=ordered\n        size_available: 5238644736\n        size_total: 10501771264\n        uuid: fec4e3bc-0760-40a1-88db-8199c8ba7e35\n    -   block_available: 9426366\n        block_size: 4096\n        block_total: 12835960\n        block_used: 3409594\n        device: /dev/mapper/vgworkstation01-lvworkspace\n        fstype: ext4\n        inode_available: 3104632\n        inode_total: 3276800\n        inode_used: 172168\n        mount: /home/mdrotthoff/workspaces\n        options: rw,seclabel,relatime,stripe=256,data=ordered\n        size_available: 38610395136\n        size_total: 52576092160\n        uuid: 3c4af38b-12e2-4de8-b6ea-c5fe380707f6\n    -   block_available: 35261036\n        block_size: 4096\n        block_total: 51343866\n        block_used: 16082830\n        device: /dev/mapper/vgworkstation01-lvmusic\n        fstype: ext4\n        inode_available: 13090295\n        inode_total: 13107200\n        inode_used: 16905\n        mount: /home/mdrotthoff/Music\n        options: rw,seclabel,relatime,stripe=256,data=ordered\n        size_available: 144429203456\n        size_total: 210304475136\n        uuid: 580944e6-6de7-4036-8502-1ff0a9c24e02\n    -   block_available: 7903787\n        block_size: 4096\n        block_total: 12835960\n        block_used: 4932173\n        device: /dev/mapper/vgworkstation01-lvvauto\n        fstype: ext4\n        inode_available: 3246265\n        inode_total: 3276800\n        inode_used: 30535\n        mount: /home/mdrotthoff/vauto\n        options: rw,seclabel,relatime,stripe=256,data=ordered\n        size_available: 32373911552\n        size_total: 52576092160\n        uuid: dbb2750c-7993-48d6-9bf7-6ae879c25535\n    -   block_available: 164842576\n        block_size: 4096\n        block_total: 283570415\n        block_used: 118727839\n        device: /dev/mapper/vgworkstation01-lvimages\n        fstype: ext4\n        inode_available: 72089500\n        inode_total: 72089600\n        inode_used: 100\n        mount: /var/lib/libvirt/images\n        options: rw,seclabel,relatime,stripe=256,data=ordered\n        size_available: 675195191296\n        size_total: 1161504419840\n        uuid: a4c7b96f-40b6-49e2-a333-5f6a52d8de06\n    -   block_available: 2284117\n        block_size: 4096\n        block_total: 2563909\n        block_used: 279792\n        device: /dev/mapper/vgworkstation01-lvvarlog\n        fstype: ext4\n        inode_available: 655146\n        inode_total: 655360\n        inode_used: 214\n        mount: /var/log\n        options: rw,seclabel,relatime,stripe=256,data=ordered\n        size_available: 9355743232\n        size_total: 10501771264\n        uuid: b2af6305-1dcb-49e3-88ec-cbbc37a5906f\n    nodename: workstation.rotthoff.home\n    os_family: RedHat\n    pkg_mgr: dnf\n    processor:\n    - '0'\n    - GenuineIntel\n    - Intel(R) Xeon(R) CPU E3-1535M v6 @ 3.10GHz\n    - '1'\n    - GenuineIntel\n    - Intel(R) Xeon(R) CPU E3-1535M v6 @ 3.10GHz\n    - '2'\n    - GenuineIntel\n    - Intel(R) Xeon(R) CPU E3-1535M v6 @ 3.10GHz\n    - '3'\n    - GenuineIntel\n    - Intel(R) Xeon(R) CPU E3-1535M v6 @ 3.10GHz\n    - '4'\n    - GenuineIntel\n    - Intel(R) Xeon(R) CPU E3-1535M v6 @ 3.10GHz\n    - '5'\n    - GenuineIntel\n    - Intel(R) Xeon(R) CPU E3-1535M v6 @ 3.10GHz\n    - '6'\n    - GenuineIntel\n    - Intel(R) Xeon(R) CPU E3-1535M v6 @ 3.10GHz\n    - '7'\n    - GenuineIntel\n    - Intel(R) Xeon(R) CPU E3-1535M v6 @ 3.10GHz\n    processor_cores: 4\n    processor_count: 1\n    processor_threads_per_core: 2\n    processor_vcpus: 8\n    product_name: Precision 7720\n    product_serial: NA\n    product_uuid: NA\n    product_version: NA\n    python:\n        executable: /usr/bin/python\n        has_sslcontext: true\n        type: CPython\n        version:\n            major: 2\n            micro: 15\n            minor: 7\n            releaselevel: final\n            serial: 0\n        version_info:\n        - 2\n        - 7\n        - 15\n        - final\n        - 0\n    python_version: 2.7.15\n    real_group_id: 1000\n    real_user_id: 1000\n    selinux:\n        config_mode: enforcing\n        mode: enforcing\n        policyvers: 31\n        status: enabled\n        type: targeted\n    selinux_python_present: true\n    service_mgr: systemd\n    ssh_host_key_ecdsa_public: AAAAE2VjZHNhLXNoYTItbmlzdHAyNTYAAAAIbmlzdHAyNTYAAABBBLFj4TXqgul7JJFzJif8uSXkv/uHVSLHR135E5JToysmDlV16na8WiTtmN6dJbVPmLK5ROBkJou51IphfkKPZIU=\n    ssh_host_key_ed25519_public: AAAAC3NzaC1lZDI1NTE5AAAAIEQ+m5vc6nkgTx0AqTOULKxHz1gigCxWHYtvj6t1ogLl\n    ssh_host_key_rsa_public: AAAAB3NzaC1yc2EAAAADAQABAAABAQDYgt91wPR+/E5Ltifm4DLP3E2neI43G5Z47c84uP4F1MatjomPM6tzFyOJuduNPomWmAj5dgTm0lm+2dK9ORD+sNmCyCH29uZSctN7rjFv4n3D597+2GH6aeWJUujCXn71/X3ao+Znk5agYZjhKCiPIwMFT/Ylq0nX27DbUApt/dmPmoYFFxPgyJrPqVMgSdZ4uU6IIUFPwyX1+BZTdVfTIS8iEYKX+eP2RwKMlpSq7Fv6bSZls0nYFTDxfthCUdT2KiE0KfMsn3BcfJt2Uyk4yDxdn4x6JhDq2Gxc4Q4iqTgowk5hbkBPdj6daCnOioGCNLOVCZnuOVv7Fh8hvsQN\n    swapfree_mb: 24575\n    swaptotal_mb: 24575\n    system: Linux\n    system_capabilities:\n    - ''\n    system_capabilities_enforced: 'True'\n    system_vendor: Dell Inc.\n    uptime_seconds: 54606\n    user_dir: /home/mdrotthoff\n    user_gecos: David Rotthofff\n    user_gid: 1000\n    user_id: mdrotthoff\n    user_shell: /bin/bash\n    user_uid: 1000\n    userspace_architecture: x86_64\n    userspace_bits: '64'\n    virbr0:\n        active: false\n        device: virbr0\n        features:\n            esp_hw_offload: off [fixed]\n            esp_tx_csum_hw_offload: off [fixed]\n            fcoe_mtu: off [fixed]\n            generic_receive_offload: 'on'\n            generic_segmentation_offload: 'on'\n            highdma: off [requested on]\n            hw_tc_offload: off [fixed]\n            l2_fwd_offload: off [fixed]\n            large_receive_offload: off [fixed]\n            loopback: off [fixed]\n            netns_local: on [fixed]\n            ntuple_filters: off [fixed]\n            receive_hashing: off [fixed]\n            rx_all: off [fixed]\n            rx_checksumming: off [fixed]\n            rx_fcs: off [fixed]\n            rx_gro_hw: off [fixed]\n            rx_udp_tunnel_port_offload: off [fixed]\n            rx_vlan_filter: off [fixed]\n            rx_vlan_offload: off [fixed]\n            rx_vlan_stag_filter: off [fixed]\n            rx_vlan_stag_hw_parse: off [fixed]\n            scatter_gather: 'on'\n            tcp_segmentation_offload: 'on'\n            tx_checksum_fcoe_crc: off [fixed]\n            tx_checksum_ip_generic: 'on'\n            tx_checksum_ipv4: off [fixed]\n            tx_checksum_ipv6: off [fixed]\n            tx_checksum_sctp: off [fixed]\n            tx_checksumming: 'on'\n            tx_esp_segmentation: 'on'\n            tx_fcoe_segmentation: off [requested on]\n            tx_gre_csum_segmentation: 'on'\n            tx_gre_segmentation: 'on'\n            tx_gso_partial: 'on'\n            tx_gso_robust: off [requested on]\n            tx_ipxip4_segmentation: 'on'\n            tx_ipxip6_segmentation: 'on'\n            tx_lockless: on [fixed]\n            tx_nocache_copy: 'off'\n            tx_scatter_gather: 'on'\n            tx_scatter_gather_fraglist: 'on'\n            tx_sctp_segmentation: off [requested on]\n            tx_tcp6_segmentation: 'on'\n            tx_tcp_ecn_segmentation: 'on'\n            tx_tcp_mangleid_segmentation: 'on'\n            tx_tcp_segmentation: 'on'\n            tx_udp_tnl_csum_segmentation: 'on'\n            tx_udp_tnl_segmentation: 'on'\n            tx_vlan_offload: 'on'\n            tx_vlan_stag_hw_insert: 'on'\n            udp_fragmentation_offload: 'off'\n            vlan_challenged: off [fixed]\n        hw_timestamp_filters: []\n        id: 8000.5254005aecb3\n        interfaces:\n        - virbr0-nic\n        ipv4:\n            address: 192.168.100.1\n            broadcast: 192.168.100.255\n            netmask: 255.255.255.0\n            network: 192.168.100.0\n        macaddress: 52:54:00:5a:ec:b3\n        mtu: 1500\n        promisc: false\n        stp: true\n        timestamping:\n        - rx_software\n        - software\n        type: bridge\n    virbr0_nic:\n        active: false\n        device: virbr0-nic\n        features:\n            esp_hw_offload: off [fixed]\n            esp_tx_csum_hw_offload: off [fixed]\n            fcoe_mtu: off [fixed]\n            generic_receive_offload: 'on'\n            generic_segmentation_offload: 'on'\n            highdma: off [fixed]\n            hw_tc_offload: off [fixed]\n            l2_fwd_offload: off [fixed]\n            large_receive_offload: off [fixed]\n            loopback: off [fixed]\n            netns_local: off [fixed]\n            ntuple_filters: off [fixed]\n            receive_hashing: off [fixed]\n            rx_all: off [fixed]\n            rx_checksumming: off [fixed]\n            rx_fcs: off [fixed]\n            rx_gro_hw: off [fixed]\n            rx_udp_tunnel_port_offload: off [fixed]\n            rx_vlan_filter: off [fixed]\n            rx_vlan_offload: off [fixed]\n            rx_vlan_stag_filter: off [fixed]\n            rx_vlan_stag_hw_parse: off [fixed]\n            scatter_gather: 'on'\n            tcp_segmentation_offload: 'off'\n            tx_checksum_fcoe_crc: off [fixed]\n            tx_checksum_ip_generic: off [requested on]\n            tx_checksum_ipv4: off [fixed]\n            tx_checksum_ipv6: off [fixed]\n            tx_checksum_sctp: off [fixed]\n            tx_checksumming: 'off'\n            tx_esp_segmentation: off [fixed]\n            tx_fcoe_segmentation: off [fixed]\n            tx_gre_csum_segmentation: off [fixed]\n            tx_gre_segmentation: off [fixed]\n            tx_gso_partial: off [fixed]\n            tx_gso_robust: off [fixed]\n            tx_ipxip4_segmentation: off [fixed]\n            tx_ipxip6_segmentation: off [fixed]\n            tx_lockless: on [fixed]\n            tx_nocache_copy: 'off'\n            tx_scatter_gather: 'on'\n            tx_scatter_gather_fraglist: 'on'\n            tx_sctp_segmentation: off [fixed]\n            tx_tcp6_segmentation: off [requested on]\n            tx_tcp_ecn_segmentation: off [requested on]\n            tx_tcp_mangleid_segmentation: 'off'\n            tx_tcp_segmentation: off [requested on]\n            tx_udp_tnl_csum_segmentation: off [fixed]\n            tx_udp_tnl_segmentation: off [fixed]\n            tx_vlan_offload: 'on'\n            tx_vlan_stag_hw_insert: 'on'\n            udp_fragmentation_offload: 'off'\n            vlan_challenged: off [fixed]\n        hw_timestamp_filters: []\n        macaddress: 52:54:00:5a:ec:b3\n        mtu: 1500\n        promisc: true\n        timestamping:\n        - tx_software\n        - rx_software\n        - software\n        type: ether\n    virtualization_role: host\n    virtualization_type: kvm\n    vnet1:\n        active: true\n        device: vnet1\n        features:\n            esp_hw_offload: off [fixed]\n            esp_tx_csum_hw_offload: off [fixed]\n            fcoe_mtu: off [fixed]\n            generic_receive_offload: 'on'\n            generic_segmentation_offload: 'on'\n            highdma: off [fixed]\n            hw_tc_offload: off [fixed]\n            l2_fwd_offload: off [fixed]\n            large_receive_offload: off [fixed]\n            loopback: off [fixed]\n            netns_local: off [fixed]\n            ntuple_filters: off [fixed]\n            receive_hashing: off [fixed]\n            rx_all: off [fixed]\n            rx_checksumming: off [fixed]\n            rx_fcs: off [fixed]\n            rx_gro_hw: off [fixed]\n            rx_udp_tunnel_port_offload: off [fixed]\n            rx_vlan_filter: off [fixed]\n            rx_vlan_offload: off [fixed]\n            rx_vlan_stag_filter: off [fixed]\n            rx_vlan_stag_hw_parse: off [fixed]\n            scatter_gather: 'on'\n            tcp_segmentation_offload: 'on'\n            tx_checksum_fcoe_crc: off [fixed]\n            tx_checksum_ip_generic: 'on'\n            tx_checksum_ipv4: off [fixed]\n            tx_checksum_ipv6: off [fixed]\n            tx_checksum_sctp: off [fixed]\n            tx_checksumming: 'on'\n            tx_esp_segmentation: off [fixed]\n            tx_fcoe_segmentation: off [fixed]\n            tx_gre_csum_segmentation: off [fixed]\n            tx_gre_segmentation: off [fixed]\n            tx_gso_partial: off [fixed]\n            tx_gso_robust: off [fixed]\n            tx_ipxip4_segmentation: off [fixed]\n            tx_ipxip6_segmentation: off [fixed]\n            tx_lockless: on [fixed]\n            tx_nocache_copy: 'off'\n            tx_scatter_gather: 'on'\n            tx_scatter_gather_fraglist: 'on'\n            tx_sctp_segmentation: off [fixed]\n            tx_tcp6_segmentation: 'on'\n            tx_tcp_ecn_segmentation: 'on'\n            tx_tcp_mangleid_segmentation: 'off'\n            tx_tcp_segmentation: 'on'\n            tx_udp_tnl_csum_segmentation: off [fixed]\n            tx_udp_tnl_segmentation: off [fixed]\n            tx_vlan_offload: 'on'\n            tx_vlan_stag_hw_insert: 'on'\n            udp_fragmentation_offload: 'off'\n            vlan_challenged: off [fixed]\n        hw_timestamp_filters: []\n        ipv6:\n        -   address: fe80::fc54:ff:feb5:50eb\n            prefix: '64'\n            scope: link\n        macaddress: fe:54:00:b5:50:eb\n        mtu: 1500\n        promisc: true\n        speed: 10\n        timestamping:\n        - tx_software\n        - rx_software\n        - software\n        type: ether\n    vpn0:\n        active: false\n        device: vpn0\n        features:\n            esp_hw_offload: off [fixed]\n            esp_tx_csum_hw_offload: off [fixed]\n            fcoe_mtu: off [fixed]\n            generic_receive_offload: 'on'\n            generic_segmentation_offload: 'on'\n            highdma: off [fixed]\n            hw_tc_offload: off [fixed]\n            l2_fwd_offload: off [fixed]\n            large_receive_offload: off [fixed]\n            loopback: off [fixed]\n            netns_local: off [fixed]\n            ntuple_filters: off [fixed]\n            receive_hashing: off [fixed]\n            rx_all: off [fixed]\n            rx_checksumming: off [fixed]\n            rx_fcs: off [fixed]\n            rx_gro_hw: off [fixed]\n            rx_udp_tunnel_port_offload: off [fixed]\n            rx_vlan_filter: off [fixed]\n            rx_vlan_offload: off [fixed]\n            rx_vlan_stag_filter: off [fixed]\n            rx_vlan_stag_hw_parse: off [fixed]\n            scatter_gather: 'on'\n            tcp_segmentation_offload: 'off'\n            tx_checksum_fcoe_crc: off [fixed]\n            tx_checksum_ip_generic: off [requested on]\n            tx_checksum_ipv4: off [fixed]\n            tx_checksum_ipv6: off [fixed]\n            tx_checksum_sctp: off [fixed]\n            tx_checksumming: 'off'\n            tx_esp_segmentation: off [fixed]\n            tx_fcoe_segmentation: off [fixed]\n            tx_gre_csum_segmentation: off [fixed]\n            tx_gre_segmentation: off [fixed]\n            tx_gso_partial: off [fixed]\n            tx_gso_robust: off [fixed]\n            tx_ipxip4_segmentation: off [fixed]\n            tx_ipxip6_segmentation: off [fixed]\n            tx_lockless: on [fixed]\n            tx_nocache_copy: 'off'\n            tx_scatter_gather: 'on'\n            tx_scatter_gather_fraglist: 'on'\n            tx_sctp_segmentation: off [fixed]\n            tx_tcp6_segmentation: off [requested on]\n            tx_tcp_ecn_segmentation: off [requested on]\n            tx_tcp_mangleid_segmentation: 'off'\n            tx_tcp_segmentation: off [requested on]\n            tx_udp_tnl_csum_segmentation: off [fixed]\n            tx_udp_tnl_segmentation: off [fixed]\n            tx_vlan_offload: 'on'\n            tx_vlan_stag_hw_insert: 'on'\n            udp_fragmentation_offload: 'off'\n            vlan_challenged: off [fixed]\n        hw_timestamp_filters: []\n        mtu: 1406\n        promisc: false\n        timestamping:\n        - tx_software\n        - rx_software\n        - software\n        type: tunnel\n    wlp3s0:\n        active: false\n        device: wlp3s0\n        features:\n            esp_hw_offload: off [fixed]\n            esp_tx_csum_hw_offload: off [fixed]\n            fcoe_mtu: off [fixed]\n            generic_receive_offload: 'on'\n            generic_segmentation_offload: 'on'\n            highdma: on [fixed]\n            hw_tc_offload: off [fixed]\n            l2_fwd_offload: off [fixed]\n            large_receive_offload: off [fixed]\n            loopback: off [fixed]\n            netns_local: on [fixed]\n            ntuple_filters: off [fixed]\n            receive_hashing: off [fixed]\n            rx_all: off [fixed]\n            rx_checksumming: off [fixed]\n            rx_fcs: off [fixed]\n            rx_gro_hw: off [fixed]\n            rx_udp_tunnel_port_offload: off [fixed]\n            rx_vlan_filter: off [fixed]\n            rx_vlan_offload: off [fixed]\n            rx_vlan_stag_filter: off [fixed]\n            rx_vlan_stag_hw_parse: off [fixed]\n            scatter_gather: 'on'\n            tcp_segmentation_offload: 'off'\n            tx_checksum_fcoe_crc: off [fixed]\n            tx_checksum_ip_generic: off [fixed]\n            tx_checksum_ipv4: off [fixed]\n            tx_checksum_ipv6: off [fixed]\n            tx_checksum_sctp: off [fixed]\n            tx_checksumming: 'off'\n            tx_esp_segmentation: off [fixed]\n            tx_fcoe_segmentation: off [fixed]\n            tx_gre_csum_segmentation: off [fixed]\n            tx_gre_segmentation: off [fixed]\n            tx_gso_partial: off [fixed]\n            tx_gso_robust: off [fixed]\n            tx_ipxip4_segmentation: off [fixed]\n            tx_ipxip6_segmentation: off [fixed]\n            tx_lockless: off [fixed]\n            tx_nocache_copy: 'off'\n            tx_scatter_gather: on [fixed]\n            tx_scatter_gather_fraglist: off [fixed]\n            tx_sctp_segmentation: off [fixed]\n            tx_tcp6_segmentation: off [fixed]\n            tx_tcp_ecn_segmentation: off [fixed]\n            tx_tcp_mangleid_segmentation: off [fixed]\n            tx_tcp_segmentation: off [fixed]\n            tx_udp_tnl_csum_segmentation: off [fixed]\n            tx_udp_tnl_segmentation: off [fixed]\n            tx_vlan_offload: off [fixed]\n            tx_vlan_stag_hw_insert: off [fixed]\n            udp_fragmentation_offload: 'off'\n            vlan_challenged: off [fixed]\n        hw_timestamp_filters: []\n        macaddress: aa:e0:b3:36:0d:bd\n        module: iwlwifi\n        mtu: 1500\n        pciid: '0000:03:00.0'\n        promisc: false\n        timestamping:\n        - rx_software\n        - software\n        type: ether\nansible_fips: false\nansible_forks: 5\nansible_form_factor: Notebook\nansible_fqdn: workstation.rotthoff.home\nansible_hostname: workstation\nansible_interfaces:\n- bridge0\n- lo\n- vnet1\n- wlp3s0\n- vpn0\n- enp0s31f6\n- virbr0-nic\n- virbr0\nansible_inventory_sources:\n- /home/mdrotthoff/workspaces/mdrotthoff.ansible/ansible/roles/mdrotthoff.sshknownhosts/tests/inventory\nansible_is_chroot: false\nansible_kernel: 4.16.11-200.fc27.x86_64\nansible_lo:\n    active: true\n    device: lo\n    features:\n        esp_hw_offload: off [fixed]\n        esp_tx_csum_hw_offload: off [fixed]\n        fcoe_mtu: off [fixed]\n        generic_receive_offload: 'on'\n        generic_segmentation_offload: 'on'\n        highdma: on [fixed]\n        hw_tc_offload: off [fixed]\n        l2_fwd_offload: off [fixed]\n        large_receive_offload: off [fixed]\n        loopback: on [fixed]\n        netns_local: on [fixed]\n        ntuple_filters: off [fixed]\n        receive_hashing: off [fixed]\n        rx_all: off [fixed]\n        rx_checksumming: on [fixed]\n        rx_fcs: off [fixed]\n        rx_gro_hw: off [fixed]\n        rx_udp_tunnel_port_offload: off [fixed]\n        rx_vlan_filter: off [fixed]\n        rx_vlan_offload: off [fixed]\n        rx_vlan_stag_filter: off [fixed]\n        rx_vlan_stag_hw_parse: off [fixed]\n        scatter_gather: 'on'\n        tcp_segmentation_offload: 'on'\n        tx_checksum_fcoe_crc: off [fixed]\n        tx_checksum_ip_generic: on [fixed]\n        tx_checksum_ipv4: off [fixed]\n        tx_checksum_ipv6: off [fixed]\n        tx_checksum_sctp: on [fixed]\n        tx_checksumming: 'on'\n        tx_esp_segmentation: off [fixed]\n        tx_fcoe_segmentation: off [fixed]\n        tx_gre_csum_segmentation: off [fixed]\n        tx_gre_segmentation: off [fixed]\n        tx_gso_partial: off [fixed]\n        tx_gso_robust: off [fixed]\n        tx_ipxip4_segmentation: off [fixed]\n        tx_ipxip6_segmentation: off [fixed]\n        tx_lockless: on [fixed]\n        tx_nocache_copy: off [fixed]\n        tx_scatter_gather: on [fixed]\n        tx_scatter_gather_fraglist: on [fixed]\n        tx_sctp_segmentation: 'on'\n        tx_tcp6_segmentation: 'on'\n        tx_tcp_ecn_segmentation: 'on'\n        tx_tcp_mangleid_segmentation: 'on'\n        tx_tcp_segmentation: 'on'\n        tx_udp_tnl_csum_segmentation: off [fixed]\n        tx_udp_tnl_segmentation: off [fixed]\n        tx_vlan_offload: off [fixed]\n        tx_vlan_stag_hw_insert: off [fixed]\n        udp_fragmentation_offload: 'off'\n        vlan_challenged: on [fixed]\n    hw_timestamp_filters: []\n    ipv4:\n        address: 127.0.0.1\n        broadcast: host\n        netmask: 255.0.0.0\n        network: 127.0.0.0\n    ipv6:\n    -   address: ::1\n        prefix: '128'\n        scope: host\n    mtu: 65536\n    promisc: false\n    timestamping:\n    - tx_software\n    - rx_software\n    - software\n    type: loopback\nansible_local: {}\nansible_lsb:\n    codename: TwentySeven\n    description: Fedora release 27 (Twenty Seven)\n    id: Fedora\n    major_release: '27'\n    release: '27'\nansible_machine: x86_64\nansible_machine_id: b7d19f25aee2421fb2a1719b837fb935\nansible_memfree_mb: 56233\nansible_memory_mb:\n    nocache:\n        free: 59763\n        used: 4581\n    real:\n        free: 56233\n        total: 64344\n        used: 8111\n    swap:\n        cached: 0\n        free: 24575\n        total: 24575\n        used: 0\nansible_memtotal_mb: 64344\nansible_mounts:\n-   block_available: 4545596\n    block_size: 4096\n    block_total: 7708137\n    block_used: 3162541\n    device: /dev/mapper/vgworkstation01-lvroot\n    fstype: ext4\n    inode_available: 1545407\n    inode_total: 1966080\n    inode_used: 420673\n    mount: /\n    options: rw,seclabel,relatime,stripe=256,data=ordered\n    size_available: 18618761216\n    size_total: 31572529152\n    uuid: 65f16aa7-6071-4bec-b950-bab3abf25c75\n-   block_available: 188090\n    block_size: 4096\n    block_total: 253670\n    block_used: 65580\n    device: /dev/md126\n    fstype: ext4\n    inode_available: 65439\n    inode_total: 65536\n    inode_used: 97\n    mount: /boot\n    options: rw,seclabel,relatime,data=ordered\n    size_available: 770416640\n    size_total: 1039032320\n    uuid: 518a05c3-8313-48db-8ffb-d4557a2f3093\n-   block_available: 49625\n    block_size: 4096\n    block_total: 52407\n    block_used: 2782\n    device: /dev/md125\n    fstype: vfat\n    inode_available: 0\n    inode_total: 0\n    inode_used: 0\n    mount: /boot/efi\n    options: rw,relatime,fmask=0077,dmask=0077,codepage=437,iocharset=ascii,shortname=winnt,errors=remount-ro\n    size_available: 203264000\n    size_total: 214659072\n    uuid: AC4E-B231\n-   block_available: 596502\n    block_size: 4096\n    block_total: 2563909\n    block_used: 1967407\n    device: /dev/mapper/vgworkstation01-lvhome\n    fstype: ext4\n    inode_available: 625881\n    inode_total: 655360\n    inode_used: 29479\n    mount: /home\n    options: rw,seclabel,relatime,stripe=256,data=ordered\n    size_available: 2443272192\n    size_total: 10501771264\n    uuid: b66a39b8-f119-40a6-a5ff-cfce41ae413c\n-   block_available: 1278966\n    block_size: 4096\n    block_total: 2563909\n    block_used: 1284943\n    device: /dev/mapper/vgworkstation01-lvvar\n    fstype: ext4\n    inode_available: 644788\n    inode_total: 655360\n    inode_used: 10572\n    mount: /var\n    options: rw,seclabel,relatime,stripe=256,data=ordered\n    size_available: 5238644736\n    size_total: 10501771264\n    uuid: fec4e3bc-0760-40a1-88db-8199c8ba7e35\n-   block_available: 9426366\n    block_size: 4096\n    block_total: 12835960\n    block_used: 3409594\n    device: /dev/mapper/vgworkstation01-lvworkspace\n    fstype: ext4\n    inode_available: 3104632\n    inode_total: 3276800\n    inode_used: 172168\n    mount: /home/mdrotthoff/workspaces\n    options: rw,seclabel,relatime,stripe=256,data=ordered\n    size_available: 38610395136\n    size_total: 52576092160\n    uuid: 3c4af38b-12e2-4de8-b6ea-c5fe380707f6\n-   block_available: 35261036\n    block_size: 4096\n    block_total: 51343866\n    block_used: 16082830\n    device: /dev/mapper/vgworkstation01-lvmusic\n    fstype: ext4\n    inode_available: 13090295\n    inode_total: 13107200\n    inode_used: 16905\n    mount: /home/mdrotthoff/Music\n    options: rw,seclabel,relatime,stripe=256,data=ordered\n    size_available: 144429203456\n    size_total: 210304475136\n    uuid: 580944e6-6de7-4036-8502-1ff0a9c24e02\n-   block_available: 7903787\n    block_size: 4096\n    block_total: 12835960\n    block_used: 4932173\n    device: /dev/mapper/vgworkstation01-lvvauto\n    fstype: ext4\n    inode_available: 3246265\n    inode_total: 3276800\n    inode_used: 30535\n    mount: /home/mdrotthoff/vauto\n    options: rw,seclabel,relatime,stripe=256,data=ordered\n    size_available: 32373911552\n    size_total: 52576092160\n    uuid: dbb2750c-7993-48d6-9bf7-6ae879c25535\n-   block_available: 164842576\n    block_size: 4096\n    block_total: 283570415\n    block_used: 118727839\n    device: /dev/mapper/vgworkstation01-lvimages\n    fstype: ext4\n    inode_available: 72089500\n    inode_total: 72089600\n    inode_used: 100\n    mount: /var/lib/libvirt/images\n    options: rw,seclabel,relatime,stripe=256,data=ordered\n    size_available: 675195191296\n    size_total: 1161504419840\n    uuid: a4c7b96f-40b6-49e2-a333-5f6a52d8de06\n-   block_available: 2284117\n    block_size: 4096\n    block_total: 2563909\n    block_used: 279792\n    device: /dev/mapper/vgworkstation01-lvvarlog\n    fstype: ext4\n    inode_available: 655146\n    inode_total: 655360\n    inode_used: 214\n    mount: /var/log\n    options: rw,seclabel,relatime,stripe=256,data=ordered\n    size_available: 9355743232\n    size_total: 10501771264\n    uuid: b2af6305-1dcb-49e3-88ec-cbbc37a5906f\nansible_nodename: workstation.rotthoff.home\nansible_os_family: RedHat\nansible_pkg_mgr: dnf\nansible_playbook_python: /usr/bin/python2\nansible_processor:\n- '0'\n- GenuineIntel\n- Intel(R) Xeon(R) CPU E3-1535M v6 @ 3.10GHz\n- '1'\n- GenuineIntel\n- Intel(R) Xeon(R) CPU E3-1535M v6 @ 3.10GHz\n- '2'\n- GenuineIntel\n- Intel(R) Xeon(R) CPU E3-1535M v6 @ 3.10GHz\n- '3'\n- GenuineIntel\n- Intel(R) Xeon(R) CPU E3-1535M v6 @ 3.10GHz\n- '4'\n- GenuineIntel\n- Intel(R) Xeon(R) CPU E3-1535M v6 @ 3.10GHz\n- '5'\n- GenuineIntel\n- Intel(R) Xeon(R) CPU E3-1535M v6 @ 3.10GHz\n- '6'\n- GenuineIntel\n- Intel(R) Xeon(R) CPU E3-1535M v6 @ 3.10GHz\n- '7'\n- GenuineIntel\n- Intel(R) Xeon(R) CPU E3-1535M v6 @ 3.10GHz\nansible_processor_cores: 4\nansible_processor_count: 1\nansible_processor_threads_per_core: 2\nansible_processor_vcpus: 8\nansible_product_name: Precision 7720\nansible_product_serial: NA\nansible_product_uuid: NA\nansible_product_version: NA\nansible_python:\n    executable: /usr/bin/python\n    has_sslcontext: true\n    type: CPython\n    version:\n        major: 2\n        micro: 15\n        minor: 7\n        releaselevel: final\n        serial: 0\n    version_info:\n    - 2\n    - 7\n    - 15\n    - final\n    - 0\nansible_python_version: 2.7.15\nansible_real_group_id: 1000\nansible_real_user_id: 1000\nansible_run_tags:\n- all\nansible_selinux:\n    config_mode: enforcing\n    mode: enforcing\n    policyvers: 31\n    status: enabled\n    type: targeted\nansible_selinux_python_present: true\nansible_service_mgr: systemd\nansible_skip_tags: []\nansible_ssh_host_key_ecdsa_public: AAAAE2VjZHNhLXNoYTItbmlzdHAyNTYAAAAIbmlzdHAyNTYAAABBBLFj4TXqgul7JJFzJif8uSXkv/uHVSLHR135E5JToysmDlV16na8WiTtmN6dJbVPmLK5ROBkJou51IphfkKPZIU=\nansible_ssh_host_key_ed25519_public: AAAAC3NzaC1lZDI1NTE5AAAAIEQ+m5vc6nkgTx0AqTOULKxHz1gigCxWHYtvj6t1ogLl\nansible_ssh_host_key_rsa_public: AAAAB3NzaC1yc2EAAAADAQABAAABAQDYgt91wPR+/E5Ltifm4DLP3E2neI43G5Z47c84uP4F1MatjomPM6tzFyOJuduNPomWmAj5dgTm0lm+2dK9ORD+sNmCyCH29uZSctN7rjFv4n3D597+2GH6aeWJUujCXn71/X3ao+Znk5agYZjhKCiPIwMFT/Ylq0nX27DbUApt/dmPmoYFFxPgyJrPqVMgSdZ4uU6IIUFPwyX1+BZTdVfTIS8iEYKX+eP2RwKMlpSq7Fv6bSZls0nYFTDxfthCUdT2KiE0KfMsn3BcfJt2Uyk4yDxdn4x6JhDq2Gxc4Q4iqTgowk5hbkBPdj6daCnOioGCNLOVCZnuOVv7Fh8hvsQN\nansible_swapfree_mb: 24575\nansible_swaptotal_mb: 24575\nansible_system: Linux\nansible_system_capabilities:\n- ''\nansible_system_capabilities_enforced: 'True'\nansible_system_vendor: Dell Inc.\nansible_uptime_seconds: 54606\nansible_user_dir: /home/mdrotthoff\nansible_user_gecos: David Rotthofff\nansible_user_gid: 1000\nansible_user_id: mdrotthoff\nansible_user_shell: /bin/bash\nansible_user_uid: 1000\nansible_userspace_architecture: x86_64\nansible_userspace_bits: '64'\nansible_version:\n    full: 2.5.2\n    major: 2\n    minor: 5\n    revision: 2\n    string: 2.5.2\nansible_virbr0:\n    active: false\n    device: virbr0\n    features:\n        esp_hw_offload: off [fixed]\n        esp_tx_csum_hw_offload: off [fixed]\n        fcoe_mtu: off [fixed]\n        generic_receive_offload: 'on'\n        generic_segmentation_offload: 'on'\n        highdma: off [requested on]\n        hw_tc_offload: off [fixed]\n        l2_fwd_offload: off [fixed]\n        large_receive_offload: off [fixed]\n        loopback: off [fixed]\n        netns_local: on [fixed]\n        ntuple_filters: off [fixed]\n        receive_hashing: off [fixed]\n        rx_all: off [fixed]\n        rx_checksumming: off [fixed]\n        rx_fcs: off [fixed]\n        rx_gro_hw: off [fixed]\n        rx_udp_tunnel_port_offload: off [fixed]\n        rx_vlan_filter: off [fixed]\n        rx_vlan_offload: off [fixed]\n        rx_vlan_stag_filter: off [fixed]\n        rx_vlan_stag_hw_parse: off [fixed]\n        scatter_gather: 'on'\n        tcp_segmentation_offload: 'on'\n        tx_checksum_fcoe_crc: off [fixed]\n        tx_checksum_ip_generic: 'on'\n        tx_checksum_ipv4: off [fixed]\n        tx_checksum_ipv6: off [fixed]\n        tx_checksum_sctp: off [fixed]\n        tx_checksumming: 'on'\n        tx_esp_segmentation: 'on'\n        tx_fcoe_segmentation: off [requested on]\n        tx_gre_csum_segmentation: 'on'\n        tx_gre_segmentation: 'on'\n        tx_gso_partial: 'on'\n        tx_gso_robust: off [requested on]\n        tx_ipxip4_segmentation: 'on'\n        tx_ipxip6_segmentation: 'on'\n        tx_lockless: on [fixed]\n        tx_nocache_copy: 'off'\n        tx_scatter_gather: 'on'\n        tx_scatter_gather_fraglist: 'on'\n        tx_sctp_segmentation: off [requested on]\n        tx_tcp6_segmentation: 'on'\n        tx_tcp_ecn_segmentation: 'on'\n        tx_tcp_mangleid_segmentation: 'on'\n        tx_tcp_segmentation: 'on'\n        tx_udp_tnl_csum_segmentation: 'on'\n        tx_udp_tnl_segmentation: 'on'\n        tx_vlan_offload: 'on'\n        tx_vlan_stag_hw_insert: 'on'\n        udp_fragmentation_offload: 'off'\n        vlan_challenged: off [fixed]\n    hw_timestamp_filters: []\n    id: 8000.5254005aecb3\n    interfaces:\n    - virbr0-nic\n    ipv4:\n        address: 192.168.100.1\n        broadcast: 192.168.100.255\n        netmask: 255.255.255.0\n        network: 192.168.100.0\n    macaddress: 52:54:00:5a:ec:b3\n    mtu: 1500\n    promisc: false\n    stp: true\n    timestamping:\n    - rx_software\n    - software\n    type: bridge\nansible_virbr0_nic:\n    active: false\n    device: virbr0-nic\n    features:\n        esp_hw_offload: off [fixed]\n        esp_tx_csum_hw_offload: off [fixed]\n        fcoe_mtu: off [fixed]\n        generic_receive_offload: 'on'\n        generic_segmentation_offload: 'on'\n        highdma: off [fixed]\n        hw_tc_offload: off [fixed]\n        l2_fwd_offload: off [fixed]\n        large_receive_offload: off [fixed]\n        loopback: off [fixed]\n        netns_local: off [fixed]\n        ntuple_filters: off [fixed]\n        receive_hashing: off [fixed]\n        rx_all: off [fixed]\n        rx_checksumming: off [fixed]\n        rx_fcs: off [fixed]\n        rx_gro_hw: off [fixed]\n        rx_udp_tunnel_port_offload: off [fixed]\n        rx_vlan_filter: off [fixed]\n        rx_vlan_offload: off [fixed]\n        rx_vlan_stag_filter: off [fixed]\n        rx_vlan_stag_hw_parse: off [fixed]\n        scatter_gather: 'on'\n        tcp_segmentation_offload: 'off'\n        tx_checksum_fcoe_crc: off [fixed]\n        tx_checksum_ip_generic: off [requested on]\n        tx_checksum_ipv4: off [fixed]\n        tx_checksum_ipv6: off [fixed]\n        tx_checksum_sctp: off [fixed]\n        tx_checksumming: 'off'\n        tx_esp_segmentation: off [fixed]\n        tx_fcoe_segmentation: off [fixed]\n        tx_gre_csum_segmentation: off [fixed]\n        tx_gre_segmentation: off [fixed]\n        tx_gso_partial: off [fixed]\n        tx_gso_robust: off [fixed]\n        tx_ipxip4_segmentation: off [fixed]\n        tx_ipxip6_segmentation: off [fixed]\n        tx_lockless: on [fixed]\n        tx_nocache_copy: 'off'\n        tx_scatter_gather: 'on'\n        tx_scatter_gather_fraglist: 'on'\n        tx_sctp_segmentation: off [fixed]\n        tx_tcp6_segmentation: off [requested on]\n        tx_tcp_ecn_segmentation: off [requested on]\n        tx_tcp_mangleid_segmentation: 'off'\n        tx_tcp_segmentation: off [requested on]\n        tx_udp_tnl_csum_segmentation: off [fixed]\n        tx_udp_tnl_segmentation: off [fixed]\n        tx_vlan_offload: 'on'\n        tx_vlan_stag_hw_insert: 'on'\n        udp_fragmentation_offload: 'off'\n        vlan_challenged: off [fixed]\n    hw_timestamp_filters: []\n    macaddress: 52:54:00:5a:ec:b3\n    mtu: 1500\n    promisc: true\n    timestamping:\n    - tx_software\n    - rx_software\n    - software\n    type: ether\nansible_virtualization_role: host\nansible_virtualization_type: kvm\nansible_vnet1:\n    active: true\n    device: vnet1\n    features:\n        esp_hw_offload: off [fixed]\n        esp_tx_csum_hw_offload: off [fixed]\n        fcoe_mtu: off [fixed]\n        generic_receive_offload: 'on'\n        generic_segmentation_offload: 'on'\n        highdma: off [fixed]\n        hw_tc_offload: off [fixed]\n        l2_fwd_offload: off [fixed]\n        large_receive_offload: off [fixed]\n        loopback: off [fixed]\n        netns_local: off [fixed]\n        ntuple_filters: off [fixed]\n        receive_hashing: off [fixed]\n        rx_all: off [fixed]\n        rx_checksumming: off [fixed]\n        rx_fcs: off [fixed]\n        rx_gro_hw: off [fixed]\n        rx_udp_tunnel_port_offload: off [fixed]\n        rx_vlan_filter: off [fixed]\n        rx_vlan_offload: off [fixed]\n        rx_vlan_stag_filter: off [fixed]\n        rx_vlan_stag_hw_parse: off [fixed]\n        scatter_gather: 'on'\n        tcp_segmentation_offload: 'on'\n        tx_checksum_fcoe_crc: off [fixed]\n        tx_checksum_ip_generic: 'on'\n        tx_checksum_ipv4: off [fixed]\n        tx_checksum_ipv6: off [fixed]\n        tx_checksum_sctp: off [fixed]\n        tx_checksumming: 'on'\n        tx_esp_segmentation: off [fixed]\n        tx_fcoe_segmentation: off [fixed]\n        tx_gre_csum_segmentation: off [fixed]\n        tx_gre_segmentation: off [fixed]\n        tx_gso_partial: off [fixed]\n        tx_gso_robust: off [fixed]\n        tx_ipxip4_segmentation: off [fixed]\n        tx_ipxip6_segmentation: off [fixed]\n        tx_lockless: on [fixed]\n        tx_nocache_copy: 'off'\n        tx_scatter_gather: 'on'\n        tx_scatter_gather_fraglist: 'on'\n        tx_sctp_segmentation: off [fixed]\n        tx_tcp6_segmentation: 'on'\n        tx_tcp_ecn_segmentation: 'on'\n        tx_tcp_mangleid_segmentation: 'off'\n        tx_tcp_segmentation: 'on'\n        tx_udp_tnl_csum_segmentation: off [fixed]\n        tx_udp_tnl_segmentation: off [fixed]\n        tx_vlan_offload: 'on'\n        tx_vlan_stag_hw_insert: 'on'\n        udp_fragmentation_offload: 'off'\n        vlan_challenged: off [fixed]\n    hw_timestamp_filters: []\n    ipv6:\n    -   address: fe80::fc54:ff:feb5:50eb\n        prefix: '64'\n        scope: link\n    macaddress: fe:54:00:b5:50:eb\n    mtu: 1500\n    promisc: true\n    speed: 10\n    timestamping:\n    - tx_software\n    - rx_software\n    - software\n    type: ether\nansible_vpn0:\n    active: false\n    device: vpn0\n    features:\n        esp_hw_offload: off [fixed]\n        esp_tx_csum_hw_offload: off [fixed]\n        fcoe_mtu: off [fixed]\n        generic_receive_offload: 'on'\n        generic_segmentation_offload: 'on'\n        highdma: off [fixed]\n        hw_tc_offload: off [fixed]\n        l2_fwd_offload: off [fixed]\n        large_receive_offload: off [fixed]\n        loopback: off [fixed]\n        netns_local: off [fixed]\n        ntuple_filters: off [fixed]\n        receive_hashing: off [fixed]\n        rx_all: off [fixed]\n        rx_checksumming: off [fixed]\n        rx_fcs: off [fixed]\n        rx_gro_hw: off [fixed]\n        rx_udp_tunnel_port_offload: off [fixed]\n        rx_vlan_filter: off [fixed]\n        rx_vlan_offload: off [fixed]\n        rx_vlan_stag_filter: off [fixed]\n        rx_vlan_stag_hw_parse: off [fixed]\n        scatter_gather: 'on'\n        tcp_segmentation_offload: 'off'\n        tx_checksum_fcoe_crc: off [fixed]\n        tx_checksum_ip_generic: off [requested on]\n        tx_checksum_ipv4: off [fixed]\n        tx_checksum_ipv6: off [fixed]\n        tx_checksum_sctp: off [fixed]\n        tx_checksumming: 'off'\n        tx_esp_segmentation: off [fixed]\n        tx_fcoe_segmentation: off [fixed]\n        tx_gre_csum_segmentation: off [fixed]\n        tx_gre_segmentation: off [fixed]\n        tx_gso_partial: off [fixed]\n        tx_gso_robust: off [fixed]\n        tx_ipxip4_segmentation: off [fixed]\n        tx_ipxip6_segmentation: off [fixed]\n        tx_lockless: on [fixed]\n        tx_nocache_copy: 'off'\n        tx_scatter_gather: 'on'\n        tx_scatter_gather_fraglist: 'on'\n        tx_sctp_segmentation: off [fixed]\n        tx_tcp6_segmentation: off [requested on]\n        tx_tcp_ecn_segmentation: off [requested on]\n        tx_tcp_mangleid_segmentation: 'off'\n        tx_tcp_segmentation: off [requested on]\n        tx_udp_tnl_csum_segmentation: off [fixed]\n        tx_udp_tnl_segmentation: off [fixed]\n        tx_vlan_offload: 'on'\n        tx_vlan_stag_hw_insert: 'on'\n        udp_fragmentation_offload: 'off'\n        vlan_challenged: off [fixed]\n    hw_timestamp_filters: []\n    mtu: 1406\n    promisc: false\n    timestamping:\n    - tx_software\n    - rx_software\n    - software\n    type: tunnel\nansible_wlp3s0:\n    active: false\n    device: wlp3s0\n    features:\n        esp_hw_offload: off [fixed]\n        esp_tx_csum_hw_offload: off [fixed]\n        fcoe_mtu: off [fixed]\n        generic_receive_offload: 'on'\n        generic_segmentation_offload: 'on'\n        highdma: on [fixed]\n        hw_tc_offload: off [fixed]\n        l2_fwd_offload: off [fixed]\n        large_receive_offload: off [fixed]\n        loopback: off [fixed]\n        netns_local: on [fixed]\n        ntuple_filters: off [fixed]\n        receive_hashing: off [fixed]\n        rx_all: off [fixed]\n        rx_checksumming: off [fixed]\n        rx_fcs: off [fixed]\n        rx_gro_hw: off [fixed]\n        rx_udp_tunnel_port_offload: off [fixed]\n        rx_vlan_filter: off [fixed]\n        rx_vlan_offload: off [fixed]\n        rx_vlan_stag_filter: off [fixed]\n        rx_vlan_stag_hw_parse: off [fixed]\n        scatter_gather: 'on'\n        tcp_segmentation_offload: 'off'\n        tx_checksum_fcoe_crc: off [fixed]\n        tx_checksum_ip_generic: off [fixed]\n        tx_checksum_ipv4: off [fixed]\n        tx_checksum_ipv6: off [fixed]\n        tx_checksum_sctp: off [fixed]\n        tx_checksumming: 'off'\n        tx_esp_segmentation: off [fixed]\n        tx_fcoe_segmentation: off [fixed]\n        tx_gre_csum_segmentation: off [fixed]\n        tx_gre_segmentation: off [fixed]\n        tx_gso_partial: off [fixed]\n        tx_gso_robust: off [fixed]\n        tx_ipxip4_segmentation: off [fixed]\n        tx_ipxip6_segmentation: off [fixed]\n        tx_lockless: off [fixed]\n        tx_nocache_copy: 'off'\n        tx_scatter_gather: on [fixed]\n        tx_scatter_gather_fraglist: off [fixed]\n        tx_sctp_segmentation: off [fixed]\n        tx_tcp6_segmentation: off [fixed]\n        tx_tcp_ecn_segmentation: off [fixed]\n        tx_tcp_mangleid_segmentation: off [fixed]\n        tx_tcp_segmentation: off [fixed]\n        tx_udp_tnl_csum_segmentation: off [fixed]\n        tx_udp_tnl_segmentation: off [fixed]\n        tx_vlan_offload: off [fixed]\n        tx_vlan_stag_hw_insert: off [fixed]\n        udp_fragmentation_offload: 'off'\n        vlan_challenged: off [fixed]\n    hw_timestamp_filters: []\n    macaddress: aa:e0:b3:36:0d:bd\n    module: iwlwifi\n    mtu: 1500\n    pciid: '0000:03:00.0'\n    promisc: false\n    timestamping:\n    - rx_software\n    - software\n    type: ether\ngather_subset:\n- all\ngroup_names:\n- ungrouped\ngroups:\n    all:\n    - localhost\n    - centos7.workstation.rotthoff.home\n    ungrouped:\n    - localhost\n    - centos7.workstation.rotthoff.home\ninventory_dir: /home/mdrotthoff/workspaces/mdrotthoff.ansible/ansible/roles/mdrotthoff.sshknownhosts/tests\ninventory_file: /home/mdrotthoff/workspaces/mdrotthoff.ansible/ansible/roles/mdrotthoff.sshknownhosts/tests/inventory\ninventory_hostname: localhost\ninventory_hostname_short: localhost\nmodule_setup: true\nomit: __omit_place_holder__7e020ccd5286ab844e3150a96bea73d20f910945\nplaybook_dir: /home/mdrotthoff/workspaces/mdrotthoff.ansible/ansible/roles/mdrotthoff.sshknownhosts/tests\nssh_key_data:\n    host_aliases: []\n    hostname: localhost\n    ipv4_addresses:\n    - 192.168.35.100\n    - 192.168.100.1\n    ipv6_addresses:\n    - 2605:6000:f089:f00:7062:f02:3d90:1e74\n    - fd30:8855:cad5::1:1:100\n    - fe80::48b9:d5d8:d84e:a762\n    - fe80::fc54:ff:feb5:50eb\n    key_data:\n    -   enctype: ssh-ed25519\n        fingerprint: AAAAC3NzaC1lZDI1NTE5AAAAIEQ+m5vc6nkgTx0AqTOULKxHz1gigCxWHYtvj6t1ogLl\n    -   enctype: ssh-rsa\n        fingerprint: AAAAB3NzaC1yc2EAAAADAQABAAABAQDYgt91wPR+/E5Ltifm4DLP3E2neI43G5Z47c84uP4F1MatjomPM6tzFyOJuduNPomWmAj5dgTm0lm+2dK9ORD+sNmCyCH29uZSctN7rjFv4n3D597+2GH6aeWJUujCXn71/X3ao+Znk5agYZjhKCiPIwMFT/Ylq0nX27DbUApt/dmPmoYFFxPgyJrPqVMgSdZ4uU6IIUFPwyX1+BZTdVfTIS8iEYKX+eP2RwKMlpSq7Fv6bSZls0nYFTDxfthCUdT2KiE0KfMsn3BcfJt2Uyk4yDxdn4x6JhDq2Gxc4Q4iqTgowk5hbkBPdj6daCnOioGCNLOVCZnuOVv7Fh8hvsQN\n    -   enctype: ecdsa-sha2-nistp256\n        fingerprint: AAAAE2VjZHNhLXNoYTItbmlzdHAyNTYAAAAIbmlzdHAyNTYAAABBBLFj4TXqgul7JJFzJif8uSXkv/uHVSLHR135E5JToysmDlV16na8WiTtmN6dJbVPmLK5ROBkJou51IphfkKPZIU=\nsshknownhosts_aliases:\n- 192.168.35.100\n- 192.168.100.1\n- 2605:6000:f089:f00:7062:f02:3d90:1e74\n- fd30:8855:cad5::1:1:100\n- fe80::48b9:d5d8:d84e:a762\n- fe80::fc54:ff:feb5:50eb\nsshknownhosts_hostname: localhost\nsshknownhosts_key_data:\n-   enctype: ssh-ed25519\n    fingerprint: AAAAC3NzaC1lZDI1NTE5AAAAIEQ+m5vc6nkgTx0AqTOULKxHz1gigCxWHYtvj6t1ogLl\n-   enctype: ssh-rsa\n    fingerprint: AAAAB3NzaC1yc2EAAAADAQABAAABAQDYgt91wPR+/E5Ltifm4DLP3E2neI43G5Z47c84uP4F1MatjomPM6tzFyOJuduNPomWmAj5dgTm0lm+2dK9ORD+sNmCyCH29uZSctN7rjFv4n3D597+2GH6aeWJUujCXn71/X3ao+Znk5agYZjhKCiPIwMFT/Ylq0nX27DbUApt/dmPmoYFFxPgyJrPqVMgSdZ4uU6IIUFPwyX1+BZTdVfTIS8iEYKX+eP2RwKMlpSq7Fv6bSZls0nYFTDxfthCUdT2KiE0KfMsn3BcfJt2Uyk4yDxdn4x6JhDq2Gxc4Q4iqTgowk5hbkBPdj6daCnOioGCNLOVCZnuOVv7Fh8hvsQN\n-   enctype: ecdsa-sha2-nistp256\n    fingerprint: AAAAE2VjZHNhLXNoYTItbmlzdHAyNTYAAAAIbmlzdHAyNTYAAABBBLFj4TXqgul7JJFzJif8uSXkv/uHVSLHR135E5JToysmDlV16na8WiTtmN6dJbVPmLK5ROBkJou51IphfkKPZIU=\n"
}
ok: [centos7.workstation.rotthoff.home] => (item=None) => {
    "msg": "Host: localhost  Host vars: ansible_all_ipv4_addresses:\n- 192.168.35.100\n- 192.168.100.1\nansible_all_ipv6_addresses:\n- 2605:6000:f089:f00:7062:f02:3d90:1e74\n- fd30:8855:cad5::1:1:100\n- fe80::48b9:d5d8:d84e:a762\n- fe80::fc54:ff:feb5:50eb\nansible_apparmor:\n    status: disabled\nansible_architecture: x86_64\nansible_bios_date: 01/30/2018\nansible_bios_version: 1.9.1\nansible_bridge0:\n    active: true\n    device: bridge0\n    features:\n        esp_hw_offload: off [fixed]\n        esp_tx_csum_hw_offload: off [fixed]\n        fcoe_mtu: off [fixed]\n        generic_receive_offload: 'on'\n        generic_segmentation_offload: 'on'\n        highdma: 'on'\n        hw_tc_offload: off [fixed]\n        l2_fwd_offload: off [fixed]\n        large_receive_offload: off [fixed]\n        loopback: off [fixed]\n        netns_local: on [fixed]\n        ntuple_filters: off [fixed]\n        receive_hashing: off [fixed]\n        rx_all: off [fixed]\n        rx_checksumming: off [fixed]\n        rx_fcs: off [fixed]\n        rx_gro_hw: off [fixed]\n        rx_udp_tunnel_port_offload: off [fixed]\n        rx_vlan_filter: off [fixed]\n        rx_vlan_offload: off [fixed]\n        rx_vlan_stag_filter: off [fixed]\n        rx_vlan_stag_hw_parse: off [fixed]\n        scatter_gather: 'on'\n        tcp_segmentation_offload: 'on'\n        tx_checksum_fcoe_crc: off [fixed]\n        tx_checksum_ip_generic: 'on'\n        tx_checksum_ipv4: off [fixed]\n        tx_checksum_ipv6: off [fixed]\n        tx_checksum_sctp: off [fixed]\n        tx_checksumming: 'on'\n        tx_esp_segmentation: 'on'\n        tx_fcoe_segmentation: off [requested on]\n        tx_gre_csum_segmentation: 'on'\n        tx_gre_segmentation: 'on'\n        tx_gso_partial: 'on'\n        tx_gso_robust: off [requested on]\n        tx_ipxip4_segmentation: 'on'\n        tx_ipxip6_segmentation: 'on'\n        tx_lockless: on [fixed]\n        tx_nocache_copy: 'off'\n        tx_scatter_gather: 'on'\n        tx_scatter_gather_fraglist: 'on'\n        tx_sctp_segmentation: off [requested on]\n        tx_tcp6_segmentation: 'on'\n        tx_tcp_ecn_segmentation: 'on'\n        tx_tcp_mangleid_segmentation: 'on'\n        tx_tcp_segmentation: 'on'\n        tx_udp_tnl_csum_segmentation: 'on'\n        tx_udp_tnl_segmentation: 'on'\n        tx_vlan_offload: 'on'\n        tx_vlan_stag_hw_insert: 'on'\n        udp_fragmentation_offload: 'off'\n        vlan_challenged: off [fixed]\n    hw_timestamp_filters: []\n    id: 0080.10653016b531\n    interfaces:\n    - enp0s31f6\n    - vnet1\n    ipv4:\n        address: 192.168.35.100\n        broadcast: 192.168.35.255\n        netmask: 255.255.254.0\n        network: 192.168.34.0\n    ipv6:\n    -   address: 2605:6000:f089:f00:7062:f02:3d90:1e74\n        prefix: '128'\n        scope: global\n    macaddress: 10:65:30:16:b5:31\n    mtu: 1500\n    promisc: false\n    stp: true\n    timestamping:\n    - rx_software\n    - software\n    type: bridge\nansible_check_mode: false\nansible_cmdline:\n    BOOT_IMAGE: /vmlinuz-4.16.11-200.fc27.x86_64\n    LANG: en_US.UTF-8\n    modprobe.blacklist: nouveau\n    nvidia-drm.modeset: '1'\n    quiet: true\n    rd.driver.blacklist: nouveau\n    rd.lvm.lv: vgworkstation01/lvroot\n    rd.md.uuid: 3484ee85:66fcb689:c31725ad:f4880691\n    ro: true\n    root: /dev/mapper/vgworkstation01-lvroot\nansible_date_time:\n    date: '2018-05-28'\n    day: '28'\n    epoch: '1527568434'\n    hour: '23'\n    iso8601: '2018-05-29T04:33:54Z'\n    iso8601_basic: 20180528T233354801811\n    iso8601_basic_short: 20180528T233354\n    iso8601_micro: '2018-05-29T04:33:54.801853Z'\n    minute: '33'\n    month: '05'\n    second: '54'\n    time: '23:33:54'\n    tz: CDT\n    tz_offset: '-0500'\n    weekday: Monday\n    weekday_number: '1'\n    weeknumber: '22'\n    year: '2018'\nansible_default_ipv4:\n    address: 192.168.35.100\n    alias: bridge0\n    broadcast: 192.168.35.255\n    gateway: 192.168.35.254\n    interface: bridge0\n    macaddress: 10:65:30:16:b5:31\n    mtu: 1500\n    netmask: 255.255.254.0\n    network: 192.168.34.0\n    type: bridge\nansible_default_ipv6:\n    address: 2605:6000:f089:f00:7062:f02:3d90:1e74\n    gateway: fe80::5665:deff:fe70:e07\n    interface: bridge0\n    macaddress: 10:65:30:16:b5:31\n    mtu: 1500\n    prefix: '128'\n    scope: global\n    type: bridge\nansible_device_links:\n    ids:\n        dm-0:\n        - dm-name-vgworkstation01-lvroot\n        - dm-uuid-LVM-RdoHXAXEAxC0ow9BRqmkiKRw433bouFInJ99MyIVnCr64MvdvSfOEAl1MSqGpLhf\n        dm-1:\n        - dm-name-vgworkstation01-lvimages\n        - dm-uuid-LVM-RdoHXAXEAxC0ow9BRqmkiKRw433bouFIrtikl5WvRz7PrU2psSG1jLSqHMAXbX1q\n        dm-2:\n        - dm-name-vgworkstation01-lvhome\n        - dm-uuid-LVM-RdoHXAXEAxC0ow9BRqmkiKRw433bouFI5dhPJgalhaQGTe5vbNU5PdKS5O3j815W\n        dm-3:\n        - dm-name-vgworkstation01-lvvarlog\n        - dm-uuid-LVM-RdoHXAXEAxC0ow9BRqmkiKRw433bouFI1ucyXdc9JpR6HV4LtnxQc7MiOEno8xZa\n        dm-4:\n        - dm-name-vgworkstation01-lvvar\n        - dm-uuid-LVM-RdoHXAXEAxC0ow9BRqmkiKRw433bouFIngiu04UCR092GKW19QX80WAK5fxAZ4X2\n        dm-5:\n        - dm-name-vgworkstation01-lvvauto\n        - dm-uuid-LVM-RdoHXAXEAxC0ow9BRqmkiKRw433bouFIA1aNndf96Dwu8j8ZMXXiJmPzMDtliHbf\n        dm-6:\n        - dm-name-vgworkstation01-lvmusic\n        - dm-uuid-LVM-RdoHXAXEAxC0ow9BRqmkiKRw433bouFI5QH8XK3KwA8t14JjEXyeRFtFQkM6oSjV\n        dm-7:\n        - dm-name-vgworkstation01-lvworkspace\n        - dm-uuid-LVM-RdoHXAXEAxC0ow9BRqmkiKRw433bouFIEiwJWn0jDFVCqugtF12LcEanKgwE0SKB\n        md125:\n        - md-name-boot_efi\n        - md-uuid-1c3a5a4b:16c17201:eb8fb214:b2c37756\n        md126:\n        - md-name-workstation.rotthoff.home:boot\n        - md-uuid-3484ee85:66fcb689:c31725ad:f4880691\n        md127:\n        - lvm-pv-uuid-h0cS4u-hjvn-JHhC-a1Pd-8g0q-a51J-wZG9Y6\n        - md-name-pvworkstation01\n        - md-uuid-7a90edb8:ffb2ed8d:f2c1da20:15593916\n        nvme0n1:\n        - nvme-KXG50ZNV1T02_NVMe_TOSHIBA_1024GB_18BS11MXTYAT\n        - nvme-eui.000000000000001000080d02003b5241\n        nvme0n1p1:\n        - nvme-KXG50ZNV1T02_NVMe_TOSHIBA_1024GB_18BS11MXTYAT-part1\n        - nvme-eui.000000000000001000080d02003b5241-part1\n        nvme0n1p2:\n        - nvme-KXG50ZNV1T02_NVMe_TOSHIBA_1024GB_18BS11MXTYAT-part2\n        - nvme-eui.000000000000001000080d02003b5241-part2\n        nvme0n1p3:\n        - nvme-KXG50ZNV1T02_NVMe_TOSHIBA_1024GB_18BS11MXTYAT-part3\n        - nvme-eui.000000000000001000080d02003b5241-part3\n        nvme0n1p4:\n        - nvme-KXG50ZNV1T02_NVMe_TOSHIBA_1024GB_18BS11MXTYAT-part4\n        - nvme-eui.000000000000001000080d02003b5241-part4\n        nvme1n1:\n        - nvme-KXG50ZNV1T02_NVMe_TOSHIBA_1024GB_18LS10TTTYAT\n        - nvme-eui.000000000000001000080d02003c587a\n        nvme1n1p1:\n        - nvme-KXG50ZNV1T02_NVMe_TOSHIBA_1024GB_18LS10TTTYAT-part1\n        - nvme-eui.000000000000001000080d02003c587a-part1\n        nvme1n1p2:\n        - nvme-KXG50ZNV1T02_NVMe_TOSHIBA_1024GB_18LS10TTTYAT-part2\n        - nvme-eui.000000000000001000080d02003c587a-part2\n        nvme1n1p3:\n        - nvme-KXG50ZNV1T02_NVMe_TOSHIBA_1024GB_18LS10TTTYAT-part3\n        - nvme-eui.000000000000001000080d02003c587a-part3\n        nvme1n1p4:\n        - nvme-KXG50ZNV1T02_NVMe_TOSHIBA_1024GB_18LS10TTTYAT-part4\n        - nvme-eui.000000000000001000080d02003c587a-part4\n        nvme2n1:\n        - nvme-KXG50ZNV1T02_NVMe_TOSHIBA_1024GB_18BS114KTYAT\n        - nvme-eui.000000000000001000080d02003b4fa1\n        nvme2n1p1:\n        - nvme-KXG50ZNV1T02_NVMe_TOSHIBA_1024GB_18BS114KTYAT-part1\n        - nvme-eui.000000000000001000080d02003b4fa1-part1\n        nvme2n1p2:\n        - nvme-KXG50ZNV1T02_NVMe_TOSHIBA_1024GB_18BS114KTYAT-part2\n        - nvme-eui.000000000000001000080d02003b4fa1-part2\n        nvme2n1p3:\n        - nvme-KXG50ZNV1T02_NVMe_TOSHIBA_1024GB_18BS114KTYAT-part3\n        - nvme-eui.000000000000001000080d02003b4fa1-part3\n        nvme2n1p4:\n        - nvme-KXG50ZNV1T02_NVMe_TOSHIBA_1024GB_18BS114KTYAT-part4\n        - nvme-eui.000000000000001000080d02003b4fa1-part4\n    labels:\n        dm-0:\n        - lvroot\n        dm-1:\n        - lvimages\n        dm-2:\n        - lvhome\n        dm-3:\n        - lvvarlog\n        dm-4:\n        - lvvar\n        md125:\n        - boot_efi\n        md126:\n        - boot\n        nvme0n1p3:\n        - swap10\n        nvme1n1p3:\n        - swap20\n        nvme2n1p3:\n        - swap00\n    masters:\n        md127:\n        - dm-0\n        - dm-1\n        - dm-2\n        - dm-3\n        - dm-4\n        - dm-5\n        - dm-6\n        - dm-7\n        nvme0n1p1:\n        - md125\n        nvme0n1p2:\n        - md126\n        nvme0n1p4:\n        - md127\n        nvme1n1p1:\n        - md125\n        nvme1n1p2:\n        - md126\n        nvme1n1p4:\n        - md127\n        nvme2n1p1:\n        - md125\n        nvme2n1p2:\n        - md126\n        nvme2n1p4:\n        - md127\n    uuids:\n        dm-0:\n        - 65f16aa7-6071-4bec-b950-bab3abf25c75\n        dm-1:\n        - a4c7b96f-40b6-49e2-a333-5f6a52d8de06\n        dm-2:\n        - b66a39b8-f119-40a6-a5ff-cfce41ae413c\n        dm-3:\n        - b2af6305-1dcb-49e3-88ec-cbbc37a5906f\n        dm-4:\n        - fec4e3bc-0760-40a1-88db-8199c8ba7e35\n        dm-5:\n        - dbb2750c-7993-48d6-9bf7-6ae879c25535\n        dm-6:\n        - 580944e6-6de7-4036-8502-1ff0a9c24e02\n        dm-7:\n        - 3c4af38b-12e2-4de8-b6ea-c5fe380707f6\n        md125:\n        - AC4E-B231\n        md126:\n        - 518a05c3-8313-48db-8ffb-d4557a2f3093\n        nvme0n1p3:\n        - 9737c9e3-c066-4edb-a357-e8f7a32c0142\n        nvme1n1p3:\n        - 9c1946f4-e931-4c31-8a69-c735bb7de999\n        nvme2n1p3:\n        - 6aa3f768-905a-4420-bf23-f69a65bebf95\nansible_devices:\n    dm-0:\n        holders: []\n        host: ''\n        links:\n            ids:\n            - dm-name-vgworkstation01-lvroot\n            - dm-uuid-LVM-RdoHXAXEAxC0ow9BRqmkiKRw433bouFInJ99MyIVnCr64MvdvSfOEAl1MSqGpLhf\n            labels:\n            - lvroot\n            masters: []\n            uuids:\n            - 65f16aa7-6071-4bec-b950-bab3abf25c75\n        model: null\n        partitions: {}\n        removable: '0'\n        rotational: '0'\n        sas_address: null\n        sas_device_handle: null\n        scheduler_mode: ''\n        sectors: '62914560'\n        sectorsize: '512'\n        size: 30.00 GB\n        support_discard: '0'\n        vendor: null\n        virtual: 1\n    dm-1:\n        holders: []\n        host: ''\n        links:\n            ids:\n            - dm-name-vgworkstation01-lvimages\n            - dm-uuid-LVM-RdoHXAXEAxC0ow9BRqmkiKRw433bouFIrtikl5WvRz7PrU2psSG1jLSqHMAXbX1q\n            labels:\n            - lvimages\n            masters: []\n            uuids:\n            - a4c7b96f-40b6-49e2-a333-5f6a52d8de06\n        model: null\n        partitions: {}\n        removable: '0'\n        rotational: '0'\n        sas_address: null\n        sas_device_handle: null\n        scheduler_mode: ''\n        sectors: '2306867200'\n        sectorsize: '512'\n        size: 1.07 TB\n        support_discard: '0'\n        vendor: null\n        virtual: 1\n    dm-2:\n        holders: []\n        host: ''\n        links:\n            ids:\n            - dm-name-vgworkstation01-lvhome\n            - dm-uuid-LVM-RdoHXAXEAxC0ow9BRqmkiKRw433bouFI5dhPJgalhaQGTe5vbNU5PdKS5O3j815W\n            labels:\n            - lvhome\n            masters: []\n            uuids:\n            - b66a39b8-f119-40a6-a5ff-cfce41ae413c\n        model: null\n        partitions: {}\n        removable: '0'\n        rotational: '0'\n        sas_address: null\n        sas_device_handle: null\n        scheduler_mode: ''\n        sectors: '20971520'\n        sectorsize: '512'\n        size: 10.00 GB\n        support_discard: '0'\n        vendor: null\n        virtual: 1\n    dm-3:\n        holders: []\n        host: ''\n        links:\n            ids:\n            - dm-name-vgworkstation01-lvvarlog\n            - dm-uuid-LVM-RdoHXAXEAxC0ow9BRqmkiKRw433bouFI1ucyXdc9JpR6HV4LtnxQc7MiOEno8xZa\n            labels:\n            - lvvarlog\n            masters: []\n            uuids:\n            - b2af6305-1dcb-49e3-88ec-cbbc37a5906f\n        model: null\n        partitions: {}\n        removable: '0'\n        rotational: '0'\n        sas_address: null\n        sas_device_handle: null\n        scheduler_mode: ''\n        sectors: '20971520'\n        sectorsize: '512'\n        size: 10.00 GB\n        support_discard: '0'\n        vendor: null\n        virtual: 1\n    dm-4:\n        holders: []\n        host: ''\n        links:\n            ids:\n            - dm-name-vgworkstation01-lvvar\n            - dm-uuid-LVM-RdoHXAXEAxC0ow9BRqmkiKRw433bouFIngiu04UCR092GKW19QX80WAK5fxAZ4X2\n            labels:\n            - lvvar\n            masters: []\n            uuids:\n            - fec4e3bc-0760-40a1-88db-8199c8ba7e35\n        model: null\n        partitions: {}\n        removable: '0'\n        rotational: '0'\n        sas_address: null\n        sas_device_handle: null\n        scheduler_mode: ''\n        sectors: '20971520'\n        sectorsize: '512'\n        size: 10.00 GB\n        support_discard: '0'\n        vendor: null\n        virtual: 1\n    dm-5:\n        holders: []\n        host: ''\n        links:\n            ids:\n            - dm-name-vgworkstation01-lvvauto\n            - dm-uuid-LVM-RdoHXAXEAxC0ow9BRqmkiKRw433bouFIA1aNndf96Dwu8j8ZMXXiJmPzMDtliHbf\n            labels: []\n            masters: []\n            uuids:\n            - dbb2750c-7993-48d6-9bf7-6ae879c25535\n        model: null\n        partitions: {}\n        removable: '0'\n        rotational: '0'\n        sas_address: null\n        sas_device_handle: null\n        scheduler_mode: ''\n        sectors: '104857600'\n        sectorsize: '512'\n        size: 50.00 GB\n        support_discard: '0'\n        vendor: null\n        virtual: 1\n    dm-6:\n        holders: []\n        host: ''\n        links:\n            ids:\n            - dm-name-vgworkstation01-lvmusic\n            - dm-uuid-LVM-RdoHXAXEAxC0ow9BRqmkiKRw433bouFI5QH8XK3KwA8t14JjEXyeRFtFQkM6oSjV\n            labels: []\n            masters: []\n            uuids:\n            - 580944e6-6de7-4036-8502-1ff0a9c24e02\n        model: null\n        partitions: {}\n        removable: '0'\n        rotational: '0'\n        sas_address: null\n        sas_device_handle: null\n        scheduler_mode: ''\n        sectors: '419430400'\n        sectorsize: '512'\n        size: 200.00 GB\n        support_discard: '0'\n        vendor: null\n        virtual: 1\n    dm-7:\n        holders: []\n        host: ''\n        links:\n            ids:\n            - dm-name-vgworkstation01-lvworkspace\n            - dm-uuid-LVM-RdoHXAXEAxC0ow9BRqmkiKRw433bouFIEiwJWn0jDFVCqugtF12LcEanKgwE0SKB\n            labels: []\n            masters: []\n            uuids:\n            - 3c4af38b-12e2-4de8-b6ea-c5fe380707f6\n        model: null\n        partitions: {}\n        removable: '0'\n        rotational: '0'\n        sas_address: null\n        sas_device_handle: null\n        scheduler_mode: ''\n        sectors: '104857600'\n        sectorsize: '512'\n        size: 50.00 GB\n        support_discard: '0'\n        vendor: null\n        virtual: 1\n    md125:\n        holders: []\n        host: ''\n        links:\n            ids:\n            - md-name-boot_efi\n            - md-uuid-1c3a5a4b:16c17201:eb8fb214:b2c37756\n            labels:\n            - boot_efi\n            masters: []\n            uuids:\n            - AC4E-B231\n        model: null\n        partitions: {}\n        removable: '0'\n        rotational: '0'\n        sas_address: null\n        sas_device_handle: null\n        scheduler_mode: ''\n        sectors: '419712'\n        sectorsize: '512'\n        size: 204.94 MB\n        support_discard: '512'\n        vendor: null\n        virtual: 1\n    md126:\n        holders: []\n        host: ''\n        links:\n            ids:\n            - md-name-workstation.rotthoff.home:boot\n            - md-uuid-3484ee85:66fcb689:c31725ad:f4880691\n            labels:\n            - boot\n            masters: []\n            uuids:\n            - 518a05c3-8313-48db-8ffb-d4557a2f3093\n        model: null\n        partitions: {}\n        removable: '0'\n        rotational: '0'\n        sas_address: null\n        sas_device_handle: null\n        scheduler_mode: ''\n        sectors: '2095104'\n        sectorsize: '512'\n        size: 1023.00 MB\n        support_discard: '512'\n        vendor: null\n        virtual: 1\n    md127:\n        holders:\n        - vgworkstation01-lvimages\n        - vgworkstation01-lvmusic\n        - vgworkstation01-lvvar\n        - vgworkstation01-lvhome\n        - vgworkstation01-lvroot\n        - vgworkstation01-lvworkspace\n        - vgworkstation01-lvvauto\n        - vgworkstation01-lvvarlog\n        host: ''\n        links:\n            ids:\n            - lvm-pv-uuid-h0cS4u-hjvn-JHhC-a1Pd-8g0q-a51J-wZG9Y6\n            - md-name-pvworkstation01\n            - md-uuid-7a90edb8:ffb2ed8d:f2c1da20:15593916\n            labels: []\n            masters:\n            - dm-0\n            - dm-1\n            - dm-2\n            - dm-3\n            - dm-4\n            - dm-5\n            - dm-6\n            - dm-7\n            uuids: []\n        model: null\n        partitions: {}\n        removable: '0'\n        rotational: '0'\n        sas_address: null\n        sas_device_handle: null\n        scheduler_mode: ''\n        sectors: '3961700352'\n        sectorsize: '512'\n        size: 1.84 TB\n        support_discard: '1048576'\n        vendor: null\n        virtual: 1\n    nvme0n1:\n        holders: []\n        host: 'Non-Volatile memory controller: Toshiba America Info Systems Device\n            0116'\n        links:\n            ids:\n            - nvme-KXG50ZNV1T02_NVMe_TOSHIBA_1024GB_18BS11MXTYAT\n            - nvme-eui.000000000000001000080d02003b5241\n            labels: []\n            masters: []\n            uuids: []\n        model: KXG50ZNV1T02 NVMe TOSHIBA 1024GB\n        partitions: {}\n        removable: '0'\n        rotational: '0'\n        sas_address: null\n        sas_device_handle: null\n        scheduler_mode: none\n        sectors: '2000409264'\n        sectorsize: '512'\n        size: 953.87 GB\n        support_discard: '512'\n        vendor: null\n        virtual: 1\n    nvme1n1:\n        holders: []\n        host: 'Non-Volatile memory controller: Toshiba America Info Systems Device\n            0116'\n        links:\n            ids:\n            - nvme-KXG50ZNV1T02_NVMe_TOSHIBA_1024GB_18LS10TTTYAT\n            - nvme-eui.000000000000001000080d02003c587a\n            labels: []\n            masters: []\n            uuids: []\n        model: KXG50ZNV1T02 NVMe TOSHIBA 1024GB\n        partitions: {}\n        removable: '0'\n        rotational: '0'\n        sas_address: null\n        sas_device_handle: null\n        scheduler_mode: none\n        sectors: '2000409264'\n        sectorsize: '512'\n        size: 953.87 GB\n        support_discard: '512'\n        vendor: null\n        virtual: 1\n    nvme2n1:\n        holders: []\n        host: 'Non-Volatile memory controller: Toshiba America Info Systems Device\n            0116'\n        links:\n            ids:\n            - nvme-KXG50ZNV1T02_NVMe_TOSHIBA_1024GB_18BS114KTYAT\n            - nvme-eui.000000000000001000080d02003b4fa1\n            labels: []\n            masters: []\n            uuids: []\n        model: KXG50ZNV1T02 NVMe TOSHIBA 1024GB\n        partitions: {}\n        removable: '0'\n        rotational: '0'\n        sas_address: null\n        sas_device_handle: null\n        scheduler_mode: none\n        sectors: '2000409264'\n        sectorsize: '512'\n        size: 953.87 GB\n        support_discard: '512'\n        vendor: null\n        virtual: 1\nansible_diff_mode: false\nansible_distribution: Fedora\nansible_distribution_file_parsed: true\nansible_distribution_file_path: /etc/redhat-release\nansible_distribution_file_variety: RedHat\nansible_distribution_major_version: '27'\nansible_distribution_release: Twenty Seven\nansible_distribution_version: '27'\nansible_dns:\n    nameservers:\n    - 127.0.0.1\n    - ::1\n    search:\n    - rotthoff.home\n    - workstation.rotthoff.home\n    - datacenter.rotthoff.home\n    - iscsi.rotthoff.home\nansible_domain: rotthoff.home\nansible_effective_group_id: 1000\nansible_effective_user_id: 1000\nansible_enp0s31f6:\n    active: true\n    device: enp0s31f6\n    features:\n        esp_hw_offload: off [fixed]\n        esp_tx_csum_hw_offload: off [fixed]\n        fcoe_mtu: off [fixed]\n        generic_receive_offload: 'on'\n        generic_segmentation_offload: 'on'\n        highdma: on [fixed]\n        hw_tc_offload: off [fixed]\n        l2_fwd_offload: off [fixed]\n        large_receive_offload: off [fixed]\n        loopback: off [fixed]\n        netns_local: off [fixed]\n        ntuple_filters: off [fixed]\n        receive_hashing: 'on'\n        rx_all: 'off'\n        rx_checksumming: 'on'\n        rx_fcs: 'off'\n        rx_gro_hw: off [fixed]\n        rx_udp_tunnel_port_offload: off [fixed]\n        rx_vlan_filter: off [fixed]\n        rx_vlan_offload: 'on'\n        rx_vlan_stag_filter: off [fixed]\n        rx_vlan_stag_hw_parse: off [fixed]\n        scatter_gather: 'on'\n        tcp_segmentation_offload: 'on'\n        tx_checksum_fcoe_crc: off [fixed]\n        tx_checksum_ip_generic: 'on'\n        tx_checksum_ipv4: off [fixed]\n        tx_checksum_ipv6: off [fixed]\n        tx_checksum_sctp: off [fixed]\n        tx_checksumming: 'on'\n        tx_esp_segmentation: off [fixed]\n        tx_fcoe_segmentation: off [fixed]\n        tx_gre_csum_segmentation: off [fixed]\n        tx_gre_segmentation: off [fixed]\n        tx_gso_partial: off [fixed]\n        tx_gso_robust: off [fixed]\n        tx_ipxip4_segmentation: off [fixed]\n        tx_ipxip6_segmentation: off [fixed]\n        tx_lockless: off [fixed]\n        tx_nocache_copy: 'off'\n        tx_scatter_gather: 'on'\n        tx_scatter_gather_fraglist: off [fixed]\n        tx_sctp_segmentation: off [fixed]\n        tx_tcp6_segmentation: 'on'\n        tx_tcp_ecn_segmentation: off [fixed]\n        tx_tcp_mangleid_segmentation: 'off'\n        tx_tcp_segmentation: 'on'\n        tx_udp_tnl_csum_segmentation: off [fixed]\n        tx_udp_tnl_segmentation: off [fixed]\n        tx_vlan_offload: 'on'\n        tx_vlan_stag_hw_insert: off [fixed]\n        udp_fragmentation_offload: 'off'\n        vlan_challenged: off [fixed]\n    hw_timestamp_filters:\n    - none\n    - all\n    - ptp_v1_l4_sync\n    - ptp_v1_l4_delay_req\n    - ptp_v2_l4_sync\n    - ptp_v2_l4_delay_req\n    - ptp_v2_l2_sync\n    - ptp_v2_l2_delay_req\n    - ptp_v2_event\n    - ptp_v2_sync\n    - ptp_v2_delay_req\n    macaddress: 10:65:30:16:b5:31\n    module: e1000e\n    mtu: 1500\n    pciid: 0000:00:1f.6\n    phc_index: 0\n    promisc: true\n    speed: 1000\n    timestamping:\n    - tx_hardware\n    - tx_software\n    - rx_hardware\n    - rx_software\n    - software\n    - raw_hardware\n    type: ether\nansible_env:\n    BASH_FUNC_module%%: '() {  eval `/usr/bin/modulecmd bash $*`\n\n        }'\n    BASH_FUNC_scl%%: \"() {  if [ \\\"$1\\\" = \\\"load\\\" -o \\\"$1\\\" = \\\"unload\\\" ]; then\\n\\\n        \\ eval \\\"module $@\\\";\\n else\\n /usr/bin/scl \\\"$@\\\";\\n fi\\n}\"\n    CVS_RSH: ssh\n    DBUS_SESSION_BUS_ADDRESS: unix:path=/run/user/1000/bus\n    GIT_SUBREPO_ROOT: /opt/git-subrepo\n    GUESTFISH_INIT: \\e[1;34m\n    GUESTFISH_OUTPUT: \\e[0m\n    GUESTFISH_PS1: '\\[\\e[1;32m\\]><fs>\\[\\e[0;31m\\] '\n    GUESTFISH_RESTORE: \\e[0m\n    HOME: /home/mdrotthoff\n    LANG: en_US.UTF-8\n    LESSOPEN: '||/usr/bin/lesspipe.sh %s'\n    LOADEDMODULES: ''\n    LOGNAME: mdrotthoff\n    LS_COLORS: 'rs=0:di=38;5;33:ln=38;5;51:mh=00:pi=40;38;5;11:so=38;5;13:do=38;5;5:bd=48;5;232;38;5;11:cd=48;5;232;38;5;3:or=48;5;232;38;5;9:mi=01;05;37;41:su=48;5;196;38;5;15:sg=48;5;11;38;5;16:ca=48;5;196;38;5;226:tw=48;5;10;38;5;16:ow=48;5;10;38;5;21:st=48;5;21;38;5;15:ex=38;5;40:*.tar=38;5;9:*.tgz=38;5;9:*.arc=38;5;9:*.arj=38;5;9:*.taz=38;5;9:*.lha=38;5;9:*.lz4=38;5;9:*.lzh=38;5;9:*.lzma=38;5;9:*.tlz=38;5;9:*.txz=38;5;9:*.tzo=38;5;9:*.t7z=38;5;9:*.zip=38;5;9:*.z=38;5;9:*.Z=38;5;9:*.dz=38;5;9:*.gz=38;5;9:*.lrz=38;5;9:*.lz=38;5;9:*.lzo=38;5;9:*.xz=38;5;9:*.zst=38;5;9:*.tzst=38;5;9:*.bz2=38;5;9:*.bz=38;5;9:*.tbz=38;5;9:*.tbz2=38;5;9:*.tz=38;5;9:*.deb=38;5;9:*.rpm=38;5;9:*.jar=38;5;9:*.war=38;5;9:*.ear=38;5;9:*.sar=38;5;9:*.rar=38;5;9:*.alz=38;5;9:*.ace=38;5;9:*.zoo=38;5;9:*.cpio=38;5;9:*.7z=38;5;9:*.rz=38;5;9:*.cab=38;5;9:*.wim=38;5;9:*.swm=38;5;9:*.dwm=38;5;9:*.esd=38;5;9:*.jpg=38;5;13:*.jpeg=38;5;13:*.mjpg=38;5;13:*.mjpeg=38;5;13:*.gif=38;5;13:*.bmp=38;5;13:*.pbm=38;5;13:*.pgm=38;5;13:*.ppm=38;5;13:*.tga=38;5;13:*.xbm=38;5;13:*.xpm=38;5;13:*.tif=38;5;13:*.tiff=38;5;13:*.png=38;5;13:*.svg=38;5;13:*.svgz=38;5;13:*.mng=38;5;13:*.pcx=38;5;13:*.mov=38;5;13:*.mpg=38;5;13:*.mpeg=38;5;13:*.m2v=38;5;13:*.mkv=38;5;13:*.webm=38;5;13:*.ogm=38;5;13:*.mp4=38;5;13:*.m4v=38;5;13:*.mp4v=38;5;13:*.vob=38;5;13:*.qt=38;5;13:*.nuv=38;5;13:*.wmv=38;5;13:*.asf=38;5;13:*.rm=38;5;13:*.rmvb=38;5;13:*.flc=38;5;13:*.avi=38;5;13:*.fli=38;5;13:*.flv=38;5;13:*.gl=38;5;13:*.dl=38;5;13:*.xcf=38;5;13:*.xwd=38;5;13:*.yuv=38;5;13:*.cgm=38;5;13:*.emf=38;5;13:*.ogv=38;5;13:*.ogx=38;5;13:*.aac=38;5;45:*.au=38;5;45:*.flac=38;5;45:*.m4a=38;5;45:*.mid=38;5;45:*.midi=38;5;45:*.mka=38;5;45:*.mp3=38;5;45:*.mpc=38;5;45:*.ogg=38;5;45:*.ra=38;5;45:*.wav=38;5;45:*.oga=38;5;45:*.opus=38;5;45:*.spx=38;5;45:*.xspf=38;5;45:'\n    MAIL: /var/mail/mdrotthoff\n    MANPATH: '/opt/git-subrepo/man:'\n    MODULEPATH: /etc/scl/modulefiles:/usr/share/Modules/modulefiles:/etc/modulefiles:/usr/share/modulefiles\n    MODULESHOME: /usr/share/Modules\n    PATH: /opt/git-subrepo/lib:/usr/local/bin:/usr/bin\n    PWD: /home/mdrotthoff\n    SELINUX_LEVEL_REQUESTED: ''\n    SELINUX_ROLE_REQUESTED: ''\n    SELINUX_USE_CURRENT_RANGE: ''\n    SHELL: /bin/bash\n    SHLVL: '2'\n    SSH_ASKPASS: /usr/libexec/openssh/gnome-ssh-askpass\n    SSH_CLIENT: ::1 35072 22\n    SSH_CONNECTION: ::1 35072 ::1 22\n    SSH_TTY: /dev/pts/4\n    TERM: xterm-256color\n    USER: mdrotthoff\n    XDG_DATA_DIRS: /home/mdrotthoff/.local/share/flatpak/exports/share:/var/lib/flatpak/exports/share:/usr/local/share:/usr/share\n    XDG_RUNTIME_DIR: /run/user/1000\n    XDG_SESSION_ID: '166'\n    XMODIFIERS: '@im=ibus'\n    _: /usr/bin/python\nansible_facts:\n    all_ipv4_addresses:\n    - 192.168.35.100\n    - 192.168.100.1\n    all_ipv6_addresses:\n    - 2605:6000:f089:f00:7062:f02:3d90:1e74\n    - fd30:8855:cad5::1:1:100\n    - fe80::48b9:d5d8:d84e:a762\n    - fe80::fc54:ff:feb5:50eb\n    ansible_local: {}\n    apparmor:\n        status: disabled\n    architecture: x86_64\n    bios_date: 01/30/2018\n    bios_version: 1.9.1\n    bridge0:\n        active: true\n        device: bridge0\n        features:\n            esp_hw_offload: off [fixed]\n            esp_tx_csum_hw_offload: off [fixed]\n            fcoe_mtu: off [fixed]\n            generic_receive_offload: 'on'\n            generic_segmentation_offload: 'on'\n            highdma: 'on'\n            hw_tc_offload: off [fixed]\n            l2_fwd_offload: off [fixed]\n            large_receive_offload: off [fixed]\n            loopback: off [fixed]\n            netns_local: on [fixed]\n            ntuple_filters: off [fixed]\n            receive_hashing: off [fixed]\n            rx_all: off [fixed]\n            rx_checksumming: off [fixed]\n            rx_fcs: off [fixed]\n            rx_gro_hw: off [fixed]\n            rx_udp_tunnel_port_offload: off [fixed]\n            rx_vlan_filter: off [fixed]\n            rx_vlan_offload: off [fixed]\n            rx_vlan_stag_filter: off [fixed]\n            rx_vlan_stag_hw_parse: off [fixed]\n            scatter_gather: 'on'\n            tcp_segmentation_offload: 'on'\n            tx_checksum_fcoe_crc: off [fixed]\n            tx_checksum_ip_generic: 'on'\n            tx_checksum_ipv4: off [fixed]\n            tx_checksum_ipv6: off [fixed]\n            tx_checksum_sctp: off [fixed]\n            tx_checksumming: 'on'\n            tx_esp_segmentation: 'on'\n            tx_fcoe_segmentation: off [requested on]\n            tx_gre_csum_segmentation: 'on'\n            tx_gre_segmentation: 'on'\n            tx_gso_partial: 'on'\n            tx_gso_robust: off [requested on]\n            tx_ipxip4_segmentation: 'on'\n            tx_ipxip6_segmentation: 'on'\n            tx_lockless: on [fixed]\n            tx_nocache_copy: 'off'\n            tx_scatter_gather: 'on'\n            tx_scatter_gather_fraglist: 'on'\n            tx_sctp_segmentation: off [requested on]\n            tx_tcp6_segmentation: 'on'\n            tx_tcp_ecn_segmentation: 'on'\n            tx_tcp_mangleid_segmentation: 'on'\n            tx_tcp_segmentation: 'on'\n            tx_udp_tnl_csum_segmentation: 'on'\n            tx_udp_tnl_segmentation: 'on'\n            tx_vlan_offload: 'on'\n            tx_vlan_stag_hw_insert: 'on'\n            udp_fragmentation_offload: 'off'\n            vlan_challenged: off [fixed]\n        hw_timestamp_filters: []\n        id: 0080.10653016b531\n        interfaces:\n        - enp0s31f6\n        - vnet1\n        ipv4:\n            address: 192.168.35.100\n            broadcast: 192.168.35.255\n            netmask: 255.255.254.0\n            network: 192.168.34.0\n        ipv6:\n        -   address: 2605:6000:f089:f00:7062:f02:3d90:1e74\n            prefix: '128'\n            scope: global\n        macaddress: 10:65:30:16:b5:31\n        mtu: 1500\n        promisc: false\n        stp: true\n        timestamping:\n        - rx_software\n        - software\n        type: bridge\n    cmdline:\n        BOOT_IMAGE: /vmlinuz-4.16.11-200.fc27.x86_64\n        LANG: en_US.UTF-8\n        modprobe.blacklist: nouveau\n        nvidia-drm.modeset: '1'\n        quiet: true\n        rd.driver.blacklist: nouveau\n        rd.lvm.lv: vgworkstation01/lvroot\n        rd.md.uuid: 3484ee85:66fcb689:c31725ad:f4880691\n        ro: true\n        root: /dev/mapper/vgworkstation01-lvroot\n    date_time:\n        date: '2018-05-28'\n        day: '28'\n        epoch: '1527568434'\n        hour: '23'\n        iso8601: '2018-05-29T04:33:54Z'\n        iso8601_basic: 20180528T233354801811\n        iso8601_basic_short: 20180528T233354\n        iso8601_micro: '2018-05-29T04:33:54.801853Z'\n        minute: '33'\n        month: '05'\n        second: '54'\n        time: '23:33:54'\n        tz: CDT\n        tz_offset: '-0500'\n        weekday: Monday\n        weekday_number: '1'\n        weeknumber: '22'\n        year: '2018'\n    default_ipv4:\n        address: 192.168.35.100\n        alias: bridge0\n        broadcast: 192.168.35.255\n        gateway: 192.168.35.254\n        interface: bridge0\n        macaddress: 10:65:30:16:b5:31\n        mtu: 1500\n        netmask: 255.255.254.0\n        network: 192.168.34.0\n        type: bridge\n    default_ipv6:\n        address: 2605:6000:f089:f00:7062:f02:3d90:1e74\n        gateway: fe80::5665:deff:fe70:e07\n        interface: bridge0\n        macaddress: 10:65:30:16:b5:31\n        mtu: 1500\n        prefix: '128'\n        scope: global\n        type: bridge\n    device_links:\n        ids:\n            dm-0:\n            - dm-name-vgworkstation01-lvroot\n            - dm-uuid-LVM-RdoHXAXEAxC0ow9BRqmkiKRw433bouFInJ99MyIVnCr64MvdvSfOEAl1MSqGpLhf\n            dm-1:\n            - dm-name-vgworkstation01-lvimages\n            - dm-uuid-LVM-RdoHXAXEAxC0ow9BRqmkiKRw433bouFIrtikl5WvRz7PrU2psSG1jLSqHMAXbX1q\n            dm-2:\n            - dm-name-vgworkstation01-lvhome\n            - dm-uuid-LVM-RdoHXAXEAxC0ow9BRqmkiKRw433bouFI5dhPJgalhaQGTe5vbNU5PdKS5O3j815W\n            dm-3:\n            - dm-name-vgworkstation01-lvvarlog\n            - dm-uuid-LVM-RdoHXAXEAxC0ow9BRqmkiKRw433bouFI1ucyXdc9JpR6HV4LtnxQc7MiOEno8xZa\n            dm-4:\n            - dm-name-vgworkstation01-lvvar\n            - dm-uuid-LVM-RdoHXAXEAxC0ow9BRqmkiKRw433bouFIngiu04UCR092GKW19QX80WAK5fxAZ4X2\n            dm-5:\n            - dm-name-vgworkstation01-lvvauto\n            - dm-uuid-LVM-RdoHXAXEAxC0ow9BRqmkiKRw433bouFIA1aNndf96Dwu8j8ZMXXiJmPzMDtliHbf\n            dm-6:\n            - dm-name-vgworkstation01-lvmusic\n            - dm-uuid-LVM-RdoHXAXEAxC0ow9BRqmkiKRw433bouFI5QH8XK3KwA8t14JjEXyeRFtFQkM6oSjV\n            dm-7:\n            - dm-name-vgworkstation01-lvworkspace\n            - dm-uuid-LVM-RdoHXAXEAxC0ow9BRqmkiKRw433bouFIEiwJWn0jDFVCqugtF12LcEanKgwE0SKB\n            md125:\n            - md-name-boot_efi\n            - md-uuid-1c3a5a4b:16c17201:eb8fb214:b2c37756\n            md126:\n            - md-name-workstation.rotthoff.home:boot\n            - md-uuid-3484ee85:66fcb689:c31725ad:f4880691\n            md127:\n            - lvm-pv-uuid-h0cS4u-hjvn-JHhC-a1Pd-8g0q-a51J-wZG9Y6\n            - md-name-pvworkstation01\n            - md-uuid-7a90edb8:ffb2ed8d:f2c1da20:15593916\n            nvme0n1:\n            - nvme-KXG50ZNV1T02_NVMe_TOSHIBA_1024GB_18BS11MXTYAT\n            - nvme-eui.000000000000001000080d02003b5241\n            nvme0n1p1:\n            - nvme-KXG50ZNV1T02_NVMe_TOSHIBA_1024GB_18BS11MXTYAT-part1\n            - nvme-eui.000000000000001000080d02003b5241-part1\n            nvme0n1p2:\n            - nvme-KXG50ZNV1T02_NVMe_TOSHIBA_1024GB_18BS11MXTYAT-part2\n            - nvme-eui.000000000000001000080d02003b5241-part2\n            nvme0n1p3:\n            - nvme-KXG50ZNV1T02_NVMe_TOSHIBA_1024GB_18BS11MXTYAT-part3\n            - nvme-eui.000000000000001000080d02003b5241-part3\n            nvme0n1p4:\n            - nvme-KXG50ZNV1T02_NVMe_TOSHIBA_1024GB_18BS11MXTYAT-part4\n            - nvme-eui.000000000000001000080d02003b5241-part4\n            nvme1n1:\n            - nvme-KXG50ZNV1T02_NVMe_TOSHIBA_1024GB_18LS10TTTYAT\n            - nvme-eui.000000000000001000080d02003c587a\n            nvme1n1p1:\n            - nvme-KXG50ZNV1T02_NVMe_TOSHIBA_1024GB_18LS10TTTYAT-part1\n            - nvme-eui.000000000000001000080d02003c587a-part1\n            nvme1n1p2:\n            - nvme-KXG50ZNV1T02_NVMe_TOSHIBA_1024GB_18LS10TTTYAT-part2\n            - nvme-eui.000000000000001000080d02003c587a-part2\n            nvme1n1p3:\n            - nvme-KXG50ZNV1T02_NVMe_TOSHIBA_1024GB_18LS10TTTYAT-part3\n            - nvme-eui.000000000000001000080d02003c587a-part3\n            nvme1n1p4:\n            - nvme-KXG50ZNV1T02_NVMe_TOSHIBA_1024GB_18LS10TTTYAT-part4\n            - nvme-eui.000000000000001000080d02003c587a-part4\n            nvme2n1:\n            - nvme-KXG50ZNV1T02_NVMe_TOSHIBA_1024GB_18BS114KTYAT\n            - nvme-eui.000000000000001000080d02003b4fa1\n            nvme2n1p1:\n            - nvme-KXG50ZNV1T02_NVMe_TOSHIBA_1024GB_18BS114KTYAT-part1\n            - nvme-eui.000000000000001000080d02003b4fa1-part1\n            nvme2n1p2:\n            - nvme-KXG50ZNV1T02_NVMe_TOSHIBA_1024GB_18BS114KTYAT-part2\n            - nvme-eui.000000000000001000080d02003b4fa1-part2\n            nvme2n1p3:\n            - nvme-KXG50ZNV1T02_NVMe_TOSHIBA_1024GB_18BS114KTYAT-part3\n            - nvme-eui.000000000000001000080d02003b4fa1-part3\n            nvme2n1p4:\n            - nvme-KXG50ZNV1T02_NVMe_TOSHIBA_1024GB_18BS114KTYAT-part4\n            - nvme-eui.000000000000001000080d02003b4fa1-part4\n        labels:\n            dm-0:\n            - lvroot\n            dm-1:\n            - lvimages\n            dm-2:\n            - lvhome\n            dm-3:\n            - lvvarlog\n            dm-4:\n            - lvvar\n            md125:\n            - boot_efi\n            md126:\n            - boot\n            nvme0n1p3:\n            - swap10\n            nvme1n1p3:\n            - swap20\n            nvme2n1p3:\n            - swap00\n        masters:\n            md127:\n            - dm-0\n            - dm-1\n            - dm-2\n            - dm-3\n            - dm-4\n            - dm-5\n            - dm-6\n            - dm-7\n            nvme0n1p1:\n            - md125\n            nvme0n1p2:\n            - md126\n            nvme0n1p4:\n            - md127\n            nvme1n1p1:\n            - md125\n            nvme1n1p2:\n            - md126\n            nvme1n1p4:\n            - md127\n            nvme2n1p1:\n            - md125\n            nvme2n1p2:\n            - md126\n            nvme2n1p4:\n            - md127\n        uuids:\n            dm-0:\n            - 65f16aa7-6071-4bec-b950-bab3abf25c75\n            dm-1:\n            - a4c7b96f-40b6-49e2-a333-5f6a52d8de06\n            dm-2:\n            - b66a39b8-f119-40a6-a5ff-cfce41ae413c\n            dm-3:\n            - b2af6305-1dcb-49e3-88ec-cbbc37a5906f\n            dm-4:\n            - fec4e3bc-0760-40a1-88db-8199c8ba7e35\n            dm-5:\n            - dbb2750c-7993-48d6-9bf7-6ae879c25535\n            dm-6:\n            - 580944e6-6de7-4036-8502-1ff0a9c24e02\n            dm-7:\n            - 3c4af38b-12e2-4de8-b6ea-c5fe380707f6\n            md125:\n            - AC4E-B231\n            md126:\n            - 518a05c3-8313-48db-8ffb-d4557a2f3093\n            nvme0n1p3:\n            - 9737c9e3-c066-4edb-a357-e8f7a32c0142\n            nvme1n1p3:\n            - 9c1946f4-e931-4c31-8a69-c735bb7de999\n            nvme2n1p3:\n            - 6aa3f768-905a-4420-bf23-f69a65bebf95\n    devices:\n        dm-0:\n            holders: []\n            host: ''\n            links:\n                ids:\n                - dm-name-vgworkstation01-lvroot\n                - dm-uuid-LVM-RdoHXAXEAxC0ow9BRqmkiKRw433bouFInJ99MyIVnCr64MvdvSfOEAl1MSqGpLhf\n                labels:\n                - lvroot\n                masters: []\n                uuids:\n                - 65f16aa7-6071-4bec-b950-bab3abf25c75\n            model: null\n            partitions: {}\n            removable: '0'\n            rotational: '0'\n            sas_address: null\n            sas_device_handle: null\n            scheduler_mode: ''\n            sectors: '62914560'\n            sectorsize: '512'\n            size: 30.00 GB\n            support_discard: '0'\n            vendor: null\n            virtual: 1\n        dm-1:\n            holders: []\n            host: ''\n            links:\n                ids:\n                - dm-name-vgworkstation01-lvimages\n                - dm-uuid-LVM-RdoHXAXEAxC0ow9BRqmkiKRw433bouFIrtikl5WvRz7PrU2psSG1jLSqHMAXbX1q\n                labels:\n                - lvimages\n                masters: []\n                uuids:\n                - a4c7b96f-40b6-49e2-a333-5f6a52d8de06\n            model: null\n            partitions: {}\n            removable: '0'\n            rotational: '0'\n            sas_address: null\n            sas_device_handle: null\n            scheduler_mode: ''\n            sectors: '2306867200'\n            sectorsize: '512'\n            size: 1.07 TB\n            support_discard: '0'\n            vendor: null\n            virtual: 1\n        dm-2:\n            holders: []\n            host: ''\n            links:\n                ids:\n                - dm-name-vgworkstation01-lvhome\n                - dm-uuid-LVM-RdoHXAXEAxC0ow9BRqmkiKRw433bouFI5dhPJgalhaQGTe5vbNU5PdKS5O3j815W\n                labels:\n                - lvhome\n                masters: []\n                uuids:\n                - b66a39b8-f119-40a6-a5ff-cfce41ae413c\n            model: null\n            partitions: {}\n            removable: '0'\n            rotational: '0'\n            sas_address: null\n            sas_device_handle: null\n            scheduler_mode: ''\n            sectors: '20971520'\n            sectorsize: '512'\n            size: 10.00 GB\n            support_discard: '0'\n            vendor: null\n            virtual: 1\n        dm-3:\n            holders: []\n            host: ''\n            links:\n                ids:\n                - dm-name-vgworkstation01-lvvarlog\n                - dm-uuid-LVM-RdoHXAXEAxC0ow9BRqmkiKRw433bouFI1ucyXdc9JpR6HV4LtnxQc7MiOEno8xZa\n                labels:\n                - lvvarlog\n                masters: []\n                uuids:\n                - b2af6305-1dcb-49e3-88ec-cbbc37a5906f\n            model: null\n            partitions: {}\n            removable: '0'\n            rotational: '0'\n            sas_address: null\n            sas_device_handle: null\n            scheduler_mode: ''\n            sectors: '20971520'\n            sectorsize: '512'\n            size: 10.00 GB\n            support_discard: '0'\n            vendor: null\n            virtual: 1\n        dm-4:\n            holders: []\n            host: ''\n            links:\n                ids:\n                - dm-name-vgworkstation01-lvvar\n                - dm-uuid-LVM-RdoHXAXEAxC0ow9BRqmkiKRw433bouFIngiu04UCR092GKW19QX80WAK5fxAZ4X2\n                labels:\n                - lvvar\n                masters: []\n                uuids:\n                - fec4e3bc-0760-40a1-88db-8199c8ba7e35\n            model: null\n            partitions: {}\n            removable: '0'\n            rotational: '0'\n            sas_address: null\n            sas_device_handle: null\n            scheduler_mode: ''\n            sectors: '20971520'\n            sectorsize: '512'\n            size: 10.00 GB\n            support_discard: '0'\n            vendor: null\n            virtual: 1\n        dm-5:\n            holders: []\n            host: ''\n            links:\n                ids:\n                - dm-name-vgworkstation01-lvvauto\n                - dm-uuid-LVM-RdoHXAXEAxC0ow9BRqmkiKRw433bouFIA1aNndf96Dwu8j8ZMXXiJmPzMDtliHbf\n                labels: []\n                masters: []\n                uuids:\n                - dbb2750c-7993-48d6-9bf7-6ae879c25535\n            model: null\n            partitions: {}\n            removable: '0'\n            rotational: '0'\n            sas_address: null\n            sas_device_handle: null\n            scheduler_mode: ''\n            sectors: '104857600'\n            sectorsize: '512'\n            size: 50.00 GB\n            support_discard: '0'\n            vendor: null\n            virtual: 1\n        dm-6:\n            holders: []\n            host: ''\n            links:\n                ids:\n                - dm-name-vgworkstation01-lvmusic\n                - dm-uuid-LVM-RdoHXAXEAxC0ow9BRqmkiKRw433bouFI5QH8XK3KwA8t14JjEXyeRFtFQkM6oSjV\n                labels: []\n                masters: []\n                uuids:\n                - 580944e6-6de7-4036-8502-1ff0a9c24e02\n            model: null\n            partitions: {}\n            removable: '0'\n            rotational: '0'\n            sas_address: null\n            sas_device_handle: null\n            scheduler_mode: ''\n            sectors: '419430400'\n            sectorsize: '512'\n            size: 200.00 GB\n            support_discard: '0'\n            vendor: null\n            virtual: 1\n        dm-7:\n            holders: []\n            host: ''\n            links:\n                ids:\n                - dm-name-vgworkstation01-lvworkspace\n                - dm-uuid-LVM-RdoHXAXEAxC0ow9BRqmkiKRw433bouFIEiwJWn0jDFVCqugtF12LcEanKgwE0SKB\n                labels: []\n                masters: []\n                uuids:\n                - 3c4af38b-12e2-4de8-b6ea-c5fe380707f6\n            model: null\n            partitions: {}\n            removable: '0'\n            rotational: '0'\n            sas_address: null\n            sas_device_handle: null\n            scheduler_mode: ''\n            sectors: '104857600'\n            sectorsize: '512'\n            size: 50.00 GB\n            support_discard: '0'\n            vendor: null\n            virtual: 1\n        md125:\n            holders: []\n            host: ''\n            links:\n                ids:\n                - md-name-boot_efi\n                - md-uuid-1c3a5a4b:16c17201:eb8fb214:b2c37756\n                labels:\n                - boot_efi\n                masters: []\n                uuids:\n                - AC4E-B231\n            model: null\n            partitions: {}\n            removable: '0'\n            rotational: '0'\n            sas_address: null\n            sas_device_handle: null\n            scheduler_mode: ''\n            sectors: '419712'\n            sectorsize: '512'\n            size: 204.94 MB\n            support_discard: '512'\n            vendor: null\n            virtual: 1\n        md126:\n            holders: []\n            host: ''\n            links:\n                ids:\n                - md-name-workstation.rotthoff.home:boot\n                - md-uuid-3484ee85:66fcb689:c31725ad:f4880691\n                labels:\n                - boot\n                masters: []\n                uuids:\n                - 518a05c3-8313-48db-8ffb-d4557a2f3093\n            model: null\n            partitions: {}\n            removable: '0'\n            rotational: '0'\n            sas_address: null\n            sas_device_handle: null\n            scheduler_mode: ''\n            sectors: '2095104'\n            sectorsize: '512'\n            size: 1023.00 MB\n            support_discard: '512'\n            vendor: null\n            virtual: 1\n        md127:\n            holders:\n            - vgworkstation01-lvimages\n            - vgworkstation01-lvmusic\n            - vgworkstation01-lvvar\n            - vgworkstation01-lvhome\n            - vgworkstation01-lvroot\n            - vgworkstation01-lvworkspace\n            - vgworkstation01-lvvauto\n            - vgworkstation01-lvvarlog\n            host: ''\n            links:\n                ids:\n                - lvm-pv-uuid-h0cS4u-hjvn-JHhC-a1Pd-8g0q-a51J-wZG9Y6\n                - md-name-pvworkstation01\n                - md-uuid-7a90edb8:ffb2ed8d:f2c1da20:15593916\n                labels: []\n                masters:\n                - dm-0\n                - dm-1\n                - dm-2\n                - dm-3\n                - dm-4\n                - dm-5\n                - dm-6\n                - dm-7\n                uuids: []\n            model: null\n            partitions: {}\n            removable: '0'\n            rotational: '0'\n            sas_address: null\n            sas_device_handle: null\n            scheduler_mode: ''\n            sectors: '3961700352'\n            sectorsize: '512'\n            size: 1.84 TB\n            support_discard: '1048576'\n            vendor: null\n            virtual: 1\n        nvme0n1:\n            holders: []\n            host: 'Non-Volatile memory controller: Toshiba America Info Systems Device\n                0116'\n            links:\n                ids:\n                - nvme-KXG50ZNV1T02_NVMe_TOSHIBA_1024GB_18BS11MXTYAT\n                - nvme-eui.000000000000001000080d02003b5241\n                labels: []\n                masters: []\n                uuids: []\n            model: KXG50ZNV1T02 NVMe TOSHIBA 1024GB\n            partitions: {}\n            removable: '0'\n            rotational: '0'\n            sas_address: null\n            sas_device_handle: null\n            scheduler_mode: none\n            sectors: '2000409264'\n            sectorsize: '512'\n            size: 953.87 GB\n            support_discard: '512'\n            vendor: null\n            virtual: 1\n        nvme1n1:\n            holders: []\n            host: 'Non-Volatile memory controller: Toshiba America Info Systems Device\n                0116'\n            links:\n                ids:\n                - nvme-KXG50ZNV1T02_NVMe_TOSHIBA_1024GB_18LS10TTTYAT\n                - nvme-eui.000000000000001000080d02003c587a\n                labels: []\n                masters: []\n                uuids: []\n            model: KXG50ZNV1T02 NVMe TOSHIBA 1024GB\n            partitions: {}\n            removable: '0'\n            rotational: '0'\n            sas_address: null\n            sas_device_handle: null\n            scheduler_mode: none\n            sectors: '2000409264'\n            sectorsize: '512'\n            size: 953.87 GB\n            support_discard: '512'\n            vendor: null\n            virtual: 1\n        nvme2n1:\n            holders: []\n            host: 'Non-Volatile memory controller: Toshiba America Info Systems Device\n                0116'\n            links:\n                ids:\n                - nvme-KXG50ZNV1T02_NVMe_TOSHIBA_1024GB_18BS114KTYAT\n                - nvme-eui.000000000000001000080d02003b4fa1\n                labels: []\n                masters: []\n                uuids: []\n            model: KXG50ZNV1T02 NVMe TOSHIBA 1024GB\n            partitions: {}\n            removable: '0'\n            rotational: '0'\n            sas_address: null\n            sas_device_handle: null\n            scheduler_mode: none\n            sectors: '2000409264'\n            sectorsize: '512'\n            size: 953.87 GB\n            support_discard: '512'\n            vendor: null\n            virtual: 1\n    distribution: Fedora\n    distribution_file_parsed: true\n    distribution_file_path: /etc/redhat-release\n    distribution_file_variety: RedHat\n    distribution_major_version: '27'\n    distribution_release: Twenty Seven\n    distribution_version: '27'\n    dns:\n        nameservers:\n        - 127.0.0.1\n        - ::1\n        search:\n        - rotthoff.home\n        - workstation.rotthoff.home\n        - datacenter.rotthoff.home\n        - iscsi.rotthoff.home\n    domain: rotthoff.home\n    effective_group_id: 1000\n    effective_user_id: 1000\n    enp0s31f6:\n        active: true\n        device: enp0s31f6\n        features:\n            esp_hw_offload: off [fixed]\n            esp_tx_csum_hw_offload: off [fixed]\n            fcoe_mtu: off [fixed]\n            generic_receive_offload: 'on'\n            generic_segmentation_offload: 'on'\n            highdma: on [fixed]\n            hw_tc_offload: off [fixed]\n            l2_fwd_offload: off [fixed]\n            large_receive_offload: off [fixed]\n            loopback: off [fixed]\n            netns_local: off [fixed]\n            ntuple_filters: off [fixed]\n            receive_hashing: 'on'\n            rx_all: 'off'\n            rx_checksumming: 'on'\n            rx_fcs: 'off'\n            rx_gro_hw: off [fixed]\n            rx_udp_tunnel_port_offload: off [fixed]\n            rx_vlan_filter: off [fixed]\n            rx_vlan_offload: 'on'\n            rx_vlan_stag_filter: off [fixed]\n            rx_vlan_stag_hw_parse: off [fixed]\n            scatter_gather: 'on'\n            tcp_segmentation_offload: 'on'\n            tx_checksum_fcoe_crc: off [fixed]\n            tx_checksum_ip_generic: 'on'\n            tx_checksum_ipv4: off [fixed]\n            tx_checksum_ipv6: off [fixed]\n            tx_checksum_sctp: off [fixed]\n            tx_checksumming: 'on'\n            tx_esp_segmentation: off [fixed]\n            tx_fcoe_segmentation: off [fixed]\n            tx_gre_csum_segmentation: off [fixed]\n            tx_gre_segmentation: off [fixed]\n            tx_gso_partial: off [fixed]\n            tx_gso_robust: off [fixed]\n            tx_ipxip4_segmentation: off [fixed]\n            tx_ipxip6_segmentation: off [fixed]\n            tx_lockless: off [fixed]\n            tx_nocache_copy: 'off'\n            tx_scatter_gather: 'on'\n            tx_scatter_gather_fraglist: off [fixed]\n            tx_sctp_segmentation: off [fixed]\n            tx_tcp6_segmentation: 'on'\n            tx_tcp_ecn_segmentation: off [fixed]\n            tx_tcp_mangleid_segmentation: 'off'\n            tx_tcp_segmentation: 'on'\n            tx_udp_tnl_csum_segmentation: off [fixed]\n            tx_udp_tnl_segmentation: off [fixed]\n            tx_vlan_offload: 'on'\n            tx_vlan_stag_hw_insert: off [fixed]\n            udp_fragmentation_offload: 'off'\n            vlan_challenged: off [fixed]\n        hw_timestamp_filters:\n        - none\n        - all\n        - ptp_v1_l4_sync\n        - ptp_v1_l4_delay_req\n        - ptp_v2_l4_sync\n        - ptp_v2_l4_delay_req\n        - ptp_v2_l2_sync\n        - ptp_v2_l2_delay_req\n        - ptp_v2_event\n        - ptp_v2_sync\n        - ptp_v2_delay_req\n        macaddress: 10:65:30:16:b5:31\n        module: e1000e\n        mtu: 1500\n        pciid: 0000:00:1f.6\n        phc_index: 0\n        promisc: true\n        speed: 1000\n        timestamping:\n        - tx_hardware\n        - tx_software\n        - rx_hardware\n        - rx_software\n        - software\n        - raw_hardware\n        type: ether\n    env:\n        BASH_FUNC_module%%: '() {  eval `/usr/bin/modulecmd bash $*`\n\n            }'\n        BASH_FUNC_scl%%: \"() {  if [ \\\"$1\\\" = \\\"load\\\" -o \\\"$1\\\" = \\\"unload\\\" ]; then\\n\\\n            \\ eval \\\"module $@\\\";\\n else\\n /usr/bin/scl \\\"$@\\\";\\n fi\\n}\"\n        CVS_RSH: ssh\n        DBUS_SESSION_BUS_ADDRESS: unix:path=/run/user/1000/bus\n        GIT_SUBREPO_ROOT: /opt/git-subrepo\n        GUESTFISH_INIT: \\e[1;34m\n        GUESTFISH_OUTPUT: \\e[0m\n        GUESTFISH_PS1: '\\[\\e[1;32m\\]><fs>\\[\\e[0;31m\\] '\n        GUESTFISH_RESTORE: \\e[0m\n        HOME: /home/mdrotthoff\n        LANG: en_US.UTF-8\n        LESSOPEN: '||/usr/bin/lesspipe.sh %s'\n        LOADEDMODULES: ''\n        LOGNAME: mdrotthoff\n        LS_COLORS: 'rs=0:di=38;5;33:ln=38;5;51:mh=00:pi=40;38;5;11:so=38;5;13:do=38;5;5:bd=48;5;232;38;5;11:cd=48;5;232;38;5;3:or=48;5;232;38;5;9:mi=01;05;37;41:su=48;5;196;38;5;15:sg=48;5;11;38;5;16:ca=48;5;196;38;5;226:tw=48;5;10;38;5;16:ow=48;5;10;38;5;21:st=48;5;21;38;5;15:ex=38;5;40:*.tar=38;5;9:*.tgz=38;5;9:*.arc=38;5;9:*.arj=38;5;9:*.taz=38;5;9:*.lha=38;5;9:*.lz4=38;5;9:*.lzh=38;5;9:*.lzma=38;5;9:*.tlz=38;5;9:*.txz=38;5;9:*.tzo=38;5;9:*.t7z=38;5;9:*.zip=38;5;9:*.z=38;5;9:*.Z=38;5;9:*.dz=38;5;9:*.gz=38;5;9:*.lrz=38;5;9:*.lz=38;5;9:*.lzo=38;5;9:*.xz=38;5;9:*.zst=38;5;9:*.tzst=38;5;9:*.bz2=38;5;9:*.bz=38;5;9:*.tbz=38;5;9:*.tbz2=38;5;9:*.tz=38;5;9:*.deb=38;5;9:*.rpm=38;5;9:*.jar=38;5;9:*.war=38;5;9:*.ear=38;5;9:*.sar=38;5;9:*.rar=38;5;9:*.alz=38;5;9:*.ace=38;5;9:*.zoo=38;5;9:*.cpio=38;5;9:*.7z=38;5;9:*.rz=38;5;9:*.cab=38;5;9:*.wim=38;5;9:*.swm=38;5;9:*.dwm=38;5;9:*.esd=38;5;9:*.jpg=38;5;13:*.jpeg=38;5;13:*.mjpg=38;5;13:*.mjpeg=38;5;13:*.gif=38;5;13:*.bmp=38;5;13:*.pbm=38;5;13:*.pgm=38;5;13:*.ppm=38;5;13:*.tga=38;5;13:*.xbm=38;5;13:*.xpm=38;5;13:*.tif=38;5;13:*.tiff=38;5;13:*.png=38;5;13:*.svg=38;5;13:*.svgz=38;5;13:*.mng=38;5;13:*.pcx=38;5;13:*.mov=38;5;13:*.mpg=38;5;13:*.mpeg=38;5;13:*.m2v=38;5;13:*.mkv=38;5;13:*.webm=38;5;13:*.ogm=38;5;13:*.mp4=38;5;13:*.m4v=38;5;13:*.mp4v=38;5;13:*.vob=38;5;13:*.qt=38;5;13:*.nuv=38;5;13:*.wmv=38;5;13:*.asf=38;5;13:*.rm=38;5;13:*.rmvb=38;5;13:*.flc=38;5;13:*.avi=38;5;13:*.fli=38;5;13:*.flv=38;5;13:*.gl=38;5;13:*.dl=38;5;13:*.xcf=38;5;13:*.xwd=38;5;13:*.yuv=38;5;13:*.cgm=38;5;13:*.emf=38;5;13:*.ogv=38;5;13:*.ogx=38;5;13:*.aac=38;5;45:*.au=38;5;45:*.flac=38;5;45:*.m4a=38;5;45:*.mid=38;5;45:*.midi=38;5;45:*.mka=38;5;45:*.mp3=38;5;45:*.mpc=38;5;45:*.ogg=38;5;45:*.ra=38;5;45:*.wav=38;5;45:*.oga=38;5;45:*.opus=38;5;45:*.spx=38;5;45:*.xspf=38;5;45:'\n        MAIL: /var/mail/mdrotthoff\n        MANPATH: '/opt/git-subrepo/man:'\n        MODULEPATH: /etc/scl/modulefiles:/usr/share/Modules/modulefiles:/etc/modulefiles:/usr/share/modulefiles\n        MODULESHOME: /usr/share/Modules\n        PATH: /opt/git-subrepo/lib:/usr/local/bin:/usr/bin\n        PWD: /home/mdrotthoff\n        SELINUX_LEVEL_REQUESTED: ''\n        SELINUX_ROLE_REQUESTED: ''\n        SELINUX_USE_CURRENT_RANGE: ''\n        SHELL: /bin/bash\n        SHLVL: '2'\n        SSH_ASKPASS: /usr/libexec/openssh/gnome-ssh-askpass\n        SSH_CLIENT: ::1 35072 22\n        SSH_CONNECTION: ::1 35072 ::1 22\n        SSH_TTY: /dev/pts/4\n        TERM: xterm-256color\n        USER: mdrotthoff\n        XDG_DATA_DIRS: /home/mdrotthoff/.local/share/flatpak/exports/share:/var/lib/flatpak/exports/share:/usr/local/share:/usr/share\n        XDG_RUNTIME_DIR: /run/user/1000\n        XDG_SESSION_ID: '166'\n        XMODIFIERS: '@im=ibus'\n        _: /usr/bin/python\n    fips: false\n    form_factor: Notebook\n    fqdn: workstation.rotthoff.home\n    gather_subset:\n    - all\n    hostname: workstation\n    interfaces:\n    - bridge0\n    - lo\n    - vnet1\n    - wlp3s0\n    - vpn0\n    - enp0s31f6\n    - virbr0-nic\n    - virbr0\n    is_chroot: false\n    kernel: 4.16.11-200.fc27.x86_64\n    lo:\n        active: true\n        device: lo\n        features:\n            esp_hw_offload: off [fixed]\n            esp_tx_csum_hw_offload: off [fixed]\n            fcoe_mtu: off [fixed]\n            generic_receive_offload: 'on'\n            generic_segmentation_offload: 'on'\n            highdma: on [fixed]\n            hw_tc_offload: off [fixed]\n            l2_fwd_offload: off [fixed]\n            large_receive_offload: off [fixed]\n            loopback: on [fixed]\n            netns_local: on [fixed]\n            ntuple_filters: off [fixed]\n            receive_hashing: off [fixed]\n            rx_all: off [fixed]\n            rx_checksumming: on [fixed]\n            rx_fcs: off [fixed]\n            rx_gro_hw: off [fixed]\n            rx_udp_tunnel_port_offload: off [fixed]\n            rx_vlan_filter: off [fixed]\n            rx_vlan_offload: off [fixed]\n            rx_vlan_stag_filter: off [fixed]\n            rx_vlan_stag_hw_parse: off [fixed]\n            scatter_gather: 'on'\n            tcp_segmentation_offload: 'on'\n            tx_checksum_fcoe_crc: off [fixed]\n            tx_checksum_ip_generic: on [fixed]\n            tx_checksum_ipv4: off [fixed]\n            tx_checksum_ipv6: off [fixed]\n            tx_checksum_sctp: on [fixed]\n            tx_checksumming: 'on'\n            tx_esp_segmentation: off [fixed]\n            tx_fcoe_segmentation: off [fixed]\n            tx_gre_csum_segmentation: off [fixed]\n            tx_gre_segmentation: off [fixed]\n            tx_gso_partial: off [fixed]\n            tx_gso_robust: off [fixed]\n            tx_ipxip4_segmentation: off [fixed]\n            tx_ipxip6_segmentation: off [fixed]\n            tx_lockless: on [fixed]\n            tx_nocache_copy: off [fixed]\n            tx_scatter_gather: on [fixed]\n            tx_scatter_gather_fraglist: on [fixed]\n            tx_sctp_segmentation: 'on'\n            tx_tcp6_segmentation: 'on'\n            tx_tcp_ecn_segmentation: 'on'\n            tx_tcp_mangleid_segmentation: 'on'\n            tx_tcp_segmentation: 'on'\n            tx_udp_tnl_csum_segmentation: off [fixed]\n            tx_udp_tnl_segmentation: off [fixed]\n            tx_vlan_offload: off [fixed]\n            tx_vlan_stag_hw_insert: off [fixed]\n            udp_fragmentation_offload: 'off'\n            vlan_challenged: on [fixed]\n        hw_timestamp_filters: []\n        ipv4:\n            address: 127.0.0.1\n            broadcast: host\n            netmask: 255.0.0.0\n            network: 127.0.0.0\n        ipv6:\n        -   address: ::1\n            prefix: '128'\n            scope: host\n        mtu: 65536\n        promisc: false\n        timestamping:\n        - tx_software\n        - rx_software\n        - software\n        type: loopback\n    lsb:\n        codename: TwentySeven\n        description: Fedora release 27 (Twenty Seven)\n        id: Fedora\n        major_release: '27'\n        release: '27'\n    machine: x86_64\n    machine_id: b7d19f25aee2421fb2a1719b837fb935\n    memfree_mb: 56233\n    memory_mb:\n        nocache:\n            free: 59763\n            used: 4581\n        real:\n            free: 56233\n            total: 64344\n            used: 8111\n        swap:\n            cached: 0\n            free: 24575\n            total: 24575\n            used: 0\n    memtotal_mb: 64344\n    module_setup: true\n    mounts:\n    -   block_available: 4545596\n        block_size: 4096\n        block_total: 7708137\n        block_used: 3162541\n        device: /dev/mapper/vgworkstation01-lvroot\n        fstype: ext4\n        inode_available: 1545407\n        inode_total: 1966080\n        inode_used: 420673\n        mount: /\n        options: rw,seclabel,relatime,stripe=256,data=ordered\n        size_available: 18618761216\n        size_total: 31572529152\n        uuid: 65f16aa7-6071-4bec-b950-bab3abf25c75\n    -   block_available: 188090\n        block_size: 4096\n        block_total: 253670\n        block_used: 65580\n        device: /dev/md126\n        fstype: ext4\n        inode_available: 65439\n        inode_total: 65536\n        inode_used: 97\n        mount: /boot\n        options: rw,seclabel,relatime,data=ordered\n        size_available: 770416640\n        size_total: 1039032320\n        uuid: 518a05c3-8313-48db-8ffb-d4557a2f3093\n    -   block_available: 49625\n        block_size: 4096\n        block_total: 52407\n        block_used: 2782\n        device: /dev/md125\n        fstype: vfat\n        inode_available: 0\n        inode_total: 0\n        inode_used: 0\n        mount: /boot/efi\n        options: rw,relatime,fmask=0077,dmask=0077,codepage=437,iocharset=ascii,shortname=winnt,errors=remount-ro\n        size_available: 203264000\n        size_total: 214659072\n        uuid: AC4E-B231\n    -   block_available: 596502\n        block_size: 4096\n        block_total: 2563909\n        block_used: 1967407\n        device: /dev/mapper/vgworkstation01-lvhome\n        fstype: ext4\n        inode_available: 625881\n        inode_total: 655360\n        inode_used: 29479\n        mount: /home\n        options: rw,seclabel,relatime,stripe=256,data=ordered\n        size_available: 2443272192\n        size_total: 10501771264\n        uuid: b66a39b8-f119-40a6-a5ff-cfce41ae413c\n    -   block_available: 1278966\n        block_size: 4096\n        block_total: 2563909\n        block_used: 1284943\n        device: /dev/mapper/vgworkstation01-lvvar\n        fstype: ext4\n        inode_available: 644788\n        inode_total: 655360\n        inode_used: 10572\n        mount: /var\n        options: rw,seclabel,relatime,stripe=256,data=ordered\n        size_available: 5238644736\n        size_total: 10501771264\n        uuid: fec4e3bc-0760-40a1-88db-8199c8ba7e35\n    -   block_available: 9426366\n        block_size: 4096\n        block_total: 12835960\n        block_used: 3409594\n        device: /dev/mapper/vgworkstation01-lvworkspace\n        fstype: ext4\n        inode_available: 3104632\n        inode_total: 3276800\n        inode_used: 172168\n        mount: /home/mdrotthoff/workspaces\n        options: rw,seclabel,relatime,stripe=256,data=ordered\n        size_available: 38610395136\n        size_total: 52576092160\n        uuid: 3c4af38b-12e2-4de8-b6ea-c5fe380707f6\n    -   block_available: 35261036\n        block_size: 4096\n        block_total: 51343866\n        block_used: 16082830\n        device: /dev/mapper/vgworkstation01-lvmusic\n        fstype: ext4\n        inode_available: 13090295\n        inode_total: 13107200\n        inode_used: 16905\n        mount: /home/mdrotthoff/Music\n        options: rw,seclabel,relatime,stripe=256,data=ordered\n        size_available: 144429203456\n        size_total: 210304475136\n        uuid: 580944e6-6de7-4036-8502-1ff0a9c24e02\n    -   block_available: 7903787\n        block_size: 4096\n        block_total: 12835960\n        block_used: 4932173\n        device: /dev/mapper/vgworkstation01-lvvauto\n        fstype: ext4\n        inode_available: 3246265\n        inode_total: 3276800\n        inode_used: 30535\n        mount: /home/mdrotthoff/vauto\n        options: rw,seclabel,relatime,stripe=256,data=ordered\n        size_available: 32373911552\n        size_total: 52576092160\n        uuid: dbb2750c-7993-48d6-9bf7-6ae879c25535\n    -   block_available: 164842576\n        block_size: 4096\n        block_total: 283570415\n        block_used: 118727839\n        device: /dev/mapper/vgworkstation01-lvimages\n        fstype: ext4\n        inode_available: 72089500\n        inode_total: 72089600\n        inode_used: 100\n        mount: /var/lib/libvirt/images\n        options: rw,seclabel,relatime,stripe=256,data=ordered\n        size_available: 675195191296\n        size_total: 1161504419840\n        uuid: a4c7b96f-40b6-49e2-a333-5f6a52d8de06\n    -   block_available: 2284117\n        block_size: 4096\n        block_total: 2563909\n        block_used: 279792\n        device: /dev/mapper/vgworkstation01-lvvarlog\n        fstype: ext4\n        inode_available: 655146\n        inode_total: 655360\n        inode_used: 214\n        mount: /var/log\n        options: rw,seclabel,relatime,stripe=256,data=ordered\n        size_available: 9355743232\n        size_total: 10501771264\n        uuid: b2af6305-1dcb-49e3-88ec-cbbc37a5906f\n    nodename: workstation.rotthoff.home\n    os_family: RedHat\n    pkg_mgr: dnf\n    processor:\n    - '0'\n    - GenuineIntel\n    - Intel(R) Xeon(R) CPU E3-1535M v6 @ 3.10GHz\n    - '1'\n    - GenuineIntel\n    - Intel(R) Xeon(R) CPU E3-1535M v6 @ 3.10GHz\n    - '2'\n    - GenuineIntel\n    - Intel(R) Xeon(R) CPU E3-1535M v6 @ 3.10GHz\n    - '3'\n    - GenuineIntel\n    - Intel(R) Xeon(R) CPU E3-1535M v6 @ 3.10GHz\n    - '4'\n    - GenuineIntel\n    - Intel(R) Xeon(R) CPU E3-1535M v6 @ 3.10GHz\n    - '5'\n    - GenuineIntel\n    - Intel(R) Xeon(R) CPU E3-1535M v6 @ 3.10GHz\n    - '6'\n    - GenuineIntel\n    - Intel(R) Xeon(R) CPU E3-1535M v6 @ 3.10GHz\n    - '7'\n    - GenuineIntel\n    - Intel(R) Xeon(R) CPU E3-1535M v6 @ 3.10GHz\n    processor_cores: 4\n    processor_count: 1\n    processor_threads_per_core: 2\n    processor_vcpus: 8\n    product_name: Precision 7720\n    product_serial: NA\n    product_uuid: NA\n    product_version: NA\n    python:\n        executable: /usr/bin/python\n        has_sslcontext: true\n        type: CPython\n        version:\n            major: 2\n            micro: 15\n            minor: 7\n            releaselevel: final\n            serial: 0\n        version_info:\n        - 2\n        - 7\n        - 15\n        - final\n        - 0\n    python_version: 2.7.15\n    real_group_id: 1000\n    real_user_id: 1000\n    selinux:\n        config_mode: enforcing\n        mode: enforcing\n        policyvers: 31\n        status: enabled\n        type: targeted\n    selinux_python_present: true\n    service_mgr: systemd\n    ssh_host_key_ecdsa_public: AAAAE2VjZHNhLXNoYTItbmlzdHAyNTYAAAAIbmlzdHAyNTYAAABBBLFj4TXqgul7JJFzJif8uSXkv/uHVSLHR135E5JToysmDlV16na8WiTtmN6dJbVPmLK5ROBkJou51IphfkKPZIU=\n    ssh_host_key_ed25519_public: AAAAC3NzaC1lZDI1NTE5AAAAIEQ+m5vc6nkgTx0AqTOULKxHz1gigCxWHYtvj6t1ogLl\n    ssh_host_key_rsa_public: AAAAB3NzaC1yc2EAAAADAQABAAABAQDYgt91wPR+/E5Ltifm4DLP3E2neI43G5Z47c84uP4F1MatjomPM6tzFyOJuduNPomWmAj5dgTm0lm+2dK9ORD+sNmCyCH29uZSctN7rjFv4n3D597+2GH6aeWJUujCXn71/X3ao+Znk5agYZjhKCiPIwMFT/Ylq0nX27DbUApt/dmPmoYFFxPgyJrPqVMgSdZ4uU6IIUFPwyX1+BZTdVfTIS8iEYKX+eP2RwKMlpSq7Fv6bSZls0nYFTDxfthCUdT2KiE0KfMsn3BcfJt2Uyk4yDxdn4x6JhDq2Gxc4Q4iqTgowk5hbkBPdj6daCnOioGCNLOVCZnuOVv7Fh8hvsQN\n    swapfree_mb: 24575\n    swaptotal_mb: 24575\n    system: Linux\n    system_capabilities:\n    - ''\n    system_capabilities_enforced: 'True'\n    system_vendor: Dell Inc.\n    uptime_seconds: 54606\n    user_dir: /home/mdrotthoff\n    user_gecos: David Rotthofff\n    user_gid: 1000\n    user_id: mdrotthoff\n    user_shell: /bin/bash\n    user_uid: 1000\n    userspace_architecture: x86_64\n    userspace_bits: '64'\n    virbr0:\n        active: false\n        device: virbr0\n        features:\n            esp_hw_offload: off [fixed]\n            esp_tx_csum_hw_offload: off [fixed]\n            fcoe_mtu: off [fixed]\n            generic_receive_offload: 'on'\n            generic_segmentation_offload: 'on'\n            highdma: off [requested on]\n            hw_tc_offload: off [fixed]\n            l2_fwd_offload: off [fixed]\n            large_receive_offload: off [fixed]\n            loopback: off [fixed]\n            netns_local: on [fixed]\n            ntuple_filters: off [fixed]\n            receive_hashing: off [fixed]\n            rx_all: off [fixed]\n            rx_checksumming: off [fixed]\n            rx_fcs: off [fixed]\n            rx_gro_hw: off [fixed]\n            rx_udp_tunnel_port_offload: off [fixed]\n            rx_vlan_filter: off [fixed]\n            rx_vlan_offload: off [fixed]\n            rx_vlan_stag_filter: off [fixed]\n            rx_vlan_stag_hw_parse: off [fixed]\n            scatter_gather: 'on'\n            tcp_segmentation_offload: 'on'\n            tx_checksum_fcoe_crc: off [fixed]\n            tx_checksum_ip_generic: 'on'\n            tx_checksum_ipv4: off [fixed]\n            tx_checksum_ipv6: off [fixed]\n            tx_checksum_sctp: off [fixed]\n            tx_checksumming: 'on'\n            tx_esp_segmentation: 'on'\n            tx_fcoe_segmentation: off [requested on]\n            tx_gre_csum_segmentation: 'on'\n            tx_gre_segmentation: 'on'\n            tx_gso_partial: 'on'\n            tx_gso_robust: off [requested on]\n            tx_ipxip4_segmentation: 'on'\n            tx_ipxip6_segmentation: 'on'\n            tx_lockless: on [fixed]\n            tx_nocache_copy: 'off'\n            tx_scatter_gather: 'on'\n            tx_scatter_gather_fraglist: 'on'\n            tx_sctp_segmentation: off [requested on]\n            tx_tcp6_segmentation: 'on'\n            tx_tcp_ecn_segmentation: 'on'\n            tx_tcp_mangleid_segmentation: 'on'\n            tx_tcp_segmentation: 'on'\n            tx_udp_tnl_csum_segmentation: 'on'\n            tx_udp_tnl_segmentation: 'on'\n            tx_vlan_offload: 'on'\n            tx_vlan_stag_hw_insert: 'on'\n            udp_fragmentation_offload: 'off'\n            vlan_challenged: off [fixed]\n        hw_timestamp_filters: []\n        id: 8000.5254005aecb3\n        interfaces:\n        - virbr0-nic\n        ipv4:\n            address: 192.168.100.1\n            broadcast: 192.168.100.255\n            netmask: 255.255.255.0\n            network: 192.168.100.0\n        macaddress: 52:54:00:5a:ec:b3\n        mtu: 1500\n        promisc: false\n        stp: true\n        timestamping:\n        - rx_software\n        - software\n        type: bridge\n    virbr0_nic:\n        active: false\n        device: virbr0-nic\n        features:\n            esp_hw_offload: off [fixed]\n            esp_tx_csum_hw_offload: off [fixed]\n            fcoe_mtu: off [fixed]\n            generic_receive_offload: 'on'\n            generic_segmentation_offload: 'on'\n            highdma: off [fixed]\n            hw_tc_offload: off [fixed]\n            l2_fwd_offload: off [fixed]\n            large_receive_offload: off [fixed]\n            loopback: off [fixed]\n            netns_local: off [fixed]\n            ntuple_filters: off [fixed]\n            receive_hashing: off [fixed]\n            rx_all: off [fixed]\n            rx_checksumming: off [fixed]\n            rx_fcs: off [fixed]\n            rx_gro_hw: off [fixed]\n            rx_udp_tunnel_port_offload: off [fixed]\n            rx_vlan_filter: off [fixed]\n            rx_vlan_offload: off [fixed]\n            rx_vlan_stag_filter: off [fixed]\n            rx_vlan_stag_hw_parse: off [fixed]\n            scatter_gather: 'on'\n            tcp_segmentation_offload: 'off'\n            tx_checksum_fcoe_crc: off [fixed]\n            tx_checksum_ip_generic: off [requested on]\n            tx_checksum_ipv4: off [fixed]\n            tx_checksum_ipv6: off [fixed]\n            tx_checksum_sctp: off [fixed]\n            tx_checksumming: 'off'\n            tx_esp_segmentation: off [fixed]\n            tx_fcoe_segmentation: off [fixed]\n            tx_gre_csum_segmentation: off [fixed]\n            tx_gre_segmentation: off [fixed]\n            tx_gso_partial: off [fixed]\n            tx_gso_robust: off [fixed]\n            tx_ipxip4_segmentation: off [fixed]\n            tx_ipxip6_segmentation: off [fixed]\n            tx_lockless: on [fixed]\n            tx_nocache_copy: 'off'\n            tx_scatter_gather: 'on'\n            tx_scatter_gather_fraglist: 'on'\n            tx_sctp_segmentation: off [fixed]\n            tx_tcp6_segmentation: off [requested on]\n            tx_tcp_ecn_segmentation: off [requested on]\n            tx_tcp_mangleid_segmentation: 'off'\n            tx_tcp_segmentation: off [requested on]\n            tx_udp_tnl_csum_segmentation: off [fixed]\n            tx_udp_tnl_segmentation: off [fixed]\n            tx_vlan_offload: 'on'\n            tx_vlan_stag_hw_insert: 'on'\n            udp_fragmentation_offload: 'off'\n            vlan_challenged: off [fixed]\n        hw_timestamp_filters: []\n        macaddress: 52:54:00:5a:ec:b3\n        mtu: 1500\n        promisc: true\n        timestamping:\n        - tx_software\n        - rx_software\n        - software\n        type: ether\n    virtualization_role: host\n    virtualization_type: kvm\n    vnet1:\n        active: true\n        device: vnet1\n        features:\n            esp_hw_offload: off [fixed]\n            esp_tx_csum_hw_offload: off [fixed]\n            fcoe_mtu: off [fixed]\n            generic_receive_offload: 'on'\n            generic_segmentation_offload: 'on'\n            highdma: off [fixed]\n            hw_tc_offload: off [fixed]\n            l2_fwd_offload: off [fixed]\n            large_receive_offload: off [fixed]\n            loopback: off [fixed]\n            netns_local: off [fixed]\n            ntuple_filters: off [fixed]\n            receive_hashing: off [fixed]\n            rx_all: off [fixed]\n            rx_checksumming: off [fixed]\n            rx_fcs: off [fixed]\n            rx_gro_hw: off [fixed]\n            rx_udp_tunnel_port_offload: off [fixed]\n            rx_vlan_filter: off [fixed]\n            rx_vlan_offload: off [fixed]\n            rx_vlan_stag_filter: off [fixed]\n            rx_vlan_stag_hw_parse: off [fixed]\n            scatter_gather: 'on'\n            tcp_segmentation_offload: 'on'\n            tx_checksum_fcoe_crc: off [fixed]\n            tx_checksum_ip_generic: 'on'\n            tx_checksum_ipv4: off [fixed]\n            tx_checksum_ipv6: off [fixed]\n            tx_checksum_sctp: off [fixed]\n            tx_checksumming: 'on'\n            tx_esp_segmentation: off [fixed]\n            tx_fcoe_segmentation: off [fixed]\n            tx_gre_csum_segmentation: off [fixed]\n            tx_gre_segmentation: off [fixed]\n            tx_gso_partial: off [fixed]\n            tx_gso_robust: off [fixed]\n            tx_ipxip4_segmentation: off [fixed]\n            tx_ipxip6_segmentation: off [fixed]\n            tx_lockless: on [fixed]\n            tx_nocache_copy: 'off'\n            tx_scatter_gather: 'on'\n            tx_scatter_gather_fraglist: 'on'\n            tx_sctp_segmentation: off [fixed]\n            tx_tcp6_segmentation: 'on'\n            tx_tcp_ecn_segmentation: 'on'\n            tx_tcp_mangleid_segmentation: 'off'\n            tx_tcp_segmentation: 'on'\n            tx_udp_tnl_csum_segmentation: off [fixed]\n            tx_udp_tnl_segmentation: off [fixed]\n            tx_vlan_offload: 'on'\n            tx_vlan_stag_hw_insert: 'on'\n            udp_fragmentation_offload: 'off'\n            vlan_challenged: off [fixed]\n        hw_timestamp_filters: []\n        ipv6:\n        -   address: fe80::fc54:ff:feb5:50eb\n            prefix: '64'\n            scope: link\n        macaddress: fe:54:00:b5:50:eb\n        mtu: 1500\n        promisc: true\n        speed: 10\n        timestamping:\n        - tx_software\n        - rx_software\n        - software\n        type: ether\n    vpn0:\n        active: false\n        device: vpn0\n        features:\n            esp_hw_offload: off [fixed]\n            esp_tx_csum_hw_offload: off [fixed]\n            fcoe_mtu: off [fixed]\n            generic_receive_offload: 'on'\n            generic_segmentation_offload: 'on'\n            highdma: off [fixed]\n            hw_tc_offload: off [fixed]\n            l2_fwd_offload: off [fixed]\n            large_receive_offload: off [fixed]\n            loopback: off [fixed]\n            netns_local: off [fixed]\n            ntuple_filters: off [fixed]\n            receive_hashing: off [fixed]\n            rx_all: off [fixed]\n            rx_checksumming: off [fixed]\n            rx_fcs: off [fixed]\n            rx_gro_hw: off [fixed]\n            rx_udp_tunnel_port_offload: off [fixed]\n            rx_vlan_filter: off [fixed]\n            rx_vlan_offload: off [fixed]\n            rx_vlan_stag_filter: off [fixed]\n            rx_vlan_stag_hw_parse: off [fixed]\n            scatter_gather: 'on'\n            tcp_segmentation_offload: 'off'\n            tx_checksum_fcoe_crc: off [fixed]\n            tx_checksum_ip_generic: off [requested on]\n            tx_checksum_ipv4: off [fixed]\n            tx_checksum_ipv6: off [fixed]\n            tx_checksum_sctp: off [fixed]\n            tx_checksumming: 'off'\n            tx_esp_segmentation: off [fixed]\n            tx_fcoe_segmentation: off [fixed]\n            tx_gre_csum_segmentation: off [fixed]\n            tx_gre_segmentation: off [fixed]\n            tx_gso_partial: off [fixed]\n            tx_gso_robust: off [fixed]\n            tx_ipxip4_segmentation: off [fixed]\n            tx_ipxip6_segmentation: off [fixed]\n            tx_lockless: on [fixed]\n            tx_nocache_copy: 'off'\n            tx_scatter_gather: 'on'\n            tx_scatter_gather_fraglist: 'on'\n            tx_sctp_segmentation: off [fixed]\n            tx_tcp6_segmentation: off [requested on]\n            tx_tcp_ecn_segmentation: off [requested on]\n            tx_tcp_mangleid_segmentation: 'off'\n            tx_tcp_segmentation: off [requested on]\n            tx_udp_tnl_csum_segmentation: off [fixed]\n            tx_udp_tnl_segmentation: off [fixed]\n            tx_vlan_offload: 'on'\n            tx_vlan_stag_hw_insert: 'on'\n            udp_fragmentation_offload: 'off'\n            vlan_challenged: off [fixed]\n        hw_timestamp_filters: []\n        mtu: 1406\n        promisc: false\n        timestamping:\n        - tx_software\n        - rx_software\n        - software\n        type: tunnel\n    wlp3s0:\n        active: false\n        device: wlp3s0\n        features:\n            esp_hw_offload: off [fixed]\n            esp_tx_csum_hw_offload: off [fixed]\n            fcoe_mtu: off [fixed]\n            generic_receive_offload: 'on'\n            generic_segmentation_offload: 'on'\n            highdma: on [fixed]\n            hw_tc_offload: off [fixed]\n            l2_fwd_offload: off [fixed]\n            large_receive_offload: off [fixed]\n            loopback: off [fixed]\n            netns_local: on [fixed]\n            ntuple_filters: off [fixed]\n            receive_hashing: off [fixed]\n            rx_all: off [fixed]\n            rx_checksumming: off [fixed]\n            rx_fcs: off [fixed]\n            rx_gro_hw: off [fixed]\n            rx_udp_tunnel_port_offload: off [fixed]\n            rx_vlan_filter: off [fixed]\n            rx_vlan_offload: off [fixed]\n            rx_vlan_stag_filter: off [fixed]\n            rx_vlan_stag_hw_parse: off [fixed]\n            scatter_gather: 'on'\n            tcp_segmentation_offload: 'off'\n            tx_checksum_fcoe_crc: off [fixed]\n            tx_checksum_ip_generic: off [fixed]\n            tx_checksum_ipv4: off [fixed]\n            tx_checksum_ipv6: off [fixed]\n            tx_checksum_sctp: off [fixed]\n            tx_checksumming: 'off'\n            tx_esp_segmentation: off [fixed]\n            tx_fcoe_segmentation: off [fixed]\n            tx_gre_csum_segmentation: off [fixed]\n            tx_gre_segmentation: off [fixed]\n            tx_gso_partial: off [fixed]\n            tx_gso_robust: off [fixed]\n            tx_ipxip4_segmentation: off [fixed]\n            tx_ipxip6_segmentation: off [fixed]\n            tx_lockless: off [fixed]\n            tx_nocache_copy: 'off'\n            tx_scatter_gather: on [fixed]\n            tx_scatter_gather_fraglist: off [fixed]\n            tx_sctp_segmentation: off [fixed]\n            tx_tcp6_segmentation: off [fixed]\n            tx_tcp_ecn_segmentation: off [fixed]\n            tx_tcp_mangleid_segmentation: off [fixed]\n            tx_tcp_segmentation: off [fixed]\n            tx_udp_tnl_csum_segmentation: off [fixed]\n            tx_udp_tnl_segmentation: off [fixed]\n            tx_vlan_offload: off [fixed]\n            tx_vlan_stag_hw_insert: off [fixed]\n            udp_fragmentation_offload: 'off'\n            vlan_challenged: off [fixed]\n        hw_timestamp_filters: []\n        macaddress: aa:e0:b3:36:0d:bd\n        module: iwlwifi\n        mtu: 1500\n        pciid: '0000:03:00.0'\n        promisc: false\n        timestamping:\n        - rx_software\n        - software\n        type: ether\nansible_fips: false\nansible_forks: 5\nansible_form_factor: Notebook\nansible_fqdn: workstation.rotthoff.home\nansible_hostname: workstation\nansible_interfaces:\n- bridge0\n- lo\n- vnet1\n- wlp3s0\n- vpn0\n- enp0s31f6\n- virbr0-nic\n- virbr0\nansible_inventory_sources:\n- /home/mdrotthoff/workspaces/mdrotthoff.ansible/ansible/roles/mdrotthoff.sshknownhosts/tests/inventory\nansible_is_chroot: false\nansible_kernel: 4.16.11-200.fc27.x86_64\nansible_lo:\n    active: true\n    device: lo\n    features:\n        esp_hw_offload: off [fixed]\n        esp_tx_csum_hw_offload: off [fixed]\n        fcoe_mtu: off [fixed]\n        generic_receive_offload: 'on'\n        generic_segmentation_offload: 'on'\n        highdma: on [fixed]\n        hw_tc_offload: off [fixed]\n        l2_fwd_offload: off [fixed]\n        large_receive_offload: off [fixed]\n        loopback: on [fixed]\n        netns_local: on [fixed]\n        ntuple_filters: off [fixed]\n        receive_hashing: off [fixed]\n        rx_all: off [fixed]\n        rx_checksumming: on [fixed]\n        rx_fcs: off [fixed]\n        rx_gro_hw: off [fixed]\n        rx_udp_tunnel_port_offload: off [fixed]\n        rx_vlan_filter: off [fixed]\n        rx_vlan_offload: off [fixed]\n        rx_vlan_stag_filter: off [fixed]\n        rx_vlan_stag_hw_parse: off [fixed]\n        scatter_gather: 'on'\n        tcp_segmentation_offload: 'on'\n        tx_checksum_fcoe_crc: off [fixed]\n        tx_checksum_ip_generic: on [fixed]\n        tx_checksum_ipv4: off [fixed]\n        tx_checksum_ipv6: off [fixed]\n        tx_checksum_sctp: on [fixed]\n        tx_checksumming: 'on'\n        tx_esp_segmentation: off [fixed]\n        tx_fcoe_segmentation: off [fixed]\n        tx_gre_csum_segmentation: off [fixed]\n        tx_gre_segmentation: off [fixed]\n        tx_gso_partial: off [fixed]\n        tx_gso_robust: off [fixed]\n        tx_ipxip4_segmentation: off [fixed]\n        tx_ipxip6_segmentation: off [fixed]\n        tx_lockless: on [fixed]\n        tx_nocache_copy: off [fixed]\n        tx_scatter_gather: on [fixed]\n        tx_scatter_gather_fraglist: on [fixed]\n        tx_sctp_segmentation: 'on'\n        tx_tcp6_segmentation: 'on'\n        tx_tcp_ecn_segmentation: 'on'\n        tx_tcp_mangleid_segmentation: 'on'\n        tx_tcp_segmentation: 'on'\n        tx_udp_tnl_csum_segmentation: off [fixed]\n        tx_udp_tnl_segmentation: off [fixed]\n        tx_vlan_offload: off [fixed]\n        tx_vlan_stag_hw_insert: off [fixed]\n        udp_fragmentation_offload: 'off'\n        vlan_challenged: on [fixed]\n    hw_timestamp_filters: []\n    ipv4:\n        address: 127.0.0.1\n        broadcast: host\n        netmask: 255.0.0.0\n        network: 127.0.0.0\n    ipv6:\n    -   address: ::1\n        prefix: '128'\n        scope: host\n    mtu: 65536\n    promisc: false\n    timestamping:\n    - tx_software\n    - rx_software\n    - software\n    type: loopback\nansible_local: {}\nansible_lsb:\n    codename: TwentySeven\n    description: Fedora release 27 (Twenty Seven)\n    id: Fedora\n    major_release: '27'\n    release: '27'\nansible_machine: x86_64\nansible_machine_id: b7d19f25aee2421fb2a1719b837fb935\nansible_memfree_mb: 56233\nansible_memory_mb:\n    nocache:\n        free: 59763\n        used: 4581\n    real:\n        free: 56233\n        total: 64344\n        used: 8111\n    swap:\n        cached: 0\n        free: 24575\n        total: 24575\n        used: 0\nansible_memtotal_mb: 64344\nansible_mounts:\n-   block_available: 4545596\n    block_size: 4096\n    block_total: 7708137\n    block_used: 3162541\n    device: /dev/mapper/vgworkstation01-lvroot\n    fstype: ext4\n    inode_available: 1545407\n    inode_total: 1966080\n    inode_used: 420673\n    mount: /\n    options: rw,seclabel,relatime,stripe=256,data=ordered\n    size_available: 18618761216\n    size_total: 31572529152\n    uuid: 65f16aa7-6071-4bec-b950-bab3abf25c75\n-   block_available: 188090\n    block_size: 4096\n    block_total: 253670\n    block_used: 65580\n    device: /dev/md126\n    fstype: ext4\n    inode_available: 65439\n    inode_total: 65536\n    inode_used: 97\n    mount: /boot\n    options: rw,seclabel,relatime,data=ordered\n    size_available: 770416640\n    size_total: 1039032320\n    uuid: 518a05c3-8313-48db-8ffb-d4557a2f3093\n-   block_available: 49625\n    block_size: 4096\n    block_total: 52407\n    block_used: 2782\n    device: /dev/md125\n    fstype: vfat\n    inode_available: 0\n    inode_total: 0\n    inode_used: 0\n    mount: /boot/efi\n    options: rw,relatime,fmask=0077,dmask=0077,codepage=437,iocharset=ascii,shortname=winnt,errors=remount-ro\n    size_available: 203264000\n    size_total: 214659072\n    uuid: AC4E-B231\n-   block_available: 596502\n    block_size: 4096\n    block_total: 2563909\n    block_used: 1967407\n    device: /dev/mapper/vgworkstation01-lvhome\n    fstype: ext4\n    inode_available: 625881\n    inode_total: 655360\n    inode_used: 29479\n    mount: /home\n    options: rw,seclabel,relatime,stripe=256,data=ordered\n    size_available: 2443272192\n    size_total: 10501771264\n    uuid: b66a39b8-f119-40a6-a5ff-cfce41ae413c\n-   block_available: 1278966\n    block_size: 4096\n    block_total: 2563909\n    block_used: 1284943\n    device: /dev/mapper/vgworkstation01-lvvar\n    fstype: ext4\n    inode_available: 644788\n    inode_total: 655360\n    inode_used: 10572\n    mount: /var\n    options: rw,seclabel,relatime,stripe=256,data=ordered\n    size_available: 5238644736\n    size_total: 10501771264\n    uuid: fec4e3bc-0760-40a1-88db-8199c8ba7e35\n-   block_available: 9426366\n    block_size: 4096\n    block_total: 12835960\n    block_used: 3409594\n    device: /dev/mapper/vgworkstation01-lvworkspace\n    fstype: ext4\n    inode_available: 3104632\n    inode_total: 3276800\n    inode_used: 172168\n    mount: /home/mdrotthoff/workspaces\n    options: rw,seclabel,relatime,stripe=256,data=ordered\n    size_available: 38610395136\n    size_total: 52576092160\n    uuid: 3c4af38b-12e2-4de8-b6ea-c5fe380707f6\n-   block_available: 35261036\n    block_size: 4096\n    block_total: 51343866\n    block_used: 16082830\n    device: /dev/mapper/vgworkstation01-lvmusic\n    fstype: ext4\n    inode_available: 13090295\n    inode_total: 13107200\n    inode_used: 16905\n    mount: /home/mdrotthoff/Music\n    options: rw,seclabel,relatime,stripe=256,data=ordered\n    size_available: 144429203456\n    size_total: 210304475136\n    uuid: 580944e6-6de7-4036-8502-1ff0a9c24e02\n-   block_available: 7903787\n    block_size: 4096\n    block_total: 12835960\n    block_used: 4932173\n    device: /dev/mapper/vgworkstation01-lvvauto\n    fstype: ext4\n    inode_available: 3246265\n    inode_total: 3276800\n    inode_used: 30535\n    mount: /home/mdrotthoff/vauto\n    options: rw,seclabel,relatime,stripe=256,data=ordered\n    size_available: 32373911552\n    size_total: 52576092160\n    uuid: dbb2750c-7993-48d6-9bf7-6ae879c25535\n-   block_available: 164842576\n    block_size: 4096\n    block_total: 283570415\n    block_used: 118727839\n    device: /dev/mapper/vgworkstation01-lvimages\n    fstype: ext4\n    inode_available: 72089500\n    inode_total: 72089600\n    inode_used: 100\n    mount: /var/lib/libvirt/images\n    options: rw,seclabel,relatime,stripe=256,data=ordered\n    size_available: 675195191296\n    size_total: 1161504419840\n    uuid: a4c7b96f-40b6-49e2-a333-5f6a52d8de06\n-   block_available: 2284117\n    block_size: 4096\n    block_total: 2563909\n    block_used: 279792\n    device: /dev/mapper/vgworkstation01-lvvarlog\n    fstype: ext4\n    inode_available: 655146\n    inode_total: 655360\n    inode_used: 214\n    mount: /var/log\n    options: rw,seclabel,relatime,stripe=256,data=ordered\n    size_available: 9355743232\n    size_total: 10501771264\n    uuid: b2af6305-1dcb-49e3-88ec-cbbc37a5906f\nansible_nodename: workstation.rotthoff.home\nansible_os_family: RedHat\nansible_pkg_mgr: dnf\nansible_playbook_python: /usr/bin/python2\nansible_processor:\n- '0'\n- GenuineIntel\n- Intel(R) Xeon(R) CPU E3-1535M v6 @ 3.10GHz\n- '1'\n- GenuineIntel\n- Intel(R) Xeon(R) CPU E3-1535M v6 @ 3.10GHz\n- '2'\n- GenuineIntel\n- Intel(R) Xeon(R) CPU E3-1535M v6 @ 3.10GHz\n- '3'\n- GenuineIntel\n- Intel(R) Xeon(R) CPU E3-1535M v6 @ 3.10GHz\n- '4'\n- GenuineIntel\n- Intel(R) Xeon(R) CPU E3-1535M v6 @ 3.10GHz\n- '5'\n- GenuineIntel\n- Intel(R) Xeon(R) CPU E3-1535M v6 @ 3.10GHz\n- '6'\n- GenuineIntel\n- Intel(R) Xeon(R) CPU E3-1535M v6 @ 3.10GHz\n- '7'\n- GenuineIntel\n- Intel(R) Xeon(R) CPU E3-1535M v6 @ 3.10GHz\nansible_processor_cores: 4\nansible_processor_count: 1\nansible_processor_threads_per_core: 2\nansible_processor_vcpus: 8\nansible_product_name: Precision 7720\nansible_product_serial: NA\nansible_product_uuid: NA\nansible_product_version: NA\nansible_python:\n    executable: /usr/bin/python\n    has_sslcontext: true\n    type: CPython\n    version:\n        major: 2\n        micro: 15\n        minor: 7\n        releaselevel: final\n        serial: 0\n    version_info:\n    - 2\n    - 7\n    - 15\n    - final\n    - 0\nansible_python_version: 2.7.15\nansible_real_group_id: 1000\nansible_real_user_id: 1000\nansible_run_tags:\n- all\nansible_selinux:\n    config_mode: enforcing\n    mode: enforcing\n    policyvers: 31\n    status: enabled\n    type: targeted\nansible_selinux_python_present: true\nansible_service_mgr: systemd\nansible_skip_tags: []\nansible_ssh_host_key_ecdsa_public: AAAAE2VjZHNhLXNoYTItbmlzdHAyNTYAAAAIbmlzdHAyNTYAAABBBLFj4TXqgul7JJFzJif8uSXkv/uHVSLHR135E5JToysmDlV16na8WiTtmN6dJbVPmLK5ROBkJou51IphfkKPZIU=\nansible_ssh_host_key_ed25519_public: AAAAC3NzaC1lZDI1NTE5AAAAIEQ+m5vc6nkgTx0AqTOULKxHz1gigCxWHYtvj6t1ogLl\nansible_ssh_host_key_rsa_public: AAAAB3NzaC1yc2EAAAADAQABAAABAQDYgt91wPR+/E5Ltifm4DLP3E2neI43G5Z47c84uP4F1MatjomPM6tzFyOJuduNPomWmAj5dgTm0lm+2dK9ORD+sNmCyCH29uZSctN7rjFv4n3D597+2GH6aeWJUujCXn71/X3ao+Znk5agYZjhKCiPIwMFT/Ylq0nX27DbUApt/dmPmoYFFxPgyJrPqVMgSdZ4uU6IIUFPwyX1+BZTdVfTIS8iEYKX+eP2RwKMlpSq7Fv6bSZls0nYFTDxfthCUdT2KiE0KfMsn3BcfJt2Uyk4yDxdn4x6JhDq2Gxc4Q4iqTgowk5hbkBPdj6daCnOioGCNLOVCZnuOVv7Fh8hvsQN\nansible_swapfree_mb: 24575\nansible_swaptotal_mb: 24575\nansible_system: Linux\nansible_system_capabilities:\n- ''\nansible_system_capabilities_enforced: 'True'\nansible_system_vendor: Dell Inc.\nansible_uptime_seconds: 54606\nansible_user_dir: /home/mdrotthoff\nansible_user_gecos: David Rotthofff\nansible_user_gid: 1000\nansible_user_id: mdrotthoff\nansible_user_shell: /bin/bash\nansible_user_uid: 1000\nansible_userspace_architecture: x86_64\nansible_userspace_bits: '64'\nansible_version:\n    full: 2.5.2\n    major: 2\n    minor: 5\n    revision: 2\n    string: 2.5.2\nansible_virbr0:\n    active: false\n    device: virbr0\n    features:\n        esp_hw_offload: off [fixed]\n        esp_tx_csum_hw_offload: off [fixed]\n        fcoe_mtu: off [fixed]\n        generic_receive_offload: 'on'\n        generic_segmentation_offload: 'on'\n        highdma: off [requested on]\n        hw_tc_offload: off [fixed]\n        l2_fwd_offload: off [fixed]\n        large_receive_offload: off [fixed]\n        loopback: off [fixed]\n        netns_local: on [fixed]\n        ntuple_filters: off [fixed]\n        receive_hashing: off [fixed]\n        rx_all: off [fixed]\n        rx_checksumming: off [fixed]\n        rx_fcs: off [fixed]\n        rx_gro_hw: off [fixed]\n        rx_udp_tunnel_port_offload: off [fixed]\n        rx_vlan_filter: off [fixed]\n        rx_vlan_offload: off [fixed]\n        rx_vlan_stag_filter: off [fixed]\n        rx_vlan_stag_hw_parse: off [fixed]\n        scatter_gather: 'on'\n        tcp_segmentation_offload: 'on'\n        tx_checksum_fcoe_crc: off [fixed]\n        tx_checksum_ip_generic: 'on'\n        tx_checksum_ipv4: off [fixed]\n        tx_checksum_ipv6: off [fixed]\n        tx_checksum_sctp: off [fixed]\n        tx_checksumming: 'on'\n        tx_esp_segmentation: 'on'\n        tx_fcoe_segmentation: off [requested on]\n        tx_gre_csum_segmentation: 'on'\n        tx_gre_segmentation: 'on'\n        tx_gso_partial: 'on'\n        tx_gso_robust: off [requested on]\n        tx_ipxip4_segmentation: 'on'\n        tx_ipxip6_segmentation: 'on'\n        tx_lockless: on [fixed]\n        tx_nocache_copy: 'off'\n        tx_scatter_gather: 'on'\n        tx_scatter_gather_fraglist: 'on'\n        tx_sctp_segmentation: off [requested on]\n        tx_tcp6_segmentation: 'on'\n        tx_tcp_ecn_segmentation: 'on'\n        tx_tcp_mangleid_segmentation: 'on'\n        tx_tcp_segmentation: 'on'\n        tx_udp_tnl_csum_segmentation: 'on'\n        tx_udp_tnl_segmentation: 'on'\n        tx_vlan_offload: 'on'\n        tx_vlan_stag_hw_insert: 'on'\n        udp_fragmentation_offload: 'off'\n        vlan_challenged: off [fixed]\n    hw_timestamp_filters: []\n    id: 8000.5254005aecb3\n    interfaces:\n    - virbr0-nic\n    ipv4:\n        address: 192.168.100.1\n        broadcast: 192.168.100.255\n        netmask: 255.255.255.0\n        network: 192.168.100.0\n    macaddress: 52:54:00:5a:ec:b3\n    mtu: 1500\n    promisc: false\n    stp: true\n    timestamping:\n    - rx_software\n    - software\n    type: bridge\nansible_virbr0_nic:\n    active: false\n    device: virbr0-nic\n    features:\n        esp_hw_offload: off [fixed]\n        esp_tx_csum_hw_offload: off [fixed]\n        fcoe_mtu: off [fixed]\n        generic_receive_offload: 'on'\n        generic_segmentation_offload: 'on'\n        highdma: off [fixed]\n        hw_tc_offload: off [fixed]\n        l2_fwd_offload: off [fixed]\n        large_receive_offload: off [fixed]\n        loopback: off [fixed]\n        netns_local: off [fixed]\n        ntuple_filters: off [fixed]\n        receive_hashing: off [fixed]\n        rx_all: off [fixed]\n        rx_checksumming: off [fixed]\n        rx_fcs: off [fixed]\n        rx_gro_hw: off [fixed]\n        rx_udp_tunnel_port_offload: off [fixed]\n        rx_vlan_filter: off [fixed]\n        rx_vlan_offload: off [fixed]\n        rx_vlan_stag_filter: off [fixed]\n        rx_vlan_stag_hw_parse: off [fixed]\n        scatter_gather: 'on'\n        tcp_segmentation_offload: 'off'\n        tx_checksum_fcoe_crc: off [fixed]\n        tx_checksum_ip_generic: off [requested on]\n        tx_checksum_ipv4: off [fixed]\n        tx_checksum_ipv6: off [fixed]\n        tx_checksum_sctp: off [fixed]\n        tx_checksumming: 'off'\n        tx_esp_segmentation: off [fixed]\n        tx_fcoe_segmentation: off [fixed]\n        tx_gre_csum_segmentation: off [fixed]\n        tx_gre_segmentation: off [fixed]\n        tx_gso_partial: off [fixed]\n        tx_gso_robust: off [fixed]\n        tx_ipxip4_segmentation: off [fixed]\n        tx_ipxip6_segmentation: off [fixed]\n        tx_lockless: on [fixed]\n        tx_nocache_copy: 'off'\n        tx_scatter_gather: 'on'\n        tx_scatter_gather_fraglist: 'on'\n        tx_sctp_segmentation: off [fixed]\n        tx_tcp6_segmentation: off [requested on]\n        tx_tcp_ecn_segmentation: off [requested on]\n        tx_tcp_mangleid_segmentation: 'off'\n        tx_tcp_segmentation: off [requested on]\n        tx_udp_tnl_csum_segmentation: off [fixed]\n        tx_udp_tnl_segmentation: off [fixed]\n        tx_vlan_offload: 'on'\n        tx_vlan_stag_hw_insert: 'on'\n        udp_fragmentation_offload: 'off'\n        vlan_challenged: off [fixed]\n    hw_timestamp_filters: []\n    macaddress: 52:54:00:5a:ec:b3\n    mtu: 1500\n    promisc: true\n    timestamping:\n    - tx_software\n    - rx_software\n    - software\n    type: ether\nansible_virtualization_role: host\nansible_virtualization_type: kvm\nansible_vnet1:\n    active: true\n    device: vnet1\n    features:\n        esp_hw_offload: off [fixed]\n        esp_tx_csum_hw_offload: off [fixed]\n        fcoe_mtu: off [fixed]\n        generic_receive_offload: 'on'\n        generic_segmentation_offload: 'on'\n        highdma: off [fixed]\n        hw_tc_offload: off [fixed]\n        l2_fwd_offload: off [fixed]\n        large_receive_offload: off [fixed]\n        loopback: off [fixed]\n        netns_local: off [fixed]\n        ntuple_filters: off [fixed]\n        receive_hashing: off [fixed]\n        rx_all: off [fixed]\n        rx_checksumming: off [fixed]\n        rx_fcs: off [fixed]\n        rx_gro_hw: off [fixed]\n        rx_udp_tunnel_port_offload: off [fixed]\n        rx_vlan_filter: off [fixed]\n        rx_vlan_offload: off [fixed]\n        rx_vlan_stag_filter: off [fixed]\n        rx_vlan_stag_hw_parse: off [fixed]\n        scatter_gather: 'on'\n        tcp_segmentation_offload: 'on'\n        tx_checksum_fcoe_crc: off [fixed]\n        tx_checksum_ip_generic: 'on'\n        tx_checksum_ipv4: off [fixed]\n        tx_checksum_ipv6: off [fixed]\n        tx_checksum_sctp: off [fixed]\n        tx_checksumming: 'on'\n        tx_esp_segmentation: off [fixed]\n        tx_fcoe_segmentation: off [fixed]\n        tx_gre_csum_segmentation: off [fixed]\n        tx_gre_segmentation: off [fixed]\n        tx_gso_partial: off [fixed]\n        tx_gso_robust: off [fixed]\n        tx_ipxip4_segmentation: off [fixed]\n        tx_ipxip6_segmentation: off [fixed]\n        tx_lockless: on [fixed]\n        tx_nocache_copy: 'off'\n        tx_scatter_gather: 'on'\n        tx_scatter_gather_fraglist: 'on'\n        tx_sctp_segmentation: off [fixed]\n        tx_tcp6_segmentation: 'on'\n        tx_tcp_ecn_segmentation: 'on'\n        tx_tcp_mangleid_segmentation: 'off'\n        tx_tcp_segmentation: 'on'\n        tx_udp_tnl_csum_segmentation: off [fixed]\n        tx_udp_tnl_segmentation: off [fixed]\n        tx_vlan_offload: 'on'\n        tx_vlan_stag_hw_insert: 'on'\n        udp_fragmentation_offload: 'off'\n        vlan_challenged: off [fixed]\n    hw_timestamp_filters: []\n    ipv6:\n    -   address: fe80::fc54:ff:feb5:50eb\n        prefix: '64'\n        scope: link\n    macaddress: fe:54:00:b5:50:eb\n    mtu: 1500\n    promisc: true\n    speed: 10\n    timestamping:\n    - tx_software\n    - rx_software\n    - software\n    type: ether\nansible_vpn0:\n    active: false\n    device: vpn0\n    features:\n        esp_hw_offload: off [fixed]\n        esp_tx_csum_hw_offload: off [fixed]\n        fcoe_mtu: off [fixed]\n        generic_receive_offload: 'on'\n        generic_segmentation_offload: 'on'\n        highdma: off [fixed]\n        hw_tc_offload: off [fixed]\n        l2_fwd_offload: off [fixed]\n        large_receive_offload: off [fixed]\n        loopback: off [fixed]\n        netns_local: off [fixed]\n        ntuple_filters: off [fixed]\n        receive_hashing: off [fixed]\n        rx_all: off [fixed]\n        rx_checksumming: off [fixed]\n        rx_fcs: off [fixed]\n        rx_gro_hw: off [fixed]\n        rx_udp_tunnel_port_offload: off [fixed]\n        rx_vlan_filter: off [fixed]\n        rx_vlan_offload: off [fixed]\n        rx_vlan_stag_filter: off [fixed]\n        rx_vlan_stag_hw_parse: off [fixed]\n        scatter_gather: 'on'\n        tcp_segmentation_offload: 'off'\n        tx_checksum_fcoe_crc: off [fixed]\n        tx_checksum_ip_generic: off [requested on]\n        tx_checksum_ipv4: off [fixed]\n        tx_checksum_ipv6: off [fixed]\n        tx_checksum_sctp: off [fixed]\n        tx_checksumming: 'off'\n        tx_esp_segmentation: off [fixed]\n        tx_fcoe_segmentation: off [fixed]\n        tx_gre_csum_segmentation: off [fixed]\n        tx_gre_segmentation: off [fixed]\n        tx_gso_partial: off [fixed]\n        tx_gso_robust: off [fixed]\n        tx_ipxip4_segmentation: off [fixed]\n        tx_ipxip6_segmentation: off [fixed]\n        tx_lockless: on [fixed]\n        tx_nocache_copy: 'off'\n        tx_scatter_gather: 'on'\n        tx_scatter_gather_fraglist: 'on'\n        tx_sctp_segmentation: off [fixed]\n        tx_tcp6_segmentation: off [requested on]\n        tx_tcp_ecn_segmentation: off [requested on]\n        tx_tcp_mangleid_segmentation: 'off'\n        tx_tcp_segmentation: off [requested on]\n        tx_udp_tnl_csum_segmentation: off [fixed]\n        tx_udp_tnl_segmentation: off [fixed]\n        tx_vlan_offload: 'on'\n        tx_vlan_stag_hw_insert: 'on'\n        udp_fragmentation_offload: 'off'\n        vlan_challenged: off [fixed]\n    hw_timestamp_filters: []\n    mtu: 1406\n    promisc: false\n    timestamping:\n    - tx_software\n    - rx_software\n    - software\n    type: tunnel\nansible_wlp3s0:\n    active: false\n    device: wlp3s0\n    features:\n        esp_hw_offload: off [fixed]\n        esp_tx_csum_hw_offload: off [fixed]\n        fcoe_mtu: off [fixed]\n        generic_receive_offload: 'on'\n        generic_segmentation_offload: 'on'\n        highdma: on [fixed]\n        hw_tc_offload: off [fixed]\n        l2_fwd_offload: off [fixed]\n        large_receive_offload: off [fixed]\n        loopback: off [fixed]\n        netns_local: on [fixed]\n        ntuple_filters: off [fixed]\n        receive_hashing: off [fixed]\n        rx_all: off [fixed]\n        rx_checksumming: off [fixed]\n        rx_fcs: off [fixed]\n        rx_gro_hw: off [fixed]\n        rx_udp_tunnel_port_offload: off [fixed]\n        rx_vlan_filter: off [fixed]\n        rx_vlan_offload: off [fixed]\n        rx_vlan_stag_filter: off [fixed]\n        rx_vlan_stag_hw_parse: off [fixed]\n        scatter_gather: 'on'\n        tcp_segmentation_offload: 'off'\n        tx_checksum_fcoe_crc: off [fixed]\n        tx_checksum_ip_generic: off [fixed]\n        tx_checksum_ipv4: off [fixed]\n        tx_checksum_ipv6: off [fixed]\n        tx_checksum_sctp: off [fixed]\n        tx_checksumming: 'off'\n        tx_esp_segmentation: off [fixed]\n        tx_fcoe_segmentation: off [fixed]\n        tx_gre_csum_segmentation: off [fixed]\n        tx_gre_segmentation: off [fixed]\n        tx_gso_partial: off [fixed]\n        tx_gso_robust: off [fixed]\n        tx_ipxip4_segmentation: off [fixed]\n        tx_ipxip6_segmentation: off [fixed]\n        tx_lockless: off [fixed]\n        tx_nocache_copy: 'off'\n        tx_scatter_gather: on [fixed]\n        tx_scatter_gather_fraglist: off [fixed]\n        tx_sctp_segmentation: off [fixed]\n        tx_tcp6_segmentation: off [fixed]\n        tx_tcp_ecn_segmentation: off [fixed]\n        tx_tcp_mangleid_segmentation: off [fixed]\n        tx_tcp_segmentation: off [fixed]\n        tx_udp_tnl_csum_segmentation: off [fixed]\n        tx_udp_tnl_segmentation: off [fixed]\n        tx_vlan_offload: off [fixed]\n        tx_vlan_stag_hw_insert: off [fixed]\n        udp_fragmentation_offload: 'off'\n        vlan_challenged: off [fixed]\n    hw_timestamp_filters: []\n    macaddress: aa:e0:b3:36:0d:bd\n    module: iwlwifi\n    mtu: 1500\n    pciid: '0000:03:00.0'\n    promisc: false\n    timestamping:\n    - rx_software\n    - software\n    type: ether\ngather_subset:\n- all\ngroup_names:\n- ungrouped\ngroups:\n    all:\n    - localhost\n    - centos7.workstation.rotthoff.home\n    ungrouped:\n    - localhost\n    - centos7.workstation.rotthoff.home\ninventory_dir: /home/mdrotthoff/workspaces/mdrotthoff.ansible/ansible/roles/mdrotthoff.sshknownhosts/tests\ninventory_file: /home/mdrotthoff/workspaces/mdrotthoff.ansible/ansible/roles/mdrotthoff.sshknownhosts/tests/inventory\ninventory_hostname: localhost\ninventory_hostname_short: localhost\nmodule_setup: true\nomit: __omit_place_holder__7e020ccd5286ab844e3150a96bea73d20f910945\nplaybook_dir: /home/mdrotthoff/workspaces/mdrotthoff.ansible/ansible/roles/mdrotthoff.sshknownhosts/tests\nssh_key_data:\n    host_aliases: []\n    hostname: localhost\n    ipv4_addresses:\n    - 192.168.35.100\n    - 192.168.100.1\n    ipv6_addresses:\n    - 2605:6000:f089:f00:7062:f02:3d90:1e74\n    - fd30:8855:cad5::1:1:100\n    - fe80::48b9:d5d8:d84e:a762\n    - fe80::fc54:ff:feb5:50eb\n    key_data:\n    -   enctype: ssh-ed25519\n        fingerprint: AAAAC3NzaC1lZDI1NTE5AAAAIEQ+m5vc6nkgTx0AqTOULKxHz1gigCxWHYtvj6t1ogLl\n    -   enctype: ssh-rsa\n        fingerprint: AAAAB3NzaC1yc2EAAAADAQABAAABAQDYgt91wPR+/E5Ltifm4DLP3E2neI43G5Z47c84uP4F1MatjomPM6tzFyOJuduNPomWmAj5dgTm0lm+2dK9ORD+sNmCyCH29uZSctN7rjFv4n3D597+2GH6aeWJUujCXn71/X3ao+Znk5agYZjhKCiPIwMFT/Ylq0nX27DbUApt/dmPmoYFFxPgyJrPqVMgSdZ4uU6IIUFPwyX1+BZTdVfTIS8iEYKX+eP2RwKMlpSq7Fv6bSZls0nYFTDxfthCUdT2KiE0KfMsn3BcfJt2Uyk4yDxdn4x6JhDq2Gxc4Q4iqTgowk5hbkBPdj6daCnOioGCNLOVCZnuOVv7Fh8hvsQN\n    -   enctype: ecdsa-sha2-nistp256\n        fingerprint: AAAAE2VjZHNhLXNoYTItbmlzdHAyNTYAAAAIbmlzdHAyNTYAAABBBLFj4TXqgul7JJFzJif8uSXkv/uHVSLHR135E5JToysmDlV16na8WiTtmN6dJbVPmLK5ROBkJou51IphfkKPZIU=\nsshknownhosts_aliases:\n- 192.168.35.100\n- 192.168.100.1\n- 2605:6000:f089:f00:7062:f02:3d90:1e74\n- fd30:8855:cad5::1:1:100\n- fe80::48b9:d5d8:d84e:a762\n- fe80::fc54:ff:feb5:50eb\nsshknownhosts_hostname: localhost\nsshknownhosts_key_data:\n-   enctype: ssh-ed25519\n    fingerprint: AAAAC3NzaC1lZDI1NTE5AAAAIEQ+m5vc6nkgTx0AqTOULKxHz1gigCxWHYtvj6t1ogLl\n-   enctype: ssh-rsa\n    fingerprint: AAAAB3NzaC1yc2EAAAADAQABAAABAQDYgt91wPR+/E5Ltifm4DLP3E2neI43G5Z47c84uP4F1MatjomPM6tzFyOJuduNPomWmAj5dgTm0lm+2dK9ORD+sNmCyCH29uZSctN7rjFv4n3D597+2GH6aeWJUujCXn71/X3ao+Znk5agYZjhKCiPIwMFT/Ylq0nX27DbUApt/dmPmoYFFxPgyJrPqVMgSdZ4uU6IIUFPwyX1+BZTdVfTIS8iEYKX+eP2RwKMlpSq7Fv6bSZls0nYFTDxfthCUdT2KiE0KfMsn3BcfJt2Uyk4yDxdn4x6JhDq2Gxc4Q4iqTgowk5hbkBPdj6daCnOioGCNLOVCZnuOVv7Fh8hvsQN\n-   enctype: ecdsa-sha2-nistp256\n    fingerprint: AAAAE2VjZHNhLXNoYTItbmlzdHAyNTYAAAAIbmlzdHAyNTYAAABBBLFj4TXqgul7JJFzJif8uSXkv/uHVSLHR135E5JToysmDlV16na8WiTtmN6dJbVPmLK5ROBkJou51IphfkKPZIU=\n"
}
ok: [localhost] => (item=None) => {
    "msg": "Host: centos7.workstation.rotthoff.home  Host vars: ansible_all_ipv4_addresses:\n- 192.168.35.107\nansible_all_ipv6_addresses:\n- fd30:8855:cad5::1:1:107\n- fe80::84d3:8755:bc04:eb41\nansible_apparmor:\n    status: disabled\nansible_architecture: x86_64\nansible_bios_date: 04/01/2014\nansible_bios_version: 1.10.2-2.fc27\nansible_check_mode: false\nansible_cmdline:\n    BOOT_IMAGE: /vmlinuz-3.10.0-862.2.3.el7.x86_64\n    LANG: en_US.UTF-8\n    quiet: true\n    rd.lvm.lv: centos701/swap\n    ro: true\n    root: /dev/mapper/centos701-root\nansible_date_time:\n    date: '2018-05-28'\n    day: '28'\n    epoch: '1527568434'\n    hour: '23'\n    iso8601: '2018-05-29T04:33:54Z'\n    iso8601_basic: 20180528T233354849919\n    iso8601_basic_short: 20180528T233354\n    iso8601_micro: '2018-05-29T04:33:54.849967Z'\n    minute: '33'\n    month: '05'\n    second: '54'\n    time: '23:33:54'\n    tz: CDT\n    tz_offset: '-0500'\n    weekday: Monday\n    weekday_number: '1'\n    weeknumber: '22'\n    year: '2018'\nansible_default_ipv4:\n    address: 192.168.35.107\n    alias: eth0\n    broadcast: 192.168.35.255\n    gateway: 192.168.35.254\n    interface: eth0\n    macaddress: 52:54:00:b5:50:eb\n    mtu: 1500\n    netmask: 255.255.255.0\n    network: 192.168.35.0\n    type: ether\nansible_default_ipv6:\n    address: fd30:8855:cad5::1:1:107\n    gateway: fe80::5665:deff:fe70:e07\n    interface: eth0\n    macaddress: 52:54:00:b5:50:eb\n    mtu: 1500\n    prefix: '64'\n    scope: global\n    type: ether\nansible_device_links:\n    ids:\n        dm-0:\n        - dm-name-centos701-root\n        - dm-uuid-LVM-aDpRhOWbXLurioM59ML8PBqsyeVvW9o3Ym5TKI1N5bQ4zbyiSNokZR8gi0CVgP7S\n        dm-1:\n        - dm-name-centos701-swap\n        - dm-uuid-LVM-aDpRhOWbXLurioM59ML8PBqsyeVvW9o3GsunvkykfiG6HFce6n6eoNJfXxCrMci9\n        sr0:\n        - ata-QEMU_DVD-ROM_QM00001\n        vda2:\n        - lvm-pv-uuid-XrCF0H-F7Kr-UJMh-I4PR-iWKm-vMei-M0cBa5\n    labels:\n        vda1:\n        - boot\n    masters:\n        vda2:\n        - dm-0\n        - dm-1\n    uuids:\n        dm-0:\n        - 0e4607ca-0d27-4b43-858a-4a9834a13a5c\n        dm-1:\n        - b9891c8d-ea25-4ffe-a297-ceaa50b9e1f4\n        vda1:\n        - 80b418f6-90e7-4505-aaa5-2e111b00f4e3\nansible_devices:\n    dm-0:\n        holders: []\n        host: ''\n        links:\n            ids:\n            - dm-name-centos701-root\n            - dm-uuid-LVM-aDpRhOWbXLurioM59ML8PBqsyeVvW9o3Ym5TKI1N5bQ4zbyiSNokZR8gi0CVgP7S\n            labels: []\n            masters: []\n            uuids:\n            - 0e4607ca-0d27-4b43-858a-4a9834a13a5c\n        model: null\n        partitions: {}\n        removable: '0'\n        rotational: '1'\n        sas_address: null\n        sas_device_handle: null\n        scheduler_mode: ''\n        sectors: '58703872'\n        sectorsize: '512'\n        size: 27.99 GB\n        support_discard: '0'\n        vendor: null\n        virtual: 1\n    dm-1:\n        holders: []\n        host: ''\n        links:\n            ids:\n            - dm-name-centos701-swap\n            - dm-uuid-LVM-aDpRhOWbXLurioM59ML8PBqsyeVvW9o3GsunvkykfiG6HFce6n6eoNJfXxCrMci9\n            labels: []\n            masters: []\n            uuids:\n            - b9891c8d-ea25-4ffe-a297-ceaa50b9e1f4\n        model: null\n        partitions: {}\n        removable: '0'\n        rotational: '1'\n        sas_address: null\n        sas_device_handle: null\n        scheduler_mode: ''\n        sectors: '2097152'\n        sectorsize: '512'\n        size: 1.00 GB\n        support_discard: '0'\n        vendor: null\n        virtual: 1\n    sr0:\n        holders: []\n        host: 'IDE interface: Intel Corporation 82371SB PIIX3 IDE [Natoma/Triton II]'\n        links:\n            ids:\n            - ata-QEMU_DVD-ROM_QM00001\n            labels: []\n            masters: []\n            uuids: []\n        model: QEMU DVD-ROM\n        partitions: {}\n        removable: '1'\n        rotational: '1'\n        sas_address: null\n        sas_device_handle: null\n        scheduler_mode: deadline\n        sectors: '2097151'\n        sectorsize: '512'\n        size: 1024.00 MB\n        support_discard: '0'\n        vendor: QEMU\n        virtual: 1\n    vda:\n        holders: []\n        host: 'SCSI storage controller: Red Hat, Inc. Virtio block device'\n        links:\n            ids: []\n            labels: []\n            masters: []\n            uuids: []\n        model: null\n        partitions:\n            vda1:\n                holders: []\n                links:\n                    ids: []\n                    labels:\n                    - boot\n                    masters: []\n                    uuids:\n                    - 80b418f6-90e7-4505-aaa5-2e111b00f4e3\n                sectors: '2097152'\n                sectorsize: 512\n                size: 1.00 GB\n                start: '2048'\n                uuid: 80b418f6-90e7-4505-aaa5-2e111b00f4e3\n            vda2:\n                holders:\n                - centos701-root\n                - centos701-swap\n                links:\n                    ids:\n                    - lvm-pv-uuid-XrCF0H-F7Kr-UJMh-I4PR-iWKm-vMei-M0cBa5\n                    labels: []\n                    masters:\n                    - dm-0\n                    - dm-1\n                    uuids: []\n                sectors: '60815360'\n                sectorsize: 512\n                size: 29.00 GB\n                start: '2099200'\n                uuid: null\n        removable: '0'\n        rotational: '1'\n        sas_address: null\n        sas_device_handle: null\n        scheduler_mode: mq-deadline\n        sectors: '62914560'\n        sectorsize: '512'\n        size: 30.00 GB\n        support_discard: '0'\n        vendor: '0x1af4'\n        virtual: 1\nansible_diff_mode: false\nansible_distribution: CentOS\nansible_distribution_file_parsed: true\nansible_distribution_file_path: /etc/redhat-release\nansible_distribution_file_variety: RedHat\nansible_distribution_major_version: '7'\nansible_distribution_release: Core\nansible_distribution_version: 7.5.1804\nansible_dns:\n    nameservers:\n    - 192.168.35.100\n    - fd30:8855:cad5::1:1:100\n    search:\n    - workstation.rotthoff.home\n    - rotthoff.home\nansible_domain: workstation.rotthoff.home\nansible_effective_group_id: 1000\nansible_effective_user_id: 1000\nansible_env:\n    HOME: /home/mdrotthoff\n    LANG: en_US.UTF-8\n    LESSOPEN: '||/usr/bin/lesspipe.sh %s'\n    LOGNAME: mdrotthoff\n    LS_COLORS: 'rs=0:di=38;5;27:ln=38;5;51:mh=44;38;5;15:pi=40;38;5;11:so=38;5;13:do=38;5;5:bd=48;5;232;38;5;11:cd=48;5;232;38;5;3:or=48;5;232;38;5;9:mi=05;48;5;232;38;5;15:su=48;5;196;38;5;15:sg=48;5;11;38;5;16:ca=48;5;196;38;5;226:tw=48;5;10;38;5;16:ow=48;5;10;38;5;21:st=48;5;21;38;5;15:ex=38;5;34:*.tar=38;5;9:*.tgz=38;5;9:*.arc=38;5;9:*.arj=38;5;9:*.taz=38;5;9:*.lha=38;5;9:*.lz4=38;5;9:*.lzh=38;5;9:*.lzma=38;5;9:*.tlz=38;5;9:*.txz=38;5;9:*.tzo=38;5;9:*.t7z=38;5;9:*.zip=38;5;9:*.z=38;5;9:*.Z=38;5;9:*.dz=38;5;9:*.gz=38;5;9:*.lrz=38;5;9:*.lz=38;5;9:*.lzo=38;5;9:*.xz=38;5;9:*.bz2=38;5;9:*.bz=38;5;9:*.tbz=38;5;9:*.tbz2=38;5;9:*.tz=38;5;9:*.deb=38;5;9:*.rpm=38;5;9:*.jar=38;5;9:*.war=38;5;9:*.ear=38;5;9:*.sar=38;5;9:*.rar=38;5;9:*.alz=38;5;9:*.ace=38;5;9:*.zoo=38;5;9:*.cpio=38;5;9:*.7z=38;5;9:*.rz=38;5;9:*.cab=38;5;9:*.jpg=38;5;13:*.jpeg=38;5;13:*.gif=38;5;13:*.bmp=38;5;13:*.pbm=38;5;13:*.pgm=38;5;13:*.ppm=38;5;13:*.tga=38;5;13:*.xbm=38;5;13:*.xpm=38;5;13:*.tif=38;5;13:*.tiff=38;5;13:*.png=38;5;13:*.svg=38;5;13:*.svgz=38;5;13:*.mng=38;5;13:*.pcx=38;5;13:*.mov=38;5;13:*.mpg=38;5;13:*.mpeg=38;5;13:*.m2v=38;5;13:*.mkv=38;5;13:*.webm=38;5;13:*.ogm=38;5;13:*.mp4=38;5;13:*.m4v=38;5;13:*.mp4v=38;5;13:*.vob=38;5;13:*.qt=38;5;13:*.nuv=38;5;13:*.wmv=38;5;13:*.asf=38;5;13:*.rm=38;5;13:*.rmvb=38;5;13:*.flc=38;5;13:*.avi=38;5;13:*.fli=38;5;13:*.flv=38;5;13:*.gl=38;5;13:*.dl=38;5;13:*.xcf=38;5;13:*.xwd=38;5;13:*.yuv=38;5;13:*.cgm=38;5;13:*.emf=38;5;13:*.axv=38;5;13:*.anx=38;5;13:*.ogv=38;5;13:*.ogx=38;5;13:*.aac=38;5;45:*.au=38;5;45:*.flac=38;5;45:*.mid=38;5;45:*.midi=38;5;45:*.mka=38;5;45:*.mp3=38;5;45:*.mpc=38;5;45:*.ogg=38;5;45:*.ra=38;5;45:*.wav=38;5;45:*.axa=38;5;45:*.oga=38;5;45:*.spx=38;5;45:*.xspf=38;5;45:'\n    MAIL: /var/mail/mdrotthoff\n    PATH: /usr/local/bin:/usr/bin\n    PWD: /home/mdrotthoff\n    SELINUX_LEVEL_REQUESTED: ''\n    SELINUX_ROLE_REQUESTED: ''\n    SELINUX_USE_CURRENT_RANGE: ''\n    SHELL: /bin/bash\n    SHLVL: '2'\n    SSH_CLIENT: fd30:8855:cad5::1:1:100 40918 22\n    SSH_CONNECTION: fd30:8855:cad5::1:1:100 40918 fd30:8855:cad5::1:1:107 22\n    SSH_TTY: /dev/pts/0\n    TERM: xterm-256color\n    USER: mdrotthoff\n    XDG_RUNTIME_DIR: /run/user/1000\n    XDG_SESSION_ID: '67'\n    XMODIFIERS: '@im=ibus'\n    _: /usr/bin/python\nansible_eth0:\n    active: true\n    device: eth0\n    features:\n        busy_poll: off [fixed]\n        fcoe_mtu: off [fixed]\n        generic_receive_offload: 'on'\n        generic_segmentation_offload: 'on'\n        highdma: on [fixed]\n        hw_tc_offload: off [fixed]\n        l2_fwd_offload: off [fixed]\n        large_receive_offload: off [fixed]\n        loopback: off [fixed]\n        netns_local: off [fixed]\n        ntuple_filters: off [fixed]\n        receive_hashing: off [fixed]\n        rx_all: off [fixed]\n        rx_checksumming: on [fixed]\n        rx_fcs: off [fixed]\n        rx_udp_tunnel_port_offload: off [fixed]\n        rx_vlan_filter: on [fixed]\n        rx_vlan_offload: off [fixed]\n        rx_vlan_stag_filter: off [fixed]\n        rx_vlan_stag_hw_parse: off [fixed]\n        scatter_gather: 'on'\n        tcp_segmentation_offload: 'on'\n        tx_checksum_fcoe_crc: off [fixed]\n        tx_checksum_ip_generic: 'on'\n        tx_checksum_ipv4: off [fixed]\n        tx_checksum_ipv6: off [fixed]\n        tx_checksum_sctp: off [fixed]\n        tx_checksumming: 'on'\n        tx_fcoe_segmentation: off [fixed]\n        tx_gre_csum_segmentation: off [fixed]\n        tx_gre_segmentation: off [fixed]\n        tx_gso_partial: off [fixed]\n        tx_gso_robust: off [fixed]\n        tx_ipip_segmentation: off [fixed]\n        tx_lockless: off [fixed]\n        tx_nocache_copy: 'off'\n        tx_scatter_gather: 'on'\n        tx_scatter_gather_fraglist: off [fixed]\n        tx_sctp_segmentation: off [fixed]\n        tx_sit_segmentation: off [fixed]\n        tx_tcp6_segmentation: 'on'\n        tx_tcp_ecn_segmentation: 'on'\n        tx_tcp_mangleid_segmentation: 'off'\n        tx_tcp_segmentation: 'on'\n        tx_udp_tnl_csum_segmentation: off [fixed]\n        tx_udp_tnl_segmentation: off [fixed]\n        tx_vlan_offload: off [fixed]\n        tx_vlan_stag_hw_insert: off [fixed]\n        udp_fragmentation_offload: 'on'\n        vlan_challenged: off [fixed]\n    hw_timestamp_filters: []\n    ipv4:\n        address: 192.168.35.107\n        broadcast: 192.168.35.255\n        netmask: 255.255.255.0\n        network: 192.168.35.0\n    ipv6:\n    -   address: fd30:8855:cad5::1:1:107\n        prefix: '64'\n        scope: global\n    macaddress: 52:54:00:b5:50:eb\n    module: virtio_net\n    mtu: 1500\n    pciid: virtio0\n    promisc: false\n    timestamping:\n    - rx_software\n    - software\n    type: ether\nansible_facts:\n    all_ipv4_addresses:\n    - 192.168.35.107\n    all_ipv6_addresses:\n    - fd30:8855:cad5::1:1:107\n    - fe80::84d3:8755:bc04:eb41\n    ansible_local: {}\n    apparmor:\n        status: disabled\n    architecture: x86_64\n    bios_date: 04/01/2014\n    bios_version: 1.10.2-2.fc27\n    cmdline:\n        BOOT_IMAGE: /vmlinuz-3.10.0-862.2.3.el7.x86_64\n        LANG: en_US.UTF-8\n        quiet: true\n        rd.lvm.lv: centos701/swap\n        ro: true\n        root: /dev/mapper/centos701-root\n    date_time:\n        date: '2018-05-28'\n        day: '28'\n        epoch: '1527568434'\n        hour: '23'\n        iso8601: '2018-05-29T04:33:54Z'\n        iso8601_basic: 20180528T233354849919\n        iso8601_basic_short: 20180528T233354\n        iso8601_micro: '2018-05-29T04:33:54.849967Z'\n        minute: '33'\n        month: '05'\n        second: '54'\n        time: '23:33:54'\n        tz: CDT\n        tz_offset: '-0500'\n        weekday: Monday\n        weekday_number: '1'\n        weeknumber: '22'\n        year: '2018'\n    default_ipv4:\n        address: 192.168.35.107\n        alias: eth0\n        broadcast: 192.168.35.255\n        gateway: 192.168.35.254\n        interface: eth0\n        macaddress: 52:54:00:b5:50:eb\n        mtu: 1500\n        netmask: 255.255.255.0\n        network: 192.168.35.0\n        type: ether\n    default_ipv6:\n        address: fd30:8855:cad5::1:1:107\n        gateway: fe80::5665:deff:fe70:e07\n        interface: eth0\n        macaddress: 52:54:00:b5:50:eb\n        mtu: 1500\n        prefix: '64'\n        scope: global\n        type: ether\n    device_links:\n        ids:\n            dm-0:\n            - dm-name-centos701-root\n            - dm-uuid-LVM-aDpRhOWbXLurioM59ML8PBqsyeVvW9o3Ym5TKI1N5bQ4zbyiSNokZR8gi0CVgP7S\n            dm-1:\n            - dm-name-centos701-swap\n            - dm-uuid-LVM-aDpRhOWbXLurioM59ML8PBqsyeVvW9o3GsunvkykfiG6HFce6n6eoNJfXxCrMci9\n            sr0:\n            - ata-QEMU_DVD-ROM_QM00001\n            vda2:\n            - lvm-pv-uuid-XrCF0H-F7Kr-UJMh-I4PR-iWKm-vMei-M0cBa5\n        labels:\n            vda1:\n            - boot\n        masters:\n            vda2:\n            - dm-0\n            - dm-1\n        uuids:\n            dm-0:\n            - 0e4607ca-0d27-4b43-858a-4a9834a13a5c\n            dm-1:\n            - b9891c8d-ea25-4ffe-a297-ceaa50b9e1f4\n            vda1:\n            - 80b418f6-90e7-4505-aaa5-2e111b00f4e3\n    devices:\n        dm-0:\n            holders: []\n            host: ''\n            links:\n                ids:\n                - dm-name-centos701-root\n                - dm-uuid-LVM-aDpRhOWbXLurioM59ML8PBqsyeVvW9o3Ym5TKI1N5bQ4zbyiSNokZR8gi0CVgP7S\n                labels: []\n                masters: []\n                uuids:\n                - 0e4607ca-0d27-4b43-858a-4a9834a13a5c\n            model: null\n            partitions: {}\n            removable: '0'\n            rotational: '1'\n            sas_address: null\n            sas_device_handle: null\n            scheduler_mode: ''\n            sectors: '58703872'\n            sectorsize: '512'\n            size: 27.99 GB\n            support_discard: '0'\n            vendor: null\n            virtual: 1\n        dm-1:\n            holders: []\n            host: ''\n            links:\n                ids:\n                - dm-name-centos701-swap\n                - dm-uuid-LVM-aDpRhOWbXLurioM59ML8PBqsyeVvW9o3GsunvkykfiG6HFce6n6eoNJfXxCrMci9\n                labels: []\n                masters: []\n                uuids:\n                - b9891c8d-ea25-4ffe-a297-ceaa50b9e1f4\n            model: null\n            partitions: {}\n            removable: '0'\n            rotational: '1'\n            sas_address: null\n            sas_device_handle: null\n            scheduler_mode: ''\n            sectors: '2097152'\n            sectorsize: '512'\n            size: 1.00 GB\n            support_discard: '0'\n            vendor: null\n            virtual: 1\n        sr0:\n            holders: []\n            host: 'IDE interface: Intel Corporation 82371SB PIIX3 IDE [Natoma/Triton\n                II]'\n            links:\n                ids:\n                - ata-QEMU_DVD-ROM_QM00001\n                labels: []\n                masters: []\n                uuids: []\n            model: QEMU DVD-ROM\n            partitions: {}\n            removable: '1'\n            rotational: '1'\n            sas_address: null\n            sas_device_handle: null\n            scheduler_mode: deadline\n            sectors: '2097151'\n            sectorsize: '512'\n            size: 1024.00 MB\n            support_discard: '0'\n            vendor: QEMU\n            virtual: 1\n        vda:\n            holders: []\n            host: 'SCSI storage controller: Red Hat, Inc. Virtio block device'\n            links:\n                ids: []\n                labels: []\n                masters: []\n                uuids: []\n            model: null\n            partitions:\n                vda1:\n                    holders: []\n                    links:\n                        ids: []\n                        labels:\n                        - boot\n                        masters: []\n                        uuids:\n                        - 80b418f6-90e7-4505-aaa5-2e111b00f4e3\n                    sectors: '2097152'\n                    sectorsize: 512\n                    size: 1.00 GB\n                    start: '2048'\n                    uuid: 80b418f6-90e7-4505-aaa5-2e111b00f4e3\n                vda2:\n                    holders:\n                    - centos701-root\n                    - centos701-swap\n                    links:\n                        ids:\n                        - lvm-pv-uuid-XrCF0H-F7Kr-UJMh-I4PR-iWKm-vMei-M0cBa5\n                        labels: []\n                        masters:\n                        - dm-0\n                        - dm-1\n                        uuids: []\n                    sectors: '60815360'\n                    sectorsize: 512\n                    size: 29.00 GB\n                    start: '2099200'\n                    uuid: null\n            removable: '0'\n            rotational: '1'\n            sas_address: null\n            sas_device_handle: null\n            scheduler_mode: mq-deadline\n            sectors: '62914560'\n            sectorsize: '512'\n            size: 30.00 GB\n            support_discard: '0'\n            vendor: '0x1af4'\n            virtual: 1\n    distribution: CentOS\n    distribution_file_parsed: true\n    distribution_file_path: /etc/redhat-release\n    distribution_file_variety: RedHat\n    distribution_major_version: '7'\n    distribution_release: Core\n    distribution_version: 7.5.1804\n    dns:\n        nameservers:\n        - 192.168.35.100\n        - fd30:8855:cad5::1:1:100\n        search:\n        - workstation.rotthoff.home\n        - rotthoff.home\n    domain: workstation.rotthoff.home\n    effective_group_id: 1000\n    effective_user_id: 1000\n    env:\n        HOME: /home/mdrotthoff\n        LANG: en_US.UTF-8\n        LESSOPEN: '||/usr/bin/lesspipe.sh %s'\n        LOGNAME: mdrotthoff\n        LS_COLORS: 'rs=0:di=38;5;27:ln=38;5;51:mh=44;38;5;15:pi=40;38;5;11:so=38;5;13:do=38;5;5:bd=48;5;232;38;5;11:cd=48;5;232;38;5;3:or=48;5;232;38;5;9:mi=05;48;5;232;38;5;15:su=48;5;196;38;5;15:sg=48;5;11;38;5;16:ca=48;5;196;38;5;226:tw=48;5;10;38;5;16:ow=48;5;10;38;5;21:st=48;5;21;38;5;15:ex=38;5;34:*.tar=38;5;9:*.tgz=38;5;9:*.arc=38;5;9:*.arj=38;5;9:*.taz=38;5;9:*.lha=38;5;9:*.lz4=38;5;9:*.lzh=38;5;9:*.lzma=38;5;9:*.tlz=38;5;9:*.txz=38;5;9:*.tzo=38;5;9:*.t7z=38;5;9:*.zip=38;5;9:*.z=38;5;9:*.Z=38;5;9:*.dz=38;5;9:*.gz=38;5;9:*.lrz=38;5;9:*.lz=38;5;9:*.lzo=38;5;9:*.xz=38;5;9:*.bz2=38;5;9:*.bz=38;5;9:*.tbz=38;5;9:*.tbz2=38;5;9:*.tz=38;5;9:*.deb=38;5;9:*.rpm=38;5;9:*.jar=38;5;9:*.war=38;5;9:*.ear=38;5;9:*.sar=38;5;9:*.rar=38;5;9:*.alz=38;5;9:*.ace=38;5;9:*.zoo=38;5;9:*.cpio=38;5;9:*.7z=38;5;9:*.rz=38;5;9:*.cab=38;5;9:*.jpg=38;5;13:*.jpeg=38;5;13:*.gif=38;5;13:*.bmp=38;5;13:*.pbm=38;5;13:*.pgm=38;5;13:*.ppm=38;5;13:*.tga=38;5;13:*.xbm=38;5;13:*.xpm=38;5;13:*.tif=38;5;13:*.tiff=38;5;13:*.png=38;5;13:*.svg=38;5;13:*.svgz=38;5;13:*.mng=38;5;13:*.pcx=38;5;13:*.mov=38;5;13:*.mpg=38;5;13:*.mpeg=38;5;13:*.m2v=38;5;13:*.mkv=38;5;13:*.webm=38;5;13:*.ogm=38;5;13:*.mp4=38;5;13:*.m4v=38;5;13:*.mp4v=38;5;13:*.vob=38;5;13:*.qt=38;5;13:*.nuv=38;5;13:*.wmv=38;5;13:*.asf=38;5;13:*.rm=38;5;13:*.rmvb=38;5;13:*.flc=38;5;13:*.avi=38;5;13:*.fli=38;5;13:*.flv=38;5;13:*.gl=38;5;13:*.dl=38;5;13:*.xcf=38;5;13:*.xwd=38;5;13:*.yuv=38;5;13:*.cgm=38;5;13:*.emf=38;5;13:*.axv=38;5;13:*.anx=38;5;13:*.ogv=38;5;13:*.ogx=38;5;13:*.aac=38;5;45:*.au=38;5;45:*.flac=38;5;45:*.mid=38;5;45:*.midi=38;5;45:*.mka=38;5;45:*.mp3=38;5;45:*.mpc=38;5;45:*.ogg=38;5;45:*.ra=38;5;45:*.wav=38;5;45:*.axa=38;5;45:*.oga=38;5;45:*.spx=38;5;45:*.xspf=38;5;45:'\n        MAIL: /var/mail/mdrotthoff\n        PATH: /usr/local/bin:/usr/bin\n        PWD: /home/mdrotthoff\n        SELINUX_LEVEL_REQUESTED: ''\n        SELINUX_ROLE_REQUESTED: ''\n        SELINUX_USE_CURRENT_RANGE: ''\n        SHELL: /bin/bash\n        SHLVL: '2'\n        SSH_CLIENT: fd30:8855:cad5::1:1:100 40918 22\n        SSH_CONNECTION: fd30:8855:cad5::1:1:100 40918 fd30:8855:cad5::1:1:107 22\n        SSH_TTY: /dev/pts/0\n        TERM: xterm-256color\n        USER: mdrotthoff\n        XDG_RUNTIME_DIR: /run/user/1000\n        XDG_SESSION_ID: '67'\n        XMODIFIERS: '@im=ibus'\n        _: /usr/bin/python\n    eth0:\n        active: true\n        device: eth0\n        features:\n            busy_poll: off [fixed]\n            fcoe_mtu: off [fixed]\n            generic_receive_offload: 'on'\n            generic_segmentation_offload: 'on'\n            highdma: on [fixed]\n            hw_tc_offload: off [fixed]\n            l2_fwd_offload: off [fixed]\n            large_receive_offload: off [fixed]\n            loopback: off [fixed]\n            netns_local: off [fixed]\n            ntuple_filters: off [fixed]\n            receive_hashing: off [fixed]\n            rx_all: off [fixed]\n            rx_checksumming: on [fixed]\n            rx_fcs: off [fixed]\n            rx_udp_tunnel_port_offload: off [fixed]\n            rx_vlan_filter: on [fixed]\n            rx_vlan_offload: off [fixed]\n            rx_vlan_stag_filter: off [fixed]\n            rx_vlan_stag_hw_parse: off [fixed]\n            scatter_gather: 'on'\n            tcp_segmentation_offload: 'on'\n            tx_checksum_fcoe_crc: off [fixed]\n            tx_checksum_ip_generic: 'on'\n            tx_checksum_ipv4: off [fixed]\n            tx_checksum_ipv6: off [fixed]\n            tx_checksum_sctp: off [fixed]\n            tx_checksumming: 'on'\n            tx_fcoe_segmentation: off [fixed]\n            tx_gre_csum_segmentation: off [fixed]\n            tx_gre_segmentation: off [fixed]\n            tx_gso_partial: off [fixed]\n            tx_gso_robust: off [fixed]\n            tx_ipip_segmentation: off [fixed]\n            tx_lockless: off [fixed]\n            tx_nocache_copy: 'off'\n            tx_scatter_gather: 'on'\n            tx_scatter_gather_fraglist: off [fixed]\n            tx_sctp_segmentation: off [fixed]\n            tx_sit_segmentation: off [fixed]\n            tx_tcp6_segmentation: 'on'\n            tx_tcp_ecn_segmentation: 'on'\n            tx_tcp_mangleid_segmentation: 'off'\n            tx_tcp_segmentation: 'on'\n            tx_udp_tnl_csum_segmentation: off [fixed]\n            tx_udp_tnl_segmentation: off [fixed]\n            tx_vlan_offload: off [fixed]\n            tx_vlan_stag_hw_insert: off [fixed]\n            udp_fragmentation_offload: 'on'\n            vlan_challenged: off [fixed]\n        hw_timestamp_filters: []\n        ipv4:\n            address: 192.168.35.107\n            broadcast: 192.168.35.255\n            netmask: 255.255.255.0\n            network: 192.168.35.0\n        ipv6:\n        -   address: fd30:8855:cad5::1:1:107\n            prefix: '64'\n            scope: global\n        macaddress: 52:54:00:b5:50:eb\n        module: virtio_net\n        mtu: 1500\n        pciid: virtio0\n        promisc: false\n        timestamping:\n        - rx_software\n        - software\n        type: ether\n    fips: false\n    form_factor: Other\n    fqdn: centos7.workstation.rotthoff.home\n    gather_subset:\n    - all\n    hostname: centos7\n    interfaces:\n    - lo\n    - eth0\n    is_chroot: false\n    kernel: 3.10.0-862.2.3.el7.x86_64\n    lo:\n        active: true\n        device: lo\n        features:\n            busy_poll: off [fixed]\n            fcoe_mtu: off [fixed]\n            generic_receive_offload: 'on'\n            generic_segmentation_offload: 'on'\n            highdma: on [fixed]\n            hw_tc_offload: off [fixed]\n            l2_fwd_offload: off [fixed]\n            large_receive_offload: off [fixed]\n            loopback: on [fixed]\n            netns_local: on [fixed]\n            ntuple_filters: off [fixed]\n            receive_hashing: off [fixed]\n            rx_all: off [fixed]\n            rx_checksumming: on [fixed]\n            rx_fcs: off [fixed]\n            rx_udp_tunnel_port_offload: off [fixed]\n            rx_vlan_filter: off [fixed]\n            rx_vlan_offload: off [fixed]\n            rx_vlan_stag_filter: off [fixed]\n            rx_vlan_stag_hw_parse: off [fixed]\n            scatter_gather: 'on'\n            tcp_segmentation_offload: 'on'\n            tx_checksum_fcoe_crc: off [fixed]\n            tx_checksum_ip_generic: on [fixed]\n            tx_checksum_ipv4: off [fixed]\n            tx_checksum_ipv6: off [fixed]\n            tx_checksum_sctp: on [fixed]\n            tx_checksumming: 'on'\n            tx_fcoe_segmentation: off [fixed]\n            tx_gre_csum_segmentation: off [fixed]\n            tx_gre_segmentation: off [fixed]\n            tx_gso_partial: off [fixed]\n            tx_gso_robust: off [fixed]\n            tx_ipip_segmentation: off [fixed]\n            tx_lockless: on [fixed]\n            tx_nocache_copy: off [fixed]\n            tx_scatter_gather: on [fixed]\n            tx_scatter_gather_fraglist: on [fixed]\n            tx_sctp_segmentation: 'on'\n            tx_sit_segmentation: off [fixed]\n            tx_tcp6_segmentation: 'on'\n            tx_tcp_ecn_segmentation: 'on'\n            tx_tcp_mangleid_segmentation: 'on'\n            tx_tcp_segmentation: 'on'\n            tx_udp_tnl_csum_segmentation: off [fixed]\n            tx_udp_tnl_segmentation: off [fixed]\n            tx_vlan_offload: off [fixed]\n            tx_vlan_stag_hw_insert: off [fixed]\n            udp_fragmentation_offload: 'on'\n            vlan_challenged: on [fixed]\n        hw_timestamp_filters: []\n        ipv4:\n            address: 127.0.0.1\n            broadcast: host\n            netmask: 255.0.0.0\n            network: 127.0.0.0\n        ipv6:\n        -   address: ::1\n            prefix: '128'\n            scope: host\n        mtu: 65536\n        promisc: false\n        timestamping:\n        - rx_software\n        - software\n        type: loopback\n    lsb: {}\n    machine: x86_64\n    machine_id: f7105fe63d2149e996ae02b6d6c6649d\n    memfree_mb: 247\n    memory_mb:\n        nocache:\n            free: 352\n            used: 135\n        real:\n            free: 247\n            total: 487\n            used: 240\n        swap:\n            cached: 0\n            free: 1023\n            total: 1023\n            used: 0\n    memtotal_mb: 487\n    module_setup: true\n    mounts:\n    -   block_available: 6496869\n        block_size: 4096\n        block_total: 7190025\n        block_used: 693156\n        device: /dev/mapper/centos701-root\n        fstype: ext4\n        inode_available: 1800505\n        inode_total: 1835008\n        inode_used: 34503\n        mount: /\n        options: rw,seclabel,relatime,data=ordered\n        size_available: 26611175424\n        size_total: 29450342400\n        uuid: 0e4607ca-0d27-4b43-858a-4a9834a13a5c\n    -   block_available: 199569\n        block_size: 4096\n        block_total: 249830\n        block_used: 50261\n        device: /dev/vda1\n        fstype: ext4\n        inode_available: 65196\n        inode_total: 65536\n        inode_used: 340\n        mount: /boot\n        options: rw,seclabel,relatime,data=ordered\n        size_available: 817434624\n        size_total: 1023303680\n        uuid: 80b418f6-90e7-4505-aaa5-2e111b00f4e3\n    nodename: centos7.workstation.rotthoff.home\n    os_family: RedHat\n    pkg_mgr: yum\n    processor:\n    - '0'\n    - GenuineIntel\n    - Intel Core Processor (Skylake)\n    processor_cores: 1\n    processor_count: 1\n    processor_threads_per_core: 1\n    processor_vcpus: 1\n    product_name: Standard PC (i440FX + PIIX, 1996)\n    product_serial: NA\n    product_uuid: NA\n    product_version: pc-i440fx-2.10\n    python:\n        executable: /usr/bin/python\n        has_sslcontext: true\n        type: CPython\n        version:\n            major: 2\n            micro: 5\n            minor: 7\n            releaselevel: final\n            serial: 0\n        version_info:\n        - 2\n        - 7\n        - 5\n        - final\n        - 0\n    python_version: 2.7.5\n    real_group_id: 1000\n    real_user_id: 1000\n    selinux:\n        config_mode: enforcing\n        mode: enforcing\n        policyvers: 31\n        status: enabled\n        type: targeted\n    selinux_python_present: true\n    service_mgr: systemd\n    ssh_host_key_ecdsa_public: AAAAE2VjZHNhLXNoYTItbmlzdHAyNTYAAAAIbmlzdHAyNTYAAABBBGXC4RmSXdThkLyegDrl3S1oi53veQVIpu8lgKllG2LT5AYg4yrNWNLmkJj+rP2BeHWlMxn8wn1S0qKzOOA2aH0=\n    ssh_host_key_ed25519_public: AAAAC3NzaC1lZDI1NTE5AAAAIDhH4vesuyA9XsVl4sYMYy9GC4LXuKV2wd3YDSwTyhK2\n    ssh_host_key_rsa_public: AAAAB3NzaC1yc2EAAAADAQABAAABAQC0b2vZ1IjBppLrVsnkrAecWcqhPkGR2/8It2xu76qjnLTp6b2mx8XfOaNk/ST50UKW3B+9EFbRXsE7XJONO4o015KquKgLoVdZOh3UUS3bXFOSWa3pdTzjeDmjGKwmkfKDlKAt8qquRH5Z+IOX49n781suHXOLSzKoiL/9OPh3dFnfdZP8dhWw6r0PpP5erR/BFS3n1XCXs4/T4ifmPp0lxX3kooA2JX/cCDJxmYquaVSY9SD6OOKaR0Xmq4mNlcLk0s1wCn4rfh5GBiLceBKjq8+hkd+bbrpKIytT31NtEmJ1sO/YkmkUdFcSDIFGI+G5YaIXS4ZVYeYapR8kycJF\n    swapfree_mb: 1023\n    swaptotal_mb: 1023\n    system: Linux\n    system_capabilities:\n    - ''\n    system_capabilities_enforced: 'True'\n    system_vendor: QEMU\n    uptime_seconds: 25967\n    user_dir: /home/mdrotthoff\n    user_gecos: David Rotthoff\n    user_gid: 1000\n    user_id: mdrotthoff\n    user_shell: /bin/bash\n    user_uid: 1000\n    userspace_architecture: x86_64\n    userspace_bits: '64'\n    virtualization_role: guest\n    virtualization_type: kvm\nansible_fips: false\nansible_forks: 5\nansible_form_factor: Other\nansible_fqdn: centos7.workstation.rotthoff.home\nansible_hostname: centos7\nansible_interfaces:\n- lo\n- eth0\nansible_inventory_sources:\n- /home/mdrotthoff/workspaces/mdrotthoff.ansible/ansible/roles/mdrotthoff.sshknownhosts/tests/inventory\nansible_is_chroot: false\nansible_kernel: 3.10.0-862.2.3.el7.x86_64\nansible_lo:\n    active: true\n    device: lo\n    features:\n        busy_poll: off [fixed]\n        fcoe_mtu: off [fixed]\n        generic_receive_offload: 'on'\n        generic_segmentation_offload: 'on'\n        highdma: on [fixed]\n        hw_tc_offload: off [fixed]\n        l2_fwd_offload: off [fixed]\n        large_receive_offload: off [fixed]\n        loopback: on [fixed]\n        netns_local: on [fixed]\n        ntuple_filters: off [fixed]\n        receive_hashing: off [fixed]\n        rx_all: off [fixed]\n        rx_checksumming: on [fixed]\n        rx_fcs: off [fixed]\n        rx_udp_tunnel_port_offload: off [fixed]\n        rx_vlan_filter: off [fixed]\n        rx_vlan_offload: off [fixed]\n        rx_vlan_stag_filter: off [fixed]\n        rx_vlan_stag_hw_parse: off [fixed]\n        scatter_gather: 'on'\n        tcp_segmentation_offload: 'on'\n        tx_checksum_fcoe_crc: off [fixed]\n        tx_checksum_ip_generic: on [fixed]\n        tx_checksum_ipv4: off [fixed]\n        tx_checksum_ipv6: off [fixed]\n        tx_checksum_sctp: on [fixed]\n        tx_checksumming: 'on'\n        tx_fcoe_segmentation: off [fixed]\n        tx_gre_csum_segmentation: off [fixed]\n        tx_gre_segmentation: off [fixed]\n        tx_gso_partial: off [fixed]\n        tx_gso_robust: off [fixed]\n        tx_ipip_segmentation: off [fixed]\n        tx_lockless: on [fixed]\n        tx_nocache_copy: off [fixed]\n        tx_scatter_gather: on [fixed]\n        tx_scatter_gather_fraglist: on [fixed]\n        tx_sctp_segmentation: 'on'\n        tx_sit_segmentation: off [fixed]\n        tx_tcp6_segmentation: 'on'\n        tx_tcp_ecn_segmentation: 'on'\n        tx_tcp_mangleid_segmentation: 'on'\n        tx_tcp_segmentation: 'on'\n        tx_udp_tnl_csum_segmentation: off [fixed]\n        tx_udp_tnl_segmentation: off [fixed]\n        tx_vlan_offload: off [fixed]\n        tx_vlan_stag_hw_insert: off [fixed]\n        udp_fragmentation_offload: 'on'\n        vlan_challenged: on [fixed]\n    hw_timestamp_filters: []\n    ipv4:\n        address: 127.0.0.1\n        broadcast: host\n        netmask: 255.0.0.0\n        network: 127.0.0.0\n    ipv6:\n    -   address: ::1\n        prefix: '128'\n        scope: host\n    mtu: 65536\n    promisc: false\n    timestamping:\n    - rx_software\n    - software\n    type: loopback\nansible_local: {}\nansible_lsb: {}\nansible_machine: x86_64\nansible_machine_id: f7105fe63d2149e996ae02b6d6c6649d\nansible_memfree_mb: 247\nansible_memory_mb:\n    nocache:\n        free: 352\n        used: 135\n    real:\n        free: 247\n        total: 487\n        used: 240\n    swap:\n        cached: 0\n        free: 1023\n        total: 1023\n        used: 0\nansible_memtotal_mb: 487\nansible_mounts:\n-   block_available: 6496869\n    block_size: 4096\n    block_total: 7190025\n    block_used: 693156\n    device: /dev/mapper/centos701-root\n    fstype: ext4\n    inode_available: 1800505\n    inode_total: 1835008\n    inode_used: 34503\n    mount: /\n    options: rw,seclabel,relatime,data=ordered\n    size_available: 26611175424\n    size_total: 29450342400\n    uuid: 0e4607ca-0d27-4b43-858a-4a9834a13a5c\n-   block_available: 199569\n    block_size: 4096\n    block_total: 249830\n    block_used: 50261\n    device: /dev/vda1\n    fstype: ext4\n    inode_available: 65196\n    inode_total: 65536\n    inode_used: 340\n    mount: /boot\n    options: rw,seclabel,relatime,data=ordered\n    size_available: 817434624\n    size_total: 1023303680\n    uuid: 80b418f6-90e7-4505-aaa5-2e111b00f4e3\nansible_nodename: centos7.workstation.rotthoff.home\nansible_os_family: RedHat\nansible_pkg_mgr: yum\nansible_playbook_python: /usr/bin/python2\nansible_processor:\n- '0'\n- GenuineIntel\n- Intel Core Processor (Skylake)\nansible_processor_cores: 1\nansible_processor_count: 1\nansible_processor_threads_per_core: 1\nansible_processor_vcpus: 1\nansible_product_name: Standard PC (i440FX + PIIX, 1996)\nansible_product_serial: NA\nansible_product_uuid: NA\nansible_product_version: pc-i440fx-2.10\nansible_python:\n    executable: /usr/bin/python\n    has_sslcontext: true\n    type: CPython\n    version:\n        major: 2\n        micro: 5\n        minor: 7\n        releaselevel: final\n        serial: 0\n    version_info:\n    - 2\n    - 7\n    - 5\n    - final\n    - 0\nansible_python_version: 2.7.5\nansible_real_group_id: 1000\nansible_real_user_id: 1000\nansible_run_tags:\n- all\nansible_selinux:\n    config_mode: enforcing\n    mode: enforcing\n    policyvers: 31\n    status: enabled\n    type: targeted\nansible_selinux_python_present: true\nansible_service_mgr: systemd\nansible_skip_tags: []\nansible_ssh_host_key_ecdsa_public: AAAAE2VjZHNhLXNoYTItbmlzdHAyNTYAAAAIbmlzdHAyNTYAAABBBGXC4RmSXdThkLyegDrl3S1oi53veQVIpu8lgKllG2LT5AYg4yrNWNLmkJj+rP2BeHWlMxn8wn1S0qKzOOA2aH0=\nansible_ssh_host_key_ed25519_public: AAAAC3NzaC1lZDI1NTE5AAAAIDhH4vesuyA9XsVl4sYMYy9GC4LXuKV2wd3YDSwTyhK2\nansible_ssh_host_key_rsa_public: AAAAB3NzaC1yc2EAAAADAQABAAABAQC0b2vZ1IjBppLrVsnkrAecWcqhPkGR2/8It2xu76qjnLTp6b2mx8XfOaNk/ST50UKW3B+9EFbRXsE7XJONO4o015KquKgLoVdZOh3UUS3bXFOSWa3pdTzjeDmjGKwmkfKDlKAt8qquRH5Z+IOX49n781suHXOLSzKoiL/9OPh3dFnfdZP8dhWw6r0PpP5erR/BFS3n1XCXs4/T4ifmPp0lxX3kooA2JX/cCDJxmYquaVSY9SD6OOKaR0Xmq4mNlcLk0s1wCn4rfh5GBiLceBKjq8+hkd+bbrpKIytT31NtEmJ1sO/YkmkUdFcSDIFGI+G5YaIXS4ZVYeYapR8kycJF\nansible_swapfree_mb: 1023\nansible_swaptotal_mb: 1023\nansible_system: Linux\nansible_system_capabilities:\n- ''\nansible_system_capabilities_enforced: 'True'\nansible_system_vendor: QEMU\nansible_uptime_seconds: 25967\nansible_user_dir: /home/mdrotthoff\nansible_user_gecos: David Rotthoff\nansible_user_gid: 1000\nansible_user_id: mdrotthoff\nansible_user_shell: /bin/bash\nansible_user_uid: 1000\nansible_userspace_architecture: x86_64\nansible_userspace_bits: '64'\nansible_version:\n    full: 2.5.2\n    major: 2\n    minor: 5\n    revision: 2\n    string: 2.5.2\nansible_virtualization_role: guest\nansible_virtualization_type: kvm\ngather_subset:\n- all\ngroup_names:\n- ungrouped\ngroups:\n    all:\n    - localhost\n    - centos7.workstation.rotthoff.home\n    ungrouped:\n    - localhost\n    - centos7.workstation.rotthoff.home\ninventory_dir: /home/mdrotthoff/workspaces/mdrotthoff.ansible/ansible/roles/mdrotthoff.sshknownhosts/tests\ninventory_file: /home/mdrotthoff/workspaces/mdrotthoff.ansible/ansible/roles/mdrotthoff.sshknownhosts/tests/inventory\ninventory_hostname: centos7.workstation.rotthoff.home\ninventory_hostname_short: centos7\nmodule_setup: true\nomit: __omit_place_holder__7e020ccd5286ab844e3150a96bea73d20f910945\nplaybook_dir: /home/mdrotthoff/workspaces/mdrotthoff.ansible/ansible/roles/mdrotthoff.sshknownhosts/tests\nssh_key_data:\n    host_aliases:\n    - centos7\n    hostname: centos7.workstation.rotthoff.home\n    ipv4_addresses:\n    - 192.168.35.107\n    ipv6_addresses:\n    - fd30:8855:cad5::1:1:107\n    - fe80::84d3:8755:bc04:eb41\n    key_data:\n    -   enctype: ecdsa-sha2-nistp256\n        fingerprint: AAAAE2VjZHNhLXNoYTItbmlzdHAyNTYAAAAIbmlzdHAyNTYAAABBBGXC4RmSXdThkLyegDrl3S1oi53veQVIpu8lgKllG2LT5AYg4yrNWNLmkJj+rP2BeHWlMxn8wn1S0qKzOOA2aH0=\n    -   enctype: ssh-rsa\n        fingerprint: AAAAB3NzaC1yc2EAAAADAQABAAABAQC0b2vZ1IjBppLrVsnkrAecWcqhPkGR2/8It2xu76qjnLTp6b2mx8XfOaNk/ST50UKW3B+9EFbRXsE7XJONO4o015KquKgLoVdZOh3UUS3bXFOSWa3pdTzjeDmjGKwmkfKDlKAt8qquRH5Z+IOX49n781suHXOLSzKoiL/9OPh3dFnfdZP8dhWw6r0PpP5erR/BFS3n1XCXs4/T4ifmPp0lxX3kooA2JX/cCDJxmYquaVSY9SD6OOKaR0Xmq4mNlcLk0s1wCn4rfh5GBiLceBKjq8+hkd+bbrpKIytT31NtEmJ1sO/YkmkUdFcSDIFGI+G5YaIXS4ZVYeYapR8kycJF\n    -   enctype: ssh-ed25519\n        fingerprint: AAAAC3NzaC1lZDI1NTE5AAAAIDhH4vesuyA9XsVl4sYMYy9GC4LXuKV2wd3YDSwTyhK2\nsshknownhosts_aliases:\n- centos7\n- 192.168.35.107\n- fd30:8855:cad5::1:1:107\n- fe80::84d3:8755:bc04:eb41\nsshknownhosts_hostname: centos7.workstation.rotthoff.home\nsshknownhosts_key_data:\n-   enctype: ecdsa-sha2-nistp256\n    fingerprint: AAAAE2VjZHNhLXNoYTItbmlzdHAyNTYAAAAIbmlzdHAyNTYAAABBBGXC4RmSXdThkLyegDrl3S1oi53veQVIpu8lgKllG2LT5AYg4yrNWNLmkJj+rP2BeHWlMxn8wn1S0qKzOOA2aH0=\n-   enctype: ssh-rsa\n    fingerprint: AAAAB3NzaC1yc2EAAAADAQABAAABAQC0b2vZ1IjBppLrVsnkrAecWcqhPkGR2/8It2xu76qjnLTp6b2mx8XfOaNk/ST50UKW3B+9EFbRXsE7XJONO4o015KquKgLoVdZOh3UUS3bXFOSWa3pdTzjeDmjGKwmkfKDlKAt8qquRH5Z+IOX49n781suHXOLSzKoiL/9OPh3dFnfdZP8dhWw6r0PpP5erR/BFS3n1XCXs4/T4ifmPp0lxX3kooA2JX/cCDJxmYquaVSY9SD6OOKaR0Xmq4mNlcLk0s1wCn4rfh5GBiLceBKjq8+hkd+bbrpKIytT31NtEmJ1sO/YkmkUdFcSDIFGI+G5YaIXS4ZVYeYapR8kycJF\n-   enctype: ssh-ed25519\n    fingerprint: AAAAC3NzaC1lZDI1NTE5AAAAIDhH4vesuyA9XsVl4sYMYy9GC4LXuKV2wd3YDSwTyhK2\nsshknownhosts_key_state: absent\n"
}
ok: [centos7.workstation.rotthoff.home] => (item=None) => {
    "msg": "Host: centos7.workstation.rotthoff.home  Host vars: ansible_all_ipv4_addresses:\n- 192.168.35.107\nansible_all_ipv6_addresses:\n- fd30:8855:cad5::1:1:107\n- fe80::84d3:8755:bc04:eb41\nansible_apparmor:\n    status: disabled\nansible_architecture: x86_64\nansible_bios_date: 04/01/2014\nansible_bios_version: 1.10.2-2.fc27\nansible_check_mode: false\nansible_cmdline:\n    BOOT_IMAGE: /vmlinuz-3.10.0-862.2.3.el7.x86_64\n    LANG: en_US.UTF-8\n    quiet: true\n    rd.lvm.lv: centos701/swap\n    ro: true\n    root: /dev/mapper/centos701-root\nansible_date_time:\n    date: '2018-05-28'\n    day: '28'\n    epoch: '1527568434'\n    hour: '23'\n    iso8601: '2018-05-29T04:33:54Z'\n    iso8601_basic: 20180528T233354849919\n    iso8601_basic_short: 20180528T233354\n    iso8601_micro: '2018-05-29T04:33:54.849967Z'\n    minute: '33'\n    month: '05'\n    second: '54'\n    time: '23:33:54'\n    tz: CDT\n    tz_offset: '-0500'\n    weekday: Monday\n    weekday_number: '1'\n    weeknumber: '22'\n    year: '2018'\nansible_default_ipv4:\n    address: 192.168.35.107\n    alias: eth0\n    broadcast: 192.168.35.255\n    gateway: 192.168.35.254\n    interface: eth0\n    macaddress: 52:54:00:b5:50:eb\n    mtu: 1500\n    netmask: 255.255.255.0\n    network: 192.168.35.0\n    type: ether\nansible_default_ipv6:\n    address: fd30:8855:cad5::1:1:107\n    gateway: fe80::5665:deff:fe70:e07\n    interface: eth0\n    macaddress: 52:54:00:b5:50:eb\n    mtu: 1500\n    prefix: '64'\n    scope: global\n    type: ether\nansible_device_links:\n    ids:\n        dm-0:\n        - dm-name-centos701-root\n        - dm-uuid-LVM-aDpRhOWbXLurioM59ML8PBqsyeVvW9o3Ym5TKI1N5bQ4zbyiSNokZR8gi0CVgP7S\n        dm-1:\n        - dm-name-centos701-swap\n        - dm-uuid-LVM-aDpRhOWbXLurioM59ML8PBqsyeVvW9o3GsunvkykfiG6HFce6n6eoNJfXxCrMci9\n        sr0:\n        - ata-QEMU_DVD-ROM_QM00001\n        vda2:\n        - lvm-pv-uuid-XrCF0H-F7Kr-UJMh-I4PR-iWKm-vMei-M0cBa5\n    labels:\n        vda1:\n        - boot\n    masters:\n        vda2:\n        - dm-0\n        - dm-1\n    uuids:\n        dm-0:\n        - 0e4607ca-0d27-4b43-858a-4a9834a13a5c\n        dm-1:\n        - b9891c8d-ea25-4ffe-a297-ceaa50b9e1f4\n        vda1:\n        - 80b418f6-90e7-4505-aaa5-2e111b00f4e3\nansible_devices:\n    dm-0:\n        holders: []\n        host: ''\n        links:\n            ids:\n            - dm-name-centos701-root\n            - dm-uuid-LVM-aDpRhOWbXLurioM59ML8PBqsyeVvW9o3Ym5TKI1N5bQ4zbyiSNokZR8gi0CVgP7S\n            labels: []\n            masters: []\n            uuids:\n            - 0e4607ca-0d27-4b43-858a-4a9834a13a5c\n        model: null\n        partitions: {}\n        removable: '0'\n        rotational: '1'\n        sas_address: null\n        sas_device_handle: null\n        scheduler_mode: ''\n        sectors: '58703872'\n        sectorsize: '512'\n        size: 27.99 GB\n        support_discard: '0'\n        vendor: null\n        virtual: 1\n    dm-1:\n        holders: []\n        host: ''\n        links:\n            ids:\n            - dm-name-centos701-swap\n            - dm-uuid-LVM-aDpRhOWbXLurioM59ML8PBqsyeVvW9o3GsunvkykfiG6HFce6n6eoNJfXxCrMci9\n            labels: []\n            masters: []\n            uuids:\n            - b9891c8d-ea25-4ffe-a297-ceaa50b9e1f4\n        model: null\n        partitions: {}\n        removable: '0'\n        rotational: '1'\n        sas_address: null\n        sas_device_handle: null\n        scheduler_mode: ''\n        sectors: '2097152'\n        sectorsize: '512'\n        size: 1.00 GB\n        support_discard: '0'\n        vendor: null\n        virtual: 1\n    sr0:\n        holders: []\n        host: 'IDE interface: Intel Corporation 82371SB PIIX3 IDE [Natoma/Triton II]'\n        links:\n            ids:\n            - ata-QEMU_DVD-ROM_QM00001\n            labels: []\n            masters: []\n            uuids: []\n        model: QEMU DVD-ROM\n        partitions: {}\n        removable: '1'\n        rotational: '1'\n        sas_address: null\n        sas_device_handle: null\n        scheduler_mode: deadline\n        sectors: '2097151'\n        sectorsize: '512'\n        size: 1024.00 MB\n        support_discard: '0'\n        vendor: QEMU\n        virtual: 1\n    vda:\n        holders: []\n        host: 'SCSI storage controller: Red Hat, Inc. Virtio block device'\n        links:\n            ids: []\n            labels: []\n            masters: []\n            uuids: []\n        model: null\n        partitions:\n            vda1:\n                holders: []\n                links:\n                    ids: []\n                    labels:\n                    - boot\n                    masters: []\n                    uuids:\n                    - 80b418f6-90e7-4505-aaa5-2e111b00f4e3\n                sectors: '2097152'\n                sectorsize: 512\n                size: 1.00 GB\n                start: '2048'\n                uuid: 80b418f6-90e7-4505-aaa5-2e111b00f4e3\n            vda2:\n                holders:\n                - centos701-root\n                - centos701-swap\n                links:\n                    ids:\n                    - lvm-pv-uuid-XrCF0H-F7Kr-UJMh-I4PR-iWKm-vMei-M0cBa5\n                    labels: []\n                    masters:\n                    - dm-0\n                    - dm-1\n                    uuids: []\n                sectors: '60815360'\n                sectorsize: 512\n                size: 29.00 GB\n                start: '2099200'\n                uuid: null\n        removable: '0'\n        rotational: '1'\n        sas_address: null\n        sas_device_handle: null\n        scheduler_mode: mq-deadline\n        sectors: '62914560'\n        sectorsize: '512'\n        size: 30.00 GB\n        support_discard: '0'\n        vendor: '0x1af4'\n        virtual: 1\nansible_diff_mode: false\nansible_distribution: CentOS\nansible_distribution_file_parsed: true\nansible_distribution_file_path: /etc/redhat-release\nansible_distribution_file_variety: RedHat\nansible_distribution_major_version: '7'\nansible_distribution_release: Core\nansible_distribution_version: 7.5.1804\nansible_dns:\n    nameservers:\n    - 192.168.35.100\n    - fd30:8855:cad5::1:1:100\n    search:\n    - workstation.rotthoff.home\n    - rotthoff.home\nansible_domain: workstation.rotthoff.home\nansible_effective_group_id: 1000\nansible_effective_user_id: 1000\nansible_env:\n    HOME: /home/mdrotthoff\n    LANG: en_US.UTF-8\n    LESSOPEN: '||/usr/bin/lesspipe.sh %s'\n    LOGNAME: mdrotthoff\n    LS_COLORS: 'rs=0:di=38;5;27:ln=38;5;51:mh=44;38;5;15:pi=40;38;5;11:so=38;5;13:do=38;5;5:bd=48;5;232;38;5;11:cd=48;5;232;38;5;3:or=48;5;232;38;5;9:mi=05;48;5;232;38;5;15:su=48;5;196;38;5;15:sg=48;5;11;38;5;16:ca=48;5;196;38;5;226:tw=48;5;10;38;5;16:ow=48;5;10;38;5;21:st=48;5;21;38;5;15:ex=38;5;34:*.tar=38;5;9:*.tgz=38;5;9:*.arc=38;5;9:*.arj=38;5;9:*.taz=38;5;9:*.lha=38;5;9:*.lz4=38;5;9:*.lzh=38;5;9:*.lzma=38;5;9:*.tlz=38;5;9:*.txz=38;5;9:*.tzo=38;5;9:*.t7z=38;5;9:*.zip=38;5;9:*.z=38;5;9:*.Z=38;5;9:*.dz=38;5;9:*.gz=38;5;9:*.lrz=38;5;9:*.lz=38;5;9:*.lzo=38;5;9:*.xz=38;5;9:*.bz2=38;5;9:*.bz=38;5;9:*.tbz=38;5;9:*.tbz2=38;5;9:*.tz=38;5;9:*.deb=38;5;9:*.rpm=38;5;9:*.jar=38;5;9:*.war=38;5;9:*.ear=38;5;9:*.sar=38;5;9:*.rar=38;5;9:*.alz=38;5;9:*.ace=38;5;9:*.zoo=38;5;9:*.cpio=38;5;9:*.7z=38;5;9:*.rz=38;5;9:*.cab=38;5;9:*.jpg=38;5;13:*.jpeg=38;5;13:*.gif=38;5;13:*.bmp=38;5;13:*.pbm=38;5;13:*.pgm=38;5;13:*.ppm=38;5;13:*.tga=38;5;13:*.xbm=38;5;13:*.xpm=38;5;13:*.tif=38;5;13:*.tiff=38;5;13:*.png=38;5;13:*.svg=38;5;13:*.svgz=38;5;13:*.mng=38;5;13:*.pcx=38;5;13:*.mov=38;5;13:*.mpg=38;5;13:*.mpeg=38;5;13:*.m2v=38;5;13:*.mkv=38;5;13:*.webm=38;5;13:*.ogm=38;5;13:*.mp4=38;5;13:*.m4v=38;5;13:*.mp4v=38;5;13:*.vob=38;5;13:*.qt=38;5;13:*.nuv=38;5;13:*.wmv=38;5;13:*.asf=38;5;13:*.rm=38;5;13:*.rmvb=38;5;13:*.flc=38;5;13:*.avi=38;5;13:*.fli=38;5;13:*.flv=38;5;13:*.gl=38;5;13:*.dl=38;5;13:*.xcf=38;5;13:*.xwd=38;5;13:*.yuv=38;5;13:*.cgm=38;5;13:*.emf=38;5;13:*.axv=38;5;13:*.anx=38;5;13:*.ogv=38;5;13:*.ogx=38;5;13:*.aac=38;5;45:*.au=38;5;45:*.flac=38;5;45:*.mid=38;5;45:*.midi=38;5;45:*.mka=38;5;45:*.mp3=38;5;45:*.mpc=38;5;45:*.ogg=38;5;45:*.ra=38;5;45:*.wav=38;5;45:*.axa=38;5;45:*.oga=38;5;45:*.spx=38;5;45:*.xspf=38;5;45:'\n    MAIL: /var/mail/mdrotthoff\n    PATH: /usr/local/bin:/usr/bin\n    PWD: /home/mdrotthoff\n    SELINUX_LEVEL_REQUESTED: ''\n    SELINUX_ROLE_REQUESTED: ''\n    SELINUX_USE_CURRENT_RANGE: ''\n    SHELL: /bin/bash\n    SHLVL: '2'\n    SSH_CLIENT: fd30:8855:cad5::1:1:100 40918 22\n    SSH_CONNECTION: fd30:8855:cad5::1:1:100 40918 fd30:8855:cad5::1:1:107 22\n    SSH_TTY: /dev/pts/0\n    TERM: xterm-256color\n    USER: mdrotthoff\n    XDG_RUNTIME_DIR: /run/user/1000\n    XDG_SESSION_ID: '67'\n    XMODIFIERS: '@im=ibus'\n    _: /usr/bin/python\nansible_eth0:\n    active: true\n    device: eth0\n    features:\n        busy_poll: off [fixed]\n        fcoe_mtu: off [fixed]\n        generic_receive_offload: 'on'\n        generic_segmentation_offload: 'on'\n        highdma: on [fixed]\n        hw_tc_offload: off [fixed]\n        l2_fwd_offload: off [fixed]\n        large_receive_offload: off [fixed]\n        loopback: off [fixed]\n        netns_local: off [fixed]\n        ntuple_filters: off [fixed]\n        receive_hashing: off [fixed]\n        rx_all: off [fixed]\n        rx_checksumming: on [fixed]\n        rx_fcs: off [fixed]\n        rx_udp_tunnel_port_offload: off [fixed]\n        rx_vlan_filter: on [fixed]\n        rx_vlan_offload: off [fixed]\n        rx_vlan_stag_filter: off [fixed]\n        rx_vlan_stag_hw_parse: off [fixed]\n        scatter_gather: 'on'\n        tcp_segmentation_offload: 'on'\n        tx_checksum_fcoe_crc: off [fixed]\n        tx_checksum_ip_generic: 'on'\n        tx_checksum_ipv4: off [fixed]\n        tx_checksum_ipv6: off [fixed]\n        tx_checksum_sctp: off [fixed]\n        tx_checksumming: 'on'\n        tx_fcoe_segmentation: off [fixed]\n        tx_gre_csum_segmentation: off [fixed]\n        tx_gre_segmentation: off [fixed]\n        tx_gso_partial: off [fixed]\n        tx_gso_robust: off [fixed]\n        tx_ipip_segmentation: off [fixed]\n        tx_lockless: off [fixed]\n        tx_nocache_copy: 'off'\n        tx_scatter_gather: 'on'\n        tx_scatter_gather_fraglist: off [fixed]\n        tx_sctp_segmentation: off [fixed]\n        tx_sit_segmentation: off [fixed]\n        tx_tcp6_segmentation: 'on'\n        tx_tcp_ecn_segmentation: 'on'\n        tx_tcp_mangleid_segmentation: 'off'\n        tx_tcp_segmentation: 'on'\n        tx_udp_tnl_csum_segmentation: off [fixed]\n        tx_udp_tnl_segmentation: off [fixed]\n        tx_vlan_offload: off [fixed]\n        tx_vlan_stag_hw_insert: off [fixed]\n        udp_fragmentation_offload: 'on'\n        vlan_challenged: off [fixed]\n    hw_timestamp_filters: []\n    ipv4:\n        address: 192.168.35.107\n        broadcast: 192.168.35.255\n        netmask: 255.255.255.0\n        network: 192.168.35.0\n    ipv6:\n    -   address: fd30:8855:cad5::1:1:107\n        prefix: '64'\n        scope: global\n    macaddress: 52:54:00:b5:50:eb\n    module: virtio_net\n    mtu: 1500\n    pciid: virtio0\n    promisc: false\n    timestamping:\n    - rx_software\n    - software\n    type: ether\nansible_facts:\n    all_ipv4_addresses:\n    - 192.168.35.107\n    all_ipv6_addresses:\n    - fd30:8855:cad5::1:1:107\n    - fe80::84d3:8755:bc04:eb41\n    ansible_local: {}\n    apparmor:\n        status: disabled\n    architecture: x86_64\n    bios_date: 04/01/2014\n    bios_version: 1.10.2-2.fc27\n    cmdline:\n        BOOT_IMAGE: /vmlinuz-3.10.0-862.2.3.el7.x86_64\n        LANG: en_US.UTF-8\n        quiet: true\n        rd.lvm.lv: centos701/swap\n        ro: true\n        root: /dev/mapper/centos701-root\n    date_time:\n        date: '2018-05-28'\n        day: '28'\n        epoch: '1527568434'\n        hour: '23'\n        iso8601: '2018-05-29T04:33:54Z'\n        iso8601_basic: 20180528T233354849919\n        iso8601_basic_short: 20180528T233354\n        iso8601_micro: '2018-05-29T04:33:54.849967Z'\n        minute: '33'\n        month: '05'\n        second: '54'\n        time: '23:33:54'\n        tz: CDT\n        tz_offset: '-0500'\n        weekday: Monday\n        weekday_number: '1'\n        weeknumber: '22'\n        year: '2018'\n    default_ipv4:\n        address: 192.168.35.107\n        alias: eth0\n        broadcast: 192.168.35.255\n        gateway: 192.168.35.254\n        interface: eth0\n        macaddress: 52:54:00:b5:50:eb\n        mtu: 1500\n        netmask: 255.255.255.0\n        network: 192.168.35.0\n        type: ether\n    default_ipv6:\n        address: fd30:8855:cad5::1:1:107\n        gateway: fe80::5665:deff:fe70:e07\n        interface: eth0\n        macaddress: 52:54:00:b5:50:eb\n        mtu: 1500\n        prefix: '64'\n        scope: global\n        type: ether\n    device_links:\n        ids:\n            dm-0:\n            - dm-name-centos701-root\n            - dm-uuid-LVM-aDpRhOWbXLurioM59ML8PBqsyeVvW9o3Ym5TKI1N5bQ4zbyiSNokZR8gi0CVgP7S\n            dm-1:\n            - dm-name-centos701-swap\n            - dm-uuid-LVM-aDpRhOWbXLurioM59ML8PBqsyeVvW9o3GsunvkykfiG6HFce6n6eoNJfXxCrMci9\n            sr0:\n            - ata-QEMU_DVD-ROM_QM00001\n            vda2:\n            - lvm-pv-uuid-XrCF0H-F7Kr-UJMh-I4PR-iWKm-vMei-M0cBa5\n        labels:\n            vda1:\n            - boot\n        masters:\n            vda2:\n            - dm-0\n            - dm-1\n        uuids:\n            dm-0:\n            - 0e4607ca-0d27-4b43-858a-4a9834a13a5c\n            dm-1:\n            - b9891c8d-ea25-4ffe-a297-ceaa50b9e1f4\n            vda1:\n            - 80b418f6-90e7-4505-aaa5-2e111b00f4e3\n    devices:\n        dm-0:\n            holders: []\n            host: ''\n            links:\n                ids:\n                - dm-name-centos701-root\n                - dm-uuid-LVM-aDpRhOWbXLurioM59ML8PBqsyeVvW9o3Ym5TKI1N5bQ4zbyiSNokZR8gi0CVgP7S\n                labels: []\n                masters: []\n                uuids:\n                - 0e4607ca-0d27-4b43-858a-4a9834a13a5c\n            model: null\n            partitions: {}\n            removable: '0'\n            rotational: '1'\n            sas_address: null\n            sas_device_handle: null\n            scheduler_mode: ''\n            sectors: '58703872'\n            sectorsize: '512'\n            size: 27.99 GB\n            support_discard: '0'\n            vendor: null\n            virtual: 1\n        dm-1:\n            holders: []\n            host: ''\n            links:\n                ids:\n                - dm-name-centos701-swap\n                - dm-uuid-LVM-aDpRhOWbXLurioM59ML8PBqsyeVvW9o3GsunvkykfiG6HFce6n6eoNJfXxCrMci9\n                labels: []\n                masters: []\n                uuids:\n                - b9891c8d-ea25-4ffe-a297-ceaa50b9e1f4\n            model: null\n            partitions: {}\n            removable: '0'\n            rotational: '1'\n            sas_address: null\n            sas_device_handle: null\n            scheduler_mode: ''\n            sectors: '2097152'\n            sectorsize: '512'\n            size: 1.00 GB\n            support_discard: '0'\n            vendor: null\n            virtual: 1\n        sr0:\n            holders: []\n            host: 'IDE interface: Intel Corporation 82371SB PIIX3 IDE [Natoma/Triton\n                II]'\n            links:\n                ids:\n                - ata-QEMU_DVD-ROM_QM00001\n                labels: []\n                masters: []\n                uuids: []\n            model: QEMU DVD-ROM\n            partitions: {}\n            removable: '1'\n            rotational: '1'\n            sas_address: null\n            sas_device_handle: null\n            scheduler_mode: deadline\n            sectors: '2097151'\n            sectorsize: '512'\n            size: 1024.00 MB\n            support_discard: '0'\n            vendor: QEMU\n            virtual: 1\n        vda:\n            holders: []\n            host: 'SCSI storage controller: Red Hat, Inc. Virtio block device'\n            links:\n                ids: []\n                labels: []\n                masters: []\n                uuids: []\n            model: null\n            partitions:\n                vda1:\n                    holders: []\n                    links:\n                        ids: []\n                        labels:\n                        - boot\n                        masters: []\n                        uuids:\n                        - 80b418f6-90e7-4505-aaa5-2e111b00f4e3\n                    sectors: '2097152'\n                    sectorsize: 512\n                    size: 1.00 GB\n                    start: '2048'\n                    uuid: 80b418f6-90e7-4505-aaa5-2e111b00f4e3\n                vda2:\n                    holders:\n                    - centos701-root\n                    - centos701-swap\n                    links:\n                        ids:\n                        - lvm-pv-uuid-XrCF0H-F7Kr-UJMh-I4PR-iWKm-vMei-M0cBa5\n                        labels: []\n                        masters:\n                        - dm-0\n                        - dm-1\n                        uuids: []\n                    sectors: '60815360'\n                    sectorsize: 512\n                    size: 29.00 GB\n                    start: '2099200'\n                    uuid: null\n            removable: '0'\n            rotational: '1'\n            sas_address: null\n            sas_device_handle: null\n            scheduler_mode: mq-deadline\n            sectors: '62914560'\n            sectorsize: '512'\n            size: 30.00 GB\n            support_discard: '0'\n            vendor: '0x1af4'\n            virtual: 1\n    distribution: CentOS\n    distribution_file_parsed: true\n    distribution_file_path: /etc/redhat-release\n    distribution_file_variety: RedHat\n    distribution_major_version: '7'\n    distribution_release: Core\n    distribution_version: 7.5.1804\n    dns:\n        nameservers:\n        - 192.168.35.100\n        - fd30:8855:cad5::1:1:100\n        search:\n        - workstation.rotthoff.home\n        - rotthoff.home\n    domain: workstation.rotthoff.home\n    effective_group_id: 1000\n    effective_user_id: 1000\n    env:\n        HOME: /home/mdrotthoff\n        LANG: en_US.UTF-8\n        LESSOPEN: '||/usr/bin/lesspipe.sh %s'\n        LOGNAME: mdrotthoff\n        LS_COLORS: 'rs=0:di=38;5;27:ln=38;5;51:mh=44;38;5;15:pi=40;38;5;11:so=38;5;13:do=38;5;5:bd=48;5;232;38;5;11:cd=48;5;232;38;5;3:or=48;5;232;38;5;9:mi=05;48;5;232;38;5;15:su=48;5;196;38;5;15:sg=48;5;11;38;5;16:ca=48;5;196;38;5;226:tw=48;5;10;38;5;16:ow=48;5;10;38;5;21:st=48;5;21;38;5;15:ex=38;5;34:*.tar=38;5;9:*.tgz=38;5;9:*.arc=38;5;9:*.arj=38;5;9:*.taz=38;5;9:*.lha=38;5;9:*.lz4=38;5;9:*.lzh=38;5;9:*.lzma=38;5;9:*.tlz=38;5;9:*.txz=38;5;9:*.tzo=38;5;9:*.t7z=38;5;9:*.zip=38;5;9:*.z=38;5;9:*.Z=38;5;9:*.dz=38;5;9:*.gz=38;5;9:*.lrz=38;5;9:*.lz=38;5;9:*.lzo=38;5;9:*.xz=38;5;9:*.bz2=38;5;9:*.bz=38;5;9:*.tbz=38;5;9:*.tbz2=38;5;9:*.tz=38;5;9:*.deb=38;5;9:*.rpm=38;5;9:*.jar=38;5;9:*.war=38;5;9:*.ear=38;5;9:*.sar=38;5;9:*.rar=38;5;9:*.alz=38;5;9:*.ace=38;5;9:*.zoo=38;5;9:*.cpio=38;5;9:*.7z=38;5;9:*.rz=38;5;9:*.cab=38;5;9:*.jpg=38;5;13:*.jpeg=38;5;13:*.gif=38;5;13:*.bmp=38;5;13:*.pbm=38;5;13:*.pgm=38;5;13:*.ppm=38;5;13:*.tga=38;5;13:*.xbm=38;5;13:*.xpm=38;5;13:*.tif=38;5;13:*.tiff=38;5;13:*.png=38;5;13:*.svg=38;5;13:*.svgz=38;5;13:*.mng=38;5;13:*.pcx=38;5;13:*.mov=38;5;13:*.mpg=38;5;13:*.mpeg=38;5;13:*.m2v=38;5;13:*.mkv=38;5;13:*.webm=38;5;13:*.ogm=38;5;13:*.mp4=38;5;13:*.m4v=38;5;13:*.mp4v=38;5;13:*.vob=38;5;13:*.qt=38;5;13:*.nuv=38;5;13:*.wmv=38;5;13:*.asf=38;5;13:*.rm=38;5;13:*.rmvb=38;5;13:*.flc=38;5;13:*.avi=38;5;13:*.fli=38;5;13:*.flv=38;5;13:*.gl=38;5;13:*.dl=38;5;13:*.xcf=38;5;13:*.xwd=38;5;13:*.yuv=38;5;13:*.cgm=38;5;13:*.emf=38;5;13:*.axv=38;5;13:*.anx=38;5;13:*.ogv=38;5;13:*.ogx=38;5;13:*.aac=38;5;45:*.au=38;5;45:*.flac=38;5;45:*.mid=38;5;45:*.midi=38;5;45:*.mka=38;5;45:*.mp3=38;5;45:*.mpc=38;5;45:*.ogg=38;5;45:*.ra=38;5;45:*.wav=38;5;45:*.axa=38;5;45:*.oga=38;5;45:*.spx=38;5;45:*.xspf=38;5;45:'\n        MAIL: /var/mail/mdrotthoff\n        PATH: /usr/local/bin:/usr/bin\n        PWD: /home/mdrotthoff\n        SELINUX_LEVEL_REQUESTED: ''\n        SELINUX_ROLE_REQUESTED: ''\n        SELINUX_USE_CURRENT_RANGE: ''\n        SHELL: /bin/bash\n        SHLVL: '2'\n        SSH_CLIENT: fd30:8855:cad5::1:1:100 40918 22\n        SSH_CONNECTION: fd30:8855:cad5::1:1:100 40918 fd30:8855:cad5::1:1:107 22\n        SSH_TTY: /dev/pts/0\n        TERM: xterm-256color\n        USER: mdrotthoff\n        XDG_RUNTIME_DIR: /run/user/1000\n        XDG_SESSION_ID: '67'\n        XMODIFIERS: '@im=ibus'\n        _: /usr/bin/python\n    eth0:\n        active: true\n        device: eth0\n        features:\n            busy_poll: off [fixed]\n            fcoe_mtu: off [fixed]\n            generic_receive_offload: 'on'\n            generic_segmentation_offload: 'on'\n            highdma: on [fixed]\n            hw_tc_offload: off [fixed]\n            l2_fwd_offload: off [fixed]\n            large_receive_offload: off [fixed]\n            loopback: off [fixed]\n            netns_local: off [fixed]\n            ntuple_filters: off [fixed]\n            receive_hashing: off [fixed]\n            rx_all: off [fixed]\n            rx_checksumming: on [fixed]\n            rx_fcs: off [fixed]\n            rx_udp_tunnel_port_offload: off [fixed]\n            rx_vlan_filter: on [fixed]\n            rx_vlan_offload: off [fixed]\n            rx_vlan_stag_filter: off [fixed]\n            rx_vlan_stag_hw_parse: off [fixed]\n            scatter_gather: 'on'\n            tcp_segmentation_offload: 'on'\n            tx_checksum_fcoe_crc: off [fixed]\n            tx_checksum_ip_generic: 'on'\n            tx_checksum_ipv4: off [fixed]\n            tx_checksum_ipv6: off [fixed]\n            tx_checksum_sctp: off [fixed]\n            tx_checksumming: 'on'\n            tx_fcoe_segmentation: off [fixed]\n            tx_gre_csum_segmentation: off [fixed]\n            tx_gre_segmentation: off [fixed]\n            tx_gso_partial: off [fixed]\n            tx_gso_robust: off [fixed]\n            tx_ipip_segmentation: off [fixed]\n            tx_lockless: off [fixed]\n            tx_nocache_copy: 'off'\n            tx_scatter_gather: 'on'\n            tx_scatter_gather_fraglist: off [fixed]\n            tx_sctp_segmentation: off [fixed]\n            tx_sit_segmentation: off [fixed]\n            tx_tcp6_segmentation: 'on'\n            tx_tcp_ecn_segmentation: 'on'\n            tx_tcp_mangleid_segmentation: 'off'\n            tx_tcp_segmentation: 'on'\n            tx_udp_tnl_csum_segmentation: off [fixed]\n            tx_udp_tnl_segmentation: off [fixed]\n            tx_vlan_offload: off [fixed]\n            tx_vlan_stag_hw_insert: off [fixed]\n            udp_fragmentation_offload: 'on'\n            vlan_challenged: off [fixed]\n        hw_timestamp_filters: []\n        ipv4:\n            address: 192.168.35.107\n            broadcast: 192.168.35.255\n            netmask: 255.255.255.0\n            network: 192.168.35.0\n        ipv6:\n        -   address: fd30:8855:cad5::1:1:107\n            prefix: '64'\n            scope: global\n        macaddress: 52:54:00:b5:50:eb\n        module: virtio_net\n        mtu: 1500\n        pciid: virtio0\n        promisc: false\n        timestamping:\n        - rx_software\n        - software\n        type: ether\n    fips: false\n    form_factor: Other\n    fqdn: centos7.workstation.rotthoff.home\n    gather_subset:\n    - all\n    hostname: centos7\n    interfaces:\n    - lo\n    - eth0\n    is_chroot: false\n    kernel: 3.10.0-862.2.3.el7.x86_64\n    lo:\n        active: true\n        device: lo\n        features:\n            busy_poll: off [fixed]\n            fcoe_mtu: off [fixed]\n            generic_receive_offload: 'on'\n            generic_segmentation_offload: 'on'\n            highdma: on [fixed]\n            hw_tc_offload: off [fixed]\n            l2_fwd_offload: off [fixed]\n            large_receive_offload: off [fixed]\n            loopback: on [fixed]\n            netns_local: on [fixed]\n            ntuple_filters: off [fixed]\n            receive_hashing: off [fixed]\n            rx_all: off [fixed]\n            rx_checksumming: on [fixed]\n            rx_fcs: off [fixed]\n            rx_udp_tunnel_port_offload: off [fixed]\n            rx_vlan_filter: off [fixed]\n            rx_vlan_offload: off [fixed]\n            rx_vlan_stag_filter: off [fixed]\n            rx_vlan_stag_hw_parse: off [fixed]\n            scatter_gather: 'on'\n            tcp_segmentation_offload: 'on'\n            tx_checksum_fcoe_crc: off [fixed]\n            tx_checksum_ip_generic: on [fixed]\n            tx_checksum_ipv4: off [fixed]\n            tx_checksum_ipv6: off [fixed]\n            tx_checksum_sctp: on [fixed]\n            tx_checksumming: 'on'\n            tx_fcoe_segmentation: off [fixed]\n            tx_gre_csum_segmentation: off [fixed]\n            tx_gre_segmentation: off [fixed]\n            tx_gso_partial: off [fixed]\n            tx_gso_robust: off [fixed]\n            tx_ipip_segmentation: off [fixed]\n            tx_lockless: on [fixed]\n            tx_nocache_copy: off [fixed]\n            tx_scatter_gather: on [fixed]\n            tx_scatter_gather_fraglist: on [fixed]\n            tx_sctp_segmentation: 'on'\n            tx_sit_segmentation: off [fixed]\n            tx_tcp6_segmentation: 'on'\n            tx_tcp_ecn_segmentation: 'on'\n            tx_tcp_mangleid_segmentation: 'on'\n            tx_tcp_segmentation: 'on'\n            tx_udp_tnl_csum_segmentation: off [fixed]\n            tx_udp_tnl_segmentation: off [fixed]\n            tx_vlan_offload: off [fixed]\n            tx_vlan_stag_hw_insert: off [fixed]\n            udp_fragmentation_offload: 'on'\n            vlan_challenged: on [fixed]\n        hw_timestamp_filters: []\n        ipv4:\n            address: 127.0.0.1\n            broadcast: host\n            netmask: 255.0.0.0\n            network: 127.0.0.0\n        ipv6:\n        -   address: ::1\n            prefix: '128'\n            scope: host\n        mtu: 65536\n        promisc: false\n        timestamping:\n        - rx_software\n        - software\n        type: loopback\n    lsb: {}\n    machine: x86_64\n    machine_id: f7105fe63d2149e996ae02b6d6c6649d\n    memfree_mb: 247\n    memory_mb:\n        nocache:\n            free: 352\n            used: 135\n        real:\n            free: 247\n            total: 487\n            used: 240\n        swap:\n            cached: 0\n            free: 1023\n            total: 1023\n            used: 0\n    memtotal_mb: 487\n    module_setup: true\n    mounts:\n    -   block_available: 6496869\n        block_size: 4096\n        block_total: 7190025\n        block_used: 693156\n        device: /dev/mapper/centos701-root\n        fstype: ext4\n        inode_available: 1800505\n        inode_total: 1835008\n        inode_used: 34503\n        mount: /\n        options: rw,seclabel,relatime,data=ordered\n        size_available: 26611175424\n        size_total: 29450342400\n        uuid: 0e4607ca-0d27-4b43-858a-4a9834a13a5c\n    -   block_available: 199569\n        block_size: 4096\n        block_total: 249830\n        block_used: 50261\n        device: /dev/vda1\n        fstype: ext4\n        inode_available: 65196\n        inode_total: 65536\n        inode_used: 340\n        mount: /boot\n        options: rw,seclabel,relatime,data=ordered\n        size_available: 817434624\n        size_total: 1023303680\n        uuid: 80b418f6-90e7-4505-aaa5-2e111b00f4e3\n    nodename: centos7.workstation.rotthoff.home\n    os_family: RedHat\n    pkg_mgr: yum\n    processor:\n    - '0'\n    - GenuineIntel\n    - Intel Core Processor (Skylake)\n    processor_cores: 1\n    processor_count: 1\n    processor_threads_per_core: 1\n    processor_vcpus: 1\n    product_name: Standard PC (i440FX + PIIX, 1996)\n    product_serial: NA\n    product_uuid: NA\n    product_version: pc-i440fx-2.10\n    python:\n        executable: /usr/bin/python\n        has_sslcontext: true\n        type: CPython\n        version:\n            major: 2\n            micro: 5\n            minor: 7\n            releaselevel: final\n            serial: 0\n        version_info:\n        - 2\n        - 7\n        - 5\n        - final\n        - 0\n    python_version: 2.7.5\n    real_group_id: 1000\n    real_user_id: 1000\n    selinux:\n        config_mode: enforcing\n        mode: enforcing\n        policyvers: 31\n        status: enabled\n        type: targeted\n    selinux_python_present: true\n    service_mgr: systemd\n    ssh_host_key_ecdsa_public: AAAAE2VjZHNhLXNoYTItbmlzdHAyNTYAAAAIbmlzdHAyNTYAAABBBGXC4RmSXdThkLyegDrl3S1oi53veQVIpu8lgKllG2LT5AYg4yrNWNLmkJj+rP2BeHWlMxn8wn1S0qKzOOA2aH0=\n    ssh_host_key_ed25519_public: AAAAC3NzaC1lZDI1NTE5AAAAIDhH4vesuyA9XsVl4sYMYy9GC4LXuKV2wd3YDSwTyhK2\n    ssh_host_key_rsa_public: AAAAB3NzaC1yc2EAAAADAQABAAABAQC0b2vZ1IjBppLrVsnkrAecWcqhPkGR2/8It2xu76qjnLTp6b2mx8XfOaNk/ST50UKW3B+9EFbRXsE7XJONO4o015KquKgLoVdZOh3UUS3bXFOSWa3pdTzjeDmjGKwmkfKDlKAt8qquRH5Z+IOX49n781suHXOLSzKoiL/9OPh3dFnfdZP8dhWw6r0PpP5erR/BFS3n1XCXs4/T4ifmPp0lxX3kooA2JX/cCDJxmYquaVSY9SD6OOKaR0Xmq4mNlcLk0s1wCn4rfh5GBiLceBKjq8+hkd+bbrpKIytT31NtEmJ1sO/YkmkUdFcSDIFGI+G5YaIXS4ZVYeYapR8kycJF\n    swapfree_mb: 1023\n    swaptotal_mb: 1023\n    system: Linux\n    system_capabilities:\n    - ''\n    system_capabilities_enforced: 'True'\n    system_vendor: QEMU\n    uptime_seconds: 25967\n    user_dir: /home/mdrotthoff\n    user_gecos: David Rotthoff\n    user_gid: 1000\n    user_id: mdrotthoff\n    user_shell: /bin/bash\n    user_uid: 1000\n    userspace_architecture: x86_64\n    userspace_bits: '64'\n    virtualization_role: guest\n    virtualization_type: kvm\nansible_fips: false\nansible_forks: 5\nansible_form_factor: Other\nansible_fqdn: centos7.workstation.rotthoff.home\nansible_hostname: centos7\nansible_interfaces:\n- lo\n- eth0\nansible_inventory_sources:\n- /home/mdrotthoff/workspaces/mdrotthoff.ansible/ansible/roles/mdrotthoff.sshknownhosts/tests/inventory\nansible_is_chroot: false\nansible_kernel: 3.10.0-862.2.3.el7.x86_64\nansible_lo:\n    active: true\n    device: lo\n    features:\n        busy_poll: off [fixed]\n        fcoe_mtu: off [fixed]\n        generic_receive_offload: 'on'\n        generic_segmentation_offload: 'on'\n        highdma: on [fixed]\n        hw_tc_offload: off [fixed]\n        l2_fwd_offload: off [fixed]\n        large_receive_offload: off [fixed]\n        loopback: on [fixed]\n        netns_local: on [fixed]\n        ntuple_filters: off [fixed]\n        receive_hashing: off [fixed]\n        rx_all: off [fixed]\n        rx_checksumming: on [fixed]\n        rx_fcs: off [fixed]\n        rx_udp_tunnel_port_offload: off [fixed]\n        rx_vlan_filter: off [fixed]\n        rx_vlan_offload: off [fixed]\n        rx_vlan_stag_filter: off [fixed]\n        rx_vlan_stag_hw_parse: off [fixed]\n        scatter_gather: 'on'\n        tcp_segmentation_offload: 'on'\n        tx_checksum_fcoe_crc: off [fixed]\n        tx_checksum_ip_generic: on [fixed]\n        tx_checksum_ipv4: off [fixed]\n        tx_checksum_ipv6: off [fixed]\n        tx_checksum_sctp: on [fixed]\n        tx_checksumming: 'on'\n        tx_fcoe_segmentation: off [fixed]\n        tx_gre_csum_segmentation: off [fixed]\n        tx_gre_segmentation: off [fixed]\n        tx_gso_partial: off [fixed]\n        tx_gso_robust: off [fixed]\n        tx_ipip_segmentation: off [fixed]\n        tx_lockless: on [fixed]\n        tx_nocache_copy: off [fixed]\n        tx_scatter_gather: on [fixed]\n        tx_scatter_gather_fraglist: on [fixed]\n        tx_sctp_segmentation: 'on'\n        tx_sit_segmentation: off [fixed]\n        tx_tcp6_segmentation: 'on'\n        tx_tcp_ecn_segmentation: 'on'\n        tx_tcp_mangleid_segmentation: 'on'\n        tx_tcp_segmentation: 'on'\n        tx_udp_tnl_csum_segmentation: off [fixed]\n        tx_udp_tnl_segmentation: off [fixed]\n        tx_vlan_offload: off [fixed]\n        tx_vlan_stag_hw_insert: off [fixed]\n        udp_fragmentation_offload: 'on'\n        vlan_challenged: on [fixed]\n    hw_timestamp_filters: []\n    ipv4:\n        address: 127.0.0.1\n        broadcast: host\n        netmask: 255.0.0.0\n        network: 127.0.0.0\n    ipv6:\n    -   address: ::1\n        prefix: '128'\n        scope: host\n    mtu: 65536\n    promisc: false\n    timestamping:\n    - rx_software\n    - software\n    type: loopback\nansible_local: {}\nansible_lsb: {}\nansible_machine: x86_64\nansible_machine_id: f7105fe63d2149e996ae02b6d6c6649d\nansible_memfree_mb: 247\nansible_memory_mb:\n    nocache:\n        free: 352\n        used: 135\n    real:\n        free: 247\n        total: 487\n        used: 240\n    swap:\n        cached: 0\n        free: 1023\n        total: 1023\n        used: 0\nansible_memtotal_mb: 487\nansible_mounts:\n-   block_available: 6496869\n    block_size: 4096\n    block_total: 7190025\n    block_used: 693156\n    device: /dev/mapper/centos701-root\n    fstype: ext4\n    inode_available: 1800505\n    inode_total: 1835008\n    inode_used: 34503\n    mount: /\n    options: rw,seclabel,relatime,data=ordered\n    size_available: 26611175424\n    size_total: 29450342400\n    uuid: 0e4607ca-0d27-4b43-858a-4a9834a13a5c\n-   block_available: 199569\n    block_size: 4096\n    block_total: 249830\n    block_used: 50261\n    device: /dev/vda1\n    fstype: ext4\n    inode_available: 65196\n    inode_total: 65536\n    inode_used: 340\n    mount: /boot\n    options: rw,seclabel,relatime,data=ordered\n    size_available: 817434624\n    size_total: 1023303680\n    uuid: 80b418f6-90e7-4505-aaa5-2e111b00f4e3\nansible_nodename: centos7.workstation.rotthoff.home\nansible_os_family: RedHat\nansible_pkg_mgr: yum\nansible_playbook_python: /usr/bin/python2\nansible_processor:\n- '0'\n- GenuineIntel\n- Intel Core Processor (Skylake)\nansible_processor_cores: 1\nansible_processor_count: 1\nansible_processor_threads_per_core: 1\nansible_processor_vcpus: 1\nansible_product_name: Standard PC (i440FX + PIIX, 1996)\nansible_product_serial: NA\nansible_product_uuid: NA\nansible_product_version: pc-i440fx-2.10\nansible_python:\n    executable: /usr/bin/python\n    has_sslcontext: true\n    type: CPython\n    version:\n        major: 2\n        micro: 5\n        minor: 7\n        releaselevel: final\n        serial: 0\n    version_info:\n    - 2\n    - 7\n    - 5\n    - final\n    - 0\nansible_python_version: 2.7.5\nansible_real_group_id: 1000\nansible_real_user_id: 1000\nansible_run_tags:\n- all\nansible_selinux:\n    config_mode: enforcing\n    mode: enforcing\n    policyvers: 31\n    status: enabled\n    type: targeted\nansible_selinux_python_present: true\nansible_service_mgr: systemd\nansible_skip_tags: []\nansible_ssh_host_key_ecdsa_public: AAAAE2VjZHNhLXNoYTItbmlzdHAyNTYAAAAIbmlzdHAyNTYAAABBBGXC4RmSXdThkLyegDrl3S1oi53veQVIpu8lgKllG2LT5AYg4yrNWNLmkJj+rP2BeHWlMxn8wn1S0qKzOOA2aH0=\nansible_ssh_host_key_ed25519_public: AAAAC3NzaC1lZDI1NTE5AAAAIDhH4vesuyA9XsVl4sYMYy9GC4LXuKV2wd3YDSwTyhK2\nansible_ssh_host_key_rsa_public: AAAAB3NzaC1yc2EAAAADAQABAAABAQC0b2vZ1IjBppLrVsnkrAecWcqhPkGR2/8It2xu76qjnLTp6b2mx8XfOaNk/ST50UKW3B+9EFbRXsE7XJONO4o015KquKgLoVdZOh3UUS3bXFOSWa3pdTzjeDmjGKwmkfKDlKAt8qquRH5Z+IOX49n781suHXOLSzKoiL/9OPh3dFnfdZP8dhWw6r0PpP5erR/BFS3n1XCXs4/T4ifmPp0lxX3kooA2JX/cCDJxmYquaVSY9SD6OOKaR0Xmq4mNlcLk0s1wCn4rfh5GBiLceBKjq8+hkd+bbrpKIytT31NtEmJ1sO/YkmkUdFcSDIFGI+G5YaIXS4ZVYeYapR8kycJF\nansible_swapfree_mb: 1023\nansible_swaptotal_mb: 1023\nansible_system: Linux\nansible_system_capabilities:\n- ''\nansible_system_capabilities_enforced: 'True'\nansible_system_vendor: QEMU\nansible_uptime_seconds: 25967\nansible_user_dir: /home/mdrotthoff\nansible_user_gecos: David Rotthoff\nansible_user_gid: 1000\nansible_user_id: mdrotthoff\nansible_user_shell: /bin/bash\nansible_user_uid: 1000\nansible_userspace_architecture: x86_64\nansible_userspace_bits: '64'\nansible_version:\n    full: 2.5.2\n    major: 2\n    minor: 5\n    revision: 2\n    string: 2.5.2\nansible_virtualization_role: guest\nansible_virtualization_type: kvm\ngather_subset:\n- all\ngroup_names:\n- ungrouped\ngroups:\n    all:\n    - localhost\n    - centos7.workstation.rotthoff.home\n    ungrouped:\n    - localhost\n    - centos7.workstation.rotthoff.home\ninventory_dir: /home/mdrotthoff/workspaces/mdrotthoff.ansible/ansible/roles/mdrotthoff.sshknownhosts/tests\ninventory_file: /home/mdrotthoff/workspaces/mdrotthoff.ansible/ansible/roles/mdrotthoff.sshknownhosts/tests/inventory\ninventory_hostname: centos7.workstation.rotthoff.home\ninventory_hostname_short: centos7\nmodule_setup: true\nomit: __omit_place_holder__7e020ccd5286ab844e3150a96bea73d20f910945\nplaybook_dir: /home/mdrotthoff/workspaces/mdrotthoff.ansible/ansible/roles/mdrotthoff.sshknownhosts/tests\nssh_key_data:\n    host_aliases:\n    - centos7\n    hostname: centos7.workstation.rotthoff.home\n    ipv4_addresses:\n    - 192.168.35.107\n    ipv6_addresses:\n    - fd30:8855:cad5::1:1:107\n    - fe80::84d3:8755:bc04:eb41\n    key_data:\n    -   enctype: ecdsa-sha2-nistp256\n        fingerprint: AAAAE2VjZHNhLXNoYTItbmlzdHAyNTYAAAAIbmlzdHAyNTYAAABBBGXC4RmSXdThkLyegDrl3S1oi53veQVIpu8lgKllG2LT5AYg4yrNWNLmkJj+rP2BeHWlMxn8wn1S0qKzOOA2aH0=\n    -   enctype: ssh-rsa\n        fingerprint: AAAAB3NzaC1yc2EAAAADAQABAAABAQC0b2vZ1IjBppLrVsnkrAecWcqhPkGR2/8It2xu76qjnLTp6b2mx8XfOaNk/ST50UKW3B+9EFbRXsE7XJONO4o015KquKgLoVdZOh3UUS3bXFOSWa3pdTzjeDmjGKwmkfKDlKAt8qquRH5Z+IOX49n781suHXOLSzKoiL/9OPh3dFnfdZP8dhWw6r0PpP5erR/BFS3n1XCXs4/T4ifmPp0lxX3kooA2JX/cCDJxmYquaVSY9SD6OOKaR0Xmq4mNlcLk0s1wCn4rfh5GBiLceBKjq8+hkd+bbrpKIytT31NtEmJ1sO/YkmkUdFcSDIFGI+G5YaIXS4ZVYeYapR8kycJF\n    -   enctype: ssh-ed25519\n        fingerprint: AAAAC3NzaC1lZDI1NTE5AAAAIDhH4vesuyA9XsVl4sYMYy9GC4LXuKV2wd3YDSwTyhK2\nsshknownhosts_aliases:\n- centos7\n- 192.168.35.107\n- fd30:8855:cad5::1:1:107\n- fe80::84d3:8755:bc04:eb41\nsshknownhosts_hostname: centos7.workstation.rotthoff.home\nsshknownhosts_key_data:\n-   enctype: ecdsa-sha2-nistp256\n    fingerprint: AAAAE2VjZHNhLXNoYTItbmlzdHAyNTYAAAAIbmlzdHAyNTYAAABBBGXC4RmSXdThkLyegDrl3S1oi53veQVIpu8lgKllG2LT5AYg4yrNWNLmkJj+rP2BeHWlMxn8wn1S0qKzOOA2aH0=\n-   enctype: ssh-rsa\n    fingerprint: AAAAB3NzaC1yc2EAAAADAQABAAABAQC0b2vZ1IjBppLrVsnkrAecWcqhPkGR2/8It2xu76qjnLTp6b2mx8XfOaNk/ST50UKW3B+9EFbRXsE7XJONO4o015KquKgLoVdZOh3UUS3bXFOSWa3pdTzjeDmjGKwmkfKDlKAt8qquRH5Z+IOX49n781suHXOLSzKoiL/9OPh3dFnfdZP8dhWw6r0PpP5erR/BFS3n1XCXs4/T4ifmPp0lxX3kooA2JX/cCDJxmYquaVSY9SD6OOKaR0Xmq4mNlcLk0s1wCn4rfh5GBiLceBKjq8+hkd+bbrpKIytT31NtEmJ1sO/YkmkUdFcSDIFGI+G5YaIXS4ZVYeYapR8kycJF\n-   enctype: ssh-ed25519\n    fingerprint: AAAAC3NzaC1lZDI1NTE5AAAAIDhH4vesuyA9XsVl4sYMYy9GC4LXuKV2wd3YDSwTyhK2\nsshknownhosts_key_state: absent\n"
}

TASK [mdrotthoff.sshknownhosts : Process each hosts SSH key data] **************
included: /home/mdrotthoff/workspaces/mdrotthoff.ansible/ansible/roles/mdrotthoff.sshknownhosts/tasks/output-known-hosts.yml for localhost
included: /home/mdrotthoff/workspaces/mdrotthoff.ansible/ansible/roles/mdrotthoff.sshknownhosts/tasks/output-known-hosts.yml for localhost

TASK [mdrotthoff.sshknownhosts : Display the variable ssh_key_state] ***********
fatal: [localhost]: FAILED! => {"msg": "The task includes an option with an undefined variable. The error was: 'dict object' has no attribute 'sshknownhosts_key_state'\n\nThe error appears to have been in '/home/mdrotthoff/workspaces/mdrotthoff.ansible/ansible/roles/mdrotthoff.sshknownhosts/tasks/output-known-hosts.yml': line 15, column 3, but may\nbe elsewhere in the file depending on the exact syntax problem.\n\nThe offending line appears to be:\n\n\n- name: Display the variable ssh_key_state\n  ^ here\n"}
	to retry, use: --limit @/home/mdrotthoff/workspaces/mdrotthoff.ansible/ansible/roles/mdrotthoff.sshknownhosts/tests/sshknownhosts.retry

PLAY RECAP *********************************************************************
centos7.workstation.rotthoff.home : ok=11   changed=0    unreachable=0    failed=0   
localhost                  : ok=13   changed=0    unreachable=0    failed=1   


**** Resulting directory tree ****
facts
└── known_hosts

0 directories, 1 file
